###############################################################################
#
# IAR ELF Linker V7.30.3.8024/W32 for ARM                 17/Sep/2015  20:05:26
# Copyright 2007-2014 IAR Systems AB.
#
#    Output file  =  
#        F:\clor_led\Build\COM.MXCHIP.BASIC\Output\MiCOKit-3162\COM.MXCHIP.BASIC.out
#    Map file     =  
#        F:\clor_led\Build\COM.MXCHIP.BASIC\MiCOKit-3162\list_EWARM\COM.MXCHIP.BASIC.map
#    Command line =  
#        F:\clor_led\Build\COM.MXCHIP.BASIC\MiCOKit-3162\obj_EWARM\AESUtils.o
#        F:\clor_led\Build\COM.MXCHIP.BASIC\MiCOKit-3162\obj_EWARM\arraylist.o
#        F:\clor_led\Build\COM.MXCHIP.BASIC\MiCOKit-3162\obj_EWARM\CheckSumUtils.o
#        F:\clor_led\Build\COM.MXCHIP.BASIC\MiCOKit-3162\obj_EWARM\config_server.o
#        F:\clor_led\Build\COM.MXCHIP.BASIC\MiCOKit-3162\obj_EWARM\config_server_menu.o
#        F:\clor_led\Build\COM.MXCHIP.BASIC\MiCOKit-3162\obj_EWARM\crt0_EWARM.o
#        F:\clor_led\Build\COM.MXCHIP.BASIC\MiCOKit-3162\obj_EWARM\debug.o
#        F:\clor_led\Build\COM.MXCHIP.BASIC\MiCOKit-3162\obj_EWARM\fogCloud.o
#        F:\clor_led\libraries\protocols\fog_cloud\FogCloud_cm3_release.a
#        F:\clor_led\Build\COM.MXCHIP.BASIC\MiCOKit-3162\obj_EWARM\hardfault.o
#        F:\clor_led\Build\COM.MXCHIP.BASIC\MiCOKit-3162\obj_EWARM\HTTPUtils.o
#        F:\clor_led\Build\COM.MXCHIP.BASIC\MiCOKit-3162\obj_EWARM\json_object.o
#        F:\clor_led\Build\COM.MXCHIP.BASIC\MiCOKit-3162\obj_EWARM\json_tokener.o
#        F:\clor_led\Build\COM.MXCHIP.BASIC\MiCOKit-3162\obj_EWARM\json_util.o
#        F:\clor_led\Build\COM.MXCHIP.BASIC\MiCOKit-3162\obj_EWARM\kv.o
#        F:\clor_led\Build\COM.MXCHIP.BASIC\MiCOKit-3162\obj_EWARM\linkhash.o
#        F:\clor_led\MICO\system\easylink\MFi_WAC_CM3_Debug.a
#        F:\clor_led\MICO\system\easylink\MFi_WAC_CM3_Release.a
#        F:\clor_led\Build\COM.MXCHIP.BASIC\MiCOKit-3162\obj_EWARM\mico_cli.o
#        F:\clor_led\Build\COM.MXCHIP.BASIC\MiCOKit-3162\obj_EWARM\mico_config.o
#        F:\clor_led\Build\COM.MXCHIP.BASIC\MiCOKit-3162\obj_EWARM\mico_mdns.o
#        F:\clor_led\Build\COM.MXCHIP.BASIC\MiCOKit-3162\obj_EWARM\mico_platform_common.o
#        F:\clor_led\Build\COM.MXCHIP.BASIC\MiCOKit-3162\obj_EWARM\mico_system_init.o
#        F:\clor_led\Build\COM.MXCHIP.BASIC\MiCOKit-3162\obj_EWARM\mico_system_monitor.o
#        F:\clor_led\Build\COM.MXCHIP.BASIC\MiCOKit-3162\obj_EWARM\mico_system_notification.o
#        F:\clor_led\Build\COM.MXCHIP.BASIC\MiCOKit-3162\obj_EWARM\mico_system_para_storage.o
#        F:\clor_led\Build\COM.MXCHIP.BASIC\MiCOKit-3162\obj_EWARM\mico_system_power_daemon.o
#        F:\clor_led\Build\COM.MXCHIP.BASIC\MiCOKit-3162\obj_EWARM\MICOAppEntrance.o
#        F:\clor_led\Build\COM.MXCHIP.BASIC\MiCOKit-3162\obj_EWARM\MICOBonjour.o
#        F:\clor_led\Build\COM.MXCHIP.BASIC\MiCOKit-3162\obj_EWARM\MICOConfigDelegate.o
#        F:\clor_led\MICO\security\MicoCrypto.a
#        F:\clor_led\Platform\Drivers\MicoDriverMFiAuth\MicoDriverMFiAuth.a
#        F:\clor_led\Build\COM.MXCHIP.BASIC\MiCOKit-3162\obj_EWARM\MicoFogCloud.o
#        F:\clor_led\Build\COM.MXCHIP.BASIC\MiCOKit-3162\obj_EWARM\MicoFogCloudConfigServer.o
#        F:\clor_led\Build\COM.MXCHIP.BASIC\MiCOKit-3162\obj_EWARM\misc.o
#        F:\clor_led\MICO\core\mxchipWNet_cm3_sdio.a
#        F:\clor_led\Build\COM.MXCHIP.BASIC\MiCOKit-3162\obj_EWARM\paltform_rtc.o
#        F:\clor_led\Build\COM.MXCHIP.BASIC\MiCOKit-3162\obj_EWARM\platform.o
#        F:\clor_led\Build\COM.MXCHIP.BASIC\MiCOKit-3162\obj_EWARM\platform_adc.o
#        F:\clor_led\Build\COM.MXCHIP.BASIC\MiCOKit-3162\obj_EWARM\platform_flash.o
#        F:\clor_led\Build\COM.MXCHIP.BASIC\MiCOKit-3162\obj_EWARM\platform_gpio.o
#        F:\clor_led\Build\COM.MXCHIP.BASIC\MiCOKit-3162\obj_EWARM\platform_i2c.o
#        F:\clor_led\Build\COM.MXCHIP.BASIC\MiCOKit-3162\obj_EWARM\platform_init.o
#        F:\clor_led\Build\COM.MXCHIP.BASIC\MiCOKit-3162\obj_EWARM\platform_mcu_powersave.o
#        F:\clor_led\Build\COM.MXCHIP.BASIC\MiCOKit-3162\obj_EWARM\platform_pwm.o
#        F:\clor_led\Build\COM.MXCHIP.BASIC\MiCOKit-3162\obj_EWARM\platform_rng.o
#        F:\clor_led\Build\COM.MXCHIP.BASIC\MiCOKit-3162\obj_EWARM\platform_spi.o
#        F:\clor_led\Build\COM.MXCHIP.BASIC\MiCOKit-3162\obj_EWARM\platform_uart.o
#        F:\clor_led\Build\COM.MXCHIP.BASIC\MiCOKit-3162\obj_EWARM\platform_watchdog.o
#        F:\clor_led\Build\COM.MXCHIP.BASIC\MiCOKit-3162\obj_EWARM\printbuf.o
#        F:\clor_led\Build\COM.MXCHIP.BASIC\MiCOKit-3162\obj_EWARM\Retarget.o
#        F:\clor_led\Build\COM.MXCHIP.BASIC\MiCOKit-3162\obj_EWARM\RingBufferUtils.o
#        F:\clor_led\Build\COM.MXCHIP.BASIC\MiCOKit-3162\obj_EWARM\SecurityUtils.o
#        F:\clor_led\Build\COM.MXCHIP.BASIC\MiCOKit-3162\obj_EWARM\SHAUtils.o
#        F:\clor_led\Build\COM.MXCHIP.BASIC\MiCOKit-3162\obj_EWARM\SocketUtils.o
#        F:\clor_led\Build\COM.MXCHIP.BASIC\MiCOKit-3162\obj_EWARM\spi_flash.o
#        F:\clor_led\Build\COM.MXCHIP.BASIC\MiCOKit-3162\obj_EWARM\spi_flash_platform.o
#        F:\clor_led\Build\COM.MXCHIP.BASIC\MiCOKit-3162\obj_EWARM\startup_stm32f2xx_EWARM.o
#        F:\clor_led\Build\COM.MXCHIP.BASIC\MiCOKit-3162\obj_EWARM\stm32f2xx_adc.o
#        F:\clor_led\Build\COM.MXCHIP.BASIC\MiCOKit-3162\obj_EWARM\stm32f2xx_can.o
#        F:\clor_led\Build\COM.MXCHIP.BASIC\MiCOKit-3162\obj_EWARM\stm32f2xx_crc.o
#        F:\clor_led\Build\COM.MXCHIP.BASIC\MiCOKit-3162\obj_EWARM\stm32f2xx_cryp.o
#        F:\clor_led\Build\COM.MXCHIP.BASIC\MiCOKit-3162\obj_EWARM\stm32f2xx_cryp_aes.o
#        F:\clor_led\Build\COM.MXCHIP.BASIC\MiCOKit-3162\obj_EWARM\stm32f2xx_cryp_des.o
#        F:\clor_led\Build\COM.MXCHIP.BASIC\MiCOKit-3162\obj_EWARM\stm32f2xx_cryp_tdes.o
#        F:\clor_led\Build\COM.MXCHIP.BASIC\MiCOKit-3162\obj_EWARM\stm32f2xx_dac.o
#        F:\clor_led\Build\COM.MXCHIP.BASIC\MiCOKit-3162\obj_EWARM\stm32f2xx_dbgmcu.o
#        F:\clor_led\Build\COM.MXCHIP.BASIC\MiCOKit-3162\obj_EWARM\stm32f2xx_dcmi.o
#        F:\clor_led\Build\COM.MXCHIP.BASIC\MiCOKit-3162\obj_EWARM\stm32f2xx_dma.o
#        F:\clor_led\Build\COM.MXCHIP.BASIC\MiCOKit-3162\obj_EWARM\stm32f2xx_exti.o
#        F:\clor_led\Build\COM.MXCHIP.BASIC\MiCOKit-3162\obj_EWARM\stm32f2xx_flash.o
#        F:\clor_led\Build\COM.MXCHIP.BASIC\MiCOKit-3162\obj_EWARM\stm32f2xx_fsmc.o
#        F:\clor_led\Build\COM.MXCHIP.BASIC\MiCOKit-3162\obj_EWARM\stm32f2xx_gpio.o
#        F:\clor_led\Build\COM.MXCHIP.BASIC\MiCOKit-3162\obj_EWARM\stm32f2xx_hal.o
#        F:\clor_led\Build\COM.MXCHIP.BASIC\MiCOKit-3162\obj_EWARM\stm32f2xx_hal_hcd.o
#        F:\clor_led\Build\COM.MXCHIP.BASIC\MiCOKit-3162\obj_EWARM\stm32f2xx_hash.o
#        F:\clor_led\Build\COM.MXCHIP.BASIC\MiCOKit-3162\obj_EWARM\stm32f2xx_hash_md5.o
#        F:\clor_led\Build\COM.MXCHIP.BASIC\MiCOKit-3162\obj_EWARM\stm32f2xx_hash_sha1.o
#        F:\clor_led\Build\COM.MXCHIP.BASIC\MiCOKit-3162\obj_EWARM\stm32f2xx_i2c.o
#        F:\clor_led\Build\COM.MXCHIP.BASIC\MiCOKit-3162\obj_EWARM\stm32f2xx_iwdg.o
#        F:\clor_led\Build\COM.MXCHIP.BASIC\MiCOKit-3162\obj_EWARM\stm32f2xx_ll_usb.o
#        F:\clor_led\Build\COM.MXCHIP.BASIC\MiCOKit-3162\obj_EWARM\stm32f2xx_pwr.o
#        F:\clor_led\Build\COM.MXCHIP.BASIC\MiCOKit-3162\obj_EWARM\stm32f2xx_rcc.o
#        F:\clor_led\Build\COM.MXCHIP.BASIC\MiCOKit-3162\obj_EWARM\stm32f2xx_rng.o
#        F:\clor_led\Build\COM.MXCHIP.BASIC\MiCOKit-3162\obj_EWARM\stm32f2xx_rtc.o
#        F:\clor_led\Build\COM.MXCHIP.BASIC\MiCOKit-3162\obj_EWARM\stm32f2xx_sdio.o
#        F:\clor_led\Build\COM.MXCHIP.BASIC\MiCOKit-3162\obj_EWARM\stm32f2xx_spi.o
#        F:\clor_led\Build\COM.MXCHIP.BASIC\MiCOKit-3162\obj_EWARM\stm32f2xx_syscfg.o
#        F:\clor_led\Build\COM.MXCHIP.BASIC\MiCOKit-3162\obj_EWARM\stm32f2xx_tim.o
#        F:\clor_led\Build\COM.MXCHIP.BASIC\MiCOKit-3162\obj_EWARM\stm32f2xx_usart.o
#        F:\clor_led\Build\COM.MXCHIP.BASIC\MiCOKit-3162\obj_EWARM\stm32f2xx_wwdg.o
#        F:\clor_led\Build\COM.MXCHIP.BASIC\MiCOKit-3162\obj_EWARM\StringUtils.o
#        F:\clor_led\Build\COM.MXCHIP.BASIC\MiCOKit-3162\obj_EWARM\system_easylink.o
#        F:\clor_led\Build\COM.MXCHIP.BASIC\MiCOKit-3162\obj_EWARM\system_easylink_delegate.o
#        F:\clor_led\Build\COM.MXCHIP.BASIC\MiCOKit-3162\obj_EWARM\system_easylink_wac.o
#        F:\clor_led\Build\COM.MXCHIP.BASIC\MiCOKit-3162\obj_EWARM\system_factory_test.o
#        F:\clor_led\Build\COM.MXCHIP.BASIC\MiCOKit-3162\obj_EWARM\system_misc.o
#        F:\clor_led\Build\COM.MXCHIP.BASIC\MiCOKit-3162\obj_EWARM\tftp_ota.o
#        F:\clor_led\MICO\system\tftp_ota\tftpc.o
#        F:\clor_led\Build\COM.MXCHIP.BASIC\MiCOKit-3162\obj_EWARM\TimeUtils.o
#        F:\clor_led\Build\COM.MXCHIP.BASIC\MiCOKit-3162\obj_EWARM\TLVUtils.o
#        F:\clor_led\Build\COM.MXCHIP.BASIC\MiCOKit-3162\obj_EWARM\URLUtils.o
#        F:\clor_led\Build\COM.MXCHIP.BASIC\MiCOKit-3162\obj_EWARM\user_main.o
#        F:\clor_led\Build\COM.MXCHIP.BASIC\MiCOKit-3162\obj_EWARM\wlan_bus_sdio.o
#        F:\clor_led\Build\COM.MXCHIP.BASIC\MiCOKit-3162\obj_EWARM\wlan_firmware.o
#        F:\clor_led\Build\COM.MXCHIP.BASIC\MiCOKit-3162\obj_EWARM\wlan_platform.o
#        F:\clor_led\Build\COM.MXCHIP.BASIC\MiCOKit-3162\obj_EWARM\wlan_platform_common.o
#        --redirect _Printf=_PrintfFull --redirect _Scanf=_ScanfFull -o
#        F:\clor_led\Build\COM.MXCHIP.BASIC\Output\MiCOKit-3162\COM.MXCHIP.BASIC.out
#        --map
#        F:\clor_led\Build\COM.MXCHIP.BASIC\MiCOKit-3162\list_EWARM\COM.MXCHIP.BASIC.map
#        --config
#        F:\clor_led\Projects\STM32F2xx\COM.MXCHIP.BASIC\EWARM\..\..\..\..\Board\MiCOKit-3162\micoLinkerForIAR.icf
#        --semihosting --entry __iar_program_start --vfe --threaded_lib
#
###############################################################################

*******************************************************************************
*** RUNTIME MODEL ATTRIBUTES
***

CppFlavor                     = *
__Heap_Handler                = DLMalloc
__SystemLibrary               = DLib
__dlib_dynamic_initialization = normal


*******************************************************************************
*** PLACEMENT SUMMARY
***

"A1":  place at 0x0800c000 { ro section .intvec };
"P1":  place in [from 0x0800c000 to 0x080fffff] { ro };
"P2":  place in [from 0x20000000 to 0x2001ffff] { rw, block CSTACK, block HEAP };

  Section             Kind        Address     Size  Object
  -------             ----        -------     ----  ------
"A1":                                        0x184
  .intvec                      0x0800c000    0x184  <Block>
    .intvec           ro code  0x0800c000    0x184  startup_stm32f2xx_EWARM.o [1]
                             - 0x0800c184    0x184

"P1":                                      0x4380b
  .text               ro code  0x0800c184   0x27e4  smart_config.o [7]
  .text               ro code  0x0800e968     0x66  ABImemset.o [8]
  .text               ro code  0x0800e9ce     0x22  zero_init3.o [8]
  .text               ro code  0x0800e9f0     0x62  memcmp_unaligned.o [8]
  .text               ro code  0x0800ea52     0x1e  xsscin.o [5]
  .text               ro code  0x0800ea70    0x82a  mxchipWNET.o [7]
  .text               ro code  0x0800f29a     0x1a  xsnprout.o [5]
  .text               ro code  0x0800f2b4    0x3f0  mico_system_notification.o [1]
  .text               ro code  0x0800f6a4     0x76  ABImemcpy_unaligned.o [8]
  .text               ro code  0x0800f71a      0xa  xsprout.o [5]
  .text               ro code  0x0800f724     0x44  snprintf.o [5]
  .text               ro code  0x0800f768   0x14c0  wwd_wifi.o [7]
  .text               ro code  0x08010c28   0x2650  wifimgr.o [7]
  .text               ro code  0x08013278     0x6c  strncpy_unaligned.o [8]
  .text               ro code  0x080132e4     0x36  strlen.o [8]
  .rodata             const    0x0801331a      0x1  smart_config.o [7]
  .rodata             const    0x0801331b      0x1  smart_config.o [7]
  .text               ro code  0x0801331c    0x7ae  wiced_rtos.o [7]
  .rodata             const    0x08013aca      0x1  smart_config.o [7]
  .rodata             const    0x08013acb      0x1  smart_config.o [7]
  .text               ro code  0x08013acc    0xba8  tasks.o [7]
  .text               ro code  0x08014674    0x440  wifi.o [7]
  .text               ro code  0x08014ab4   0x2590  dlmalloc.o [7]
  .text               ro code  0x08017044     0xe0  arc4.o [7]
  .text               ro code  0x08017124     0x92  wwd_buffer.o [7]
  .text               ro code  0x080171b8     0x34  sprintf.o [5]
  .text               ro code  0x080171ec    0x628  tcpip.o [7]
  .text               ro code  0x08017814    0x7ec  dns.o [7]
  .text               ro code  0x08018000    0x130  wwd_rtos.o [7]
  .text               ro code  0x08018130     0x20  srand.o [5]
  .text               ro code  0x08018150    0xe00  tcp.o [7]
  .text               ro code  0x08018f50    0x25a  ip_addr.o [7]
  .text               ro code  0x080191aa     0x36  def.o [7]
  .text               ro code  0x080191e0   0x19d0  sockets.o [7]
  .text               ro code  0x0801abb0     0x42  strcmp_unaligned.o [8]
  .text               ro code  0x0801abf4     0x44  strcpy_unaligned.o [8]
  .text               ro code  0x0801ac38    0x244  wwd_management.o [7]
  .text               ro code  0x0801ae7c     0x18  strrchr.o [5]
  .text               ro code  0x0801ae94     0x24  printf.o [5]
  .text               ro code  0x0801aeb8   0x114e  xprintffull.o [5]
  .text               ro code  0x0801c008   0x101c  SDPCM.o [7]
  .text               ro code  0x0801d024     0x14  mxchip_debug.o [7]
  .text               ro code  0x0801d038    0x4ec  pbuf.o [7]
  .text               ro code  0x0801d524    0x4b8  ip.o [7]
  .text               ro code  0x0801d9dc    0xca4  system_misc.o [1]
  .text               ro code  0x0801e680     0x30  aes_wrap.o [7]
  .text               ro code  0x0801e6b0    0x404  wiced_network.o [7]
  .text               ro code  0x0801eab4    0x1ec  dns_redirect.o [7]
  .text               ro code  0x0801eca0    0x492  wwd_ap.o [7]
  .text               ro code  0x0801f134     0x64  dnsclient.o [7]
  .text               ro code  0x0801f198     0x2a  strncmp.o [5]
  .text               ro code  0x0801f1c4    0x498  system_factory_test.o [1]
  .text               ro code  0x0801f65c    0x9e0  etharp.o [7]
  .text               ro code  0x0802003c     0x46  strcasecmp.o [5]
  .text               ro code  0x08020084   0x1580  tcp_in.o [7]
  .text               ro code  0x08021604    0x710  udp.o [7]
  .text               ro code  0x08021d14      0x4  strtoul.o [5]
  .text               ro code  0x08021d18    0x158  platform_init.o [1]
  .text               ro code  0x08021e70    0x1bc  platform.o [1]
  .text               ro code  0x0802202c    0x538  MICOAppEntrance.o [1]
  .text               ro code  0x08022564    0x518  queue.o [7]
  .text               ro code  0x08022a7c    0x154  wlan_platform_common.o [1]
  .text               ro code  0x08022bd0     0xd0  port.o [7]
  .text               ro code  0x08022ca0    0x370  ostimers.o [7]
  .text               ro code  0x08023010     0x9a  list.o [7]
  CODE                ro code  0x080230ac     0x90  portasm.o [7]
  .text               ro code  0x0802313c     0x1c  strcat.o [5]
  .text               ro code  0x08023158    0x428  platform_mcu_powersave.o [1]
  .text               ro code  0x08023580     0x38  heap_3.o [7]
  .text               ro code  0x080235b8    0x7e0  mico_platform_common.o [1]
  .text               ro code  0x08023d98      0x6  abort.o [5]
  .text               ro code  0x08023da0      0x6  ABImemclr4.o [8]
  .text               ro code  0x08023da6     0x20  xsyslock.o [5]
  .text               ro code  0x08023dc8     0x2c  xgetmemchunk.o [5]
  .text               ro code  0x08023df4    0x190  wiced_ping.o [7]
  .text               ro code  0x08023f84    0x5e0  api_lib.o [7]
  .text               ro code  0x08024564      0xc  mxchipbesl.o [7]
  .text               ro code  0x08024570     0xda  netbuf.o [7]
  .text               ro code  0x0802464c    0x27c  lwiptcpip.o [7]
  .text               ro code  0x080248c8      0x2  xtls.o [5]
  .text               ro code  0x080248cc    0xcb4  tcp_out.o [7]
  .text               ro code  0x08025580    0x300  lwiptimers.o [7]
  .text               ro code  0x08025880    0x1b8  memp.o [7]
  .text               ro code  0x08025a38     0xe0  rand.o [5]
  .text               ro code  0x08025b18    0x2a0  sys_arch.o [7]
  .text               ro code  0x08025db8    0x568  igmp.o [7]
  .text               ro code  0x08026320    0x890  wlan_bus_sdio.o [1]
  .text               ro code  0x08026bb0    0x9b8  wwd_bus_protocol.o [7]
  .text               ro code  0x08027568    0x250  wwd_thread.o [7]
  .text               ro code  0x080277b8     0x28  wlan_platform.o [1]
  .text               ro code  0x080277e0     0x20  xmbtowc.o [5]
  .text               ro code  0x08027800     0x16  strchr.o [8]
  .text               ro code  0x08027818     0x58  memchr.o [8]
  .text               ro code  0x08027870      0xa  xmbcurmax.o [5]
  .text               ro code  0x0802787a     0x1a  xwctomb.o [5]
  .text               ro code  0x08027894     0xee  I64DivMod.o [8]
  .text               ro code  0x08027982     0x42  xdnorm.o [6]
  .text               ro code  0x080279c4     0x2e  DblCmpLe.o [6]
  .text               ro code  0x080279f4     0x2e  DblCmpGe.o [6]
  .text               ro code  0x08027a24    0x110  xdscale.o [6]
  .text               ro code  0x08027b34     0x58  DblToI32.o [6]
  .text               ro code  0x08027b8c     0x30  I32ToDbl.o [6]
  .text               ro code  0x08027bbc    0x180  DblSub.o [6]
  .text               ro code  0x08027d3c    0x1a2  DblMul.o [6]
  .text               ro code  0x08027ee0    0x246  DblDiv.o [6]
  .text               ro code  0x08028128     0x6c  localeconv.o [5]
  .text               ro code  0x08028194      0xe  div.o [5]
  .text               ro code  0x080281a4    0x17c  wwd_network.o [7]
  .text               ro code  0x08028320     0x78  ABImemmove_unaligned.o [8]
  .text               ro code  0x08028398    0x164  inet_chksum.o [7]
  .text               ro code  0x080284fc    0x1cc  raw.o [7]
  .text               ro code  0x080286c8    0x184  icmp.o [7]
  .text               ro code  0x0802884c    0x358  netif.o [7]
  .text               ro code  0x08028ba4    0xb8c  mico_system_para_storage.o [1]
  .text               ro code  0x08029730    0x904  StringUtils.o [1]
  .text               ro code  0x0802a034    0xb62  aes.o [7]
  .text               ro code  0x0802ab98    0xf14  dhcp.o [7]
  .text               ro code  0x0802baac     0x28  sys.o [7]
  .text               ro code  0x0802bad4    0x650  dhcp_server.o [7]
  .text               ro code  0x0802c124     0x48  netifapi.o [7]
  .text               ro code  0x0802c16c     0x5e  RingBufferUtils.o [1]
  .text               ro code  0x0802c1cc    0x3a8  mftest.o [7]
  .text               ro code  0x0802c574     0x14  tolower.o [5]
  .text               ro code  0x0802c588    0x198  xstoul.o [5]
  .text               ro code  0x0802c720    0x238  stm32f2xx_rcc.o [1]
  .text               ro code  0x0802c958    0x272  stm32f2xx_flash.o [1]
  .text               ro code  0x0802cbcc     0x2c  misc.o [1]
  .text               ro code  0x0802cbf8     0x68  stm32f2xx_pwr.o [1]
  .text               ro code  0x0802cc60     0x3a  ABImemset48.o [8]
  .text               ro code  0x0802cc9c    0x6a8  platform_gpio.o [1]
  .text               ro code  0x0802d344    0x818  platform_uart.o [1]
  .text               ro code  0x0802db5c    0x878  paltform_rtc.o [1]
  .text               ro code  0x0802e3d4    0x4a8  mico_system_power_daemon.o [1]
  .text               ro code  0x0802e87c   0x1604  MicoFogCloud.o [1]
  .text               ro code  0x0802fe80    0x588  mico_system_init.o [1]
  .text               ro code  0x08030408   0x1624  kv.o [1]
  .text               ro code  0x08031a2c    0x424  MICOBonjour.o [1]
  .text               ro code  0x08031e50    0x5c2  stm32f2xx_rtc.o [1]
  .text               ro code  0x08032414     0x78  stm32f2xx_exti.o [1]
  .text               ro code  0x0803248c     0x74  platform_watchdog.o [1]
  .text               ro code  0x08032500    0x730  platform_i2c.o [1]
  .text               ro code  0x08032c30    0xa14  platform_flash.o [1]
  .text               ro code  0x08033644     0x14  exit.o [9]
  .text               ro code  0x08033658    0x15c  xsyslock_mtx.o [5]
  .text               ro code  0x080337b4    0xeb0  api_msg.o [7]
  .text               ro code  0x08034664     0x20  init.o [7]
  .text               ro code  0x08034684     0x64  stm32f2xx_sdio.o [1]
  .text               ro code  0x080346e8    0x260  wwd_internal.o [7]
  .text               ro code  0x08034948    0x2fc  wwd_firmware.o [7]
  .text               ro code  0x08034c44     0x24  setlocale.o [5]
  .text               ro code  0x08034c68     0x60  xencoding_sb.o [5]
  .text               ro code  0x08034cc8      0x2  I64DivZer.o [8]
  .text               ro code  0x08034ccc     0xe8  DblAdd.o [6]
  .text               ro code  0x08034db4     0x4c  wps_host.o [7]
  .text               ro code  0x08034e00     0x7a  CheckSumUtils.o [1]
  .text               ro code  0x08034e7a     0x18  toupper.o [5]
  .text               ro code  0x08034e92     0x3c  isxxx.o [5]
  .text               ro code  0x08034ece     0x16  strnlen.o [5]
  .text               ro code  0x08034ee4     0x44  logging.o [7]
  .text               ro code  0x08034f28     0x8c  wiced_lib.o [7]
  .text               ro code  0x08034fb4      0xc  xlocale_c.o [5]
  .text               ro code  0x08034fc0      0xc  errno.o [5]
  .text               ro code  0x08034fcc     0xb0  stm32f2xx_gpio.o [1]
  .text               ro code  0x0803507c     0x28  stm32f2xx_syscfg.o [1]
  .text               ro code  0x080350a4    0x1b2  stm32f2xx_usart.o [1]
  .text               ro code  0x08035258    0x1b8  stm32f2xx_dma.o [1]
  .text               ro code  0x08035410     0x1e  I32ToFlt.o [6]
  .text               ro code  0x08035430     0xd8  FltMul.o [6]
  .text               ro code  0x08035508     0x24  FltToU32.o [6]
  .text               ro code  0x0803552c   0x1930  fogCloud.o [1]
  .text               ro code  0x08036e5c   0x1a70  MicoFogCloudConfigServer.o [1]
  .text               ro code  0x080388cc    0xe9c  MICOConfigDelegate.o [1]
  .text               ro code  0x08039768      0x6  ABImemclr.o [8]
  .text               ro code  0x08039770    0x5e8  json_object.o [1]
  .text               ro code  0x08039d58    0xf28  mico_cli.o [1]
  .text               ro code  0x0803ac80   0x1804  system_easylink.o [1]
  .text               ro code  0x0803c484   0x1fb0  config_server.o [1]
  .text               ro code  0x0803e434    0x144  stm32f2xx_i2c.o [1]
  .text               ro code  0x0803e578      0xc  stm32f2xx_hal.o [1]
  .text               ro code  0x0803e584   0x10ec  mico_mdns.o [1]
  .text               ro code  0x0803f670     0x20  stm32f2xx_tim.o [1]
  .text               ro code  0x0803f690     0x1c  iar_mutex.o [7]
  .text               ro code  0x0803f6ac     0x18  read_wifi_firmware.o [7]
  .text               ro code  0x0803f6c4     0x16  xlocale_c.o [5]
  .text               ro code  0x0803f6da     0x24  xlocale_c.o [5]
  .text               ro code  0x0803f6fe     0x14  xlocale_c.o [5]
  .text               ro code  0x0803f714     0x14  FogCloudServiceVersion.o [4]
  .text               ro code  0x0803f728   0x1078  FogCloudService.o [4]
  .text               ro code  0x080407a0    0x9a6  md5.o [7]
  .text               ro code  0x08041148   0x15ec  FogCloudUtils.o [4]
  .text               ro code  0x08042734    0x378  SocketUtils.o [1]
  .text               ro code  0x08042aac    0x4d0  config_server_menu.o [1]
  .text               ro code  0x08042f7c    0xf2c  json_tokener.o [1]
  .text               ro code  0x08043ea8    0x136  printbuf.o [1]
  .text               ro code  0x08043fe0    0x34c  linkhash.o [1]
  .text               ro code  0x0804432c     0x18  strdup.o [5]
  .text               ro code  0x08044344     0x20  DblCmpEq.o [6]
  .text               ro code  0x08044364     0xe4  json_util.o [1]
  .text               ro code  0x08044448     0xd4  arraylist.o [1]
  .text               ro code  0x0804451c    0x6b4  tftpc.o [2]
  .text               ro code  0x08044bd0    0xa5c  tftp_ota.o [1]
  .text               ro code  0x0804562c     0x3c  vsnprint.o [5]
  .text               ro code  0x08045668      0x4  system_easylink_delegate.o [1]
  .text               ro code  0x0804566c   0x146c  HTTPUtils.o [1]
  .text               ro code  0x08046ad8     0x28  strncat.o [5]
  .text               ro code  0x08046b00    0x5f8  FogCloudMQTTClient.o [4]
  .text               ro code  0x080470f8    0x16a  URLUtils.o [1]
  .text               ro code  0x08047262     0x4e  strncasecmp.o [5]
  .text               ro code  0x080472b0     0x24  sscanf.o [5]
  .text               ro code  0x080472d4     0x2c  vsprintf.o [5]
  .text               ro code  0x08047300     0x18  vprintf.o [5]
  .text               ro code  0x08047318      0x4  exit.o [5]
  .text               ro code  0x0804731c    0x2a6  MQTTMICO.o [4]
  .text               ro code  0x080475c4    0x6b0  MQTTClient.o [4]
  .text               ro code  0x08047c74    0xcf4  xscanffull.o [5]
  .text               ro code  0x08048968     0x12  cexit.o [8]
  .text               ro code  0x0804897c    0x1f4  MQTTPacket.o [4]
  .text               ro code  0x08048b70    0x2e8  MQTTConnectClient.o [4]
  .text               ro code  0x08048e58     0xf8  MQTTDeserializePublish.o [4]
  .text               ro code  0x08048f50    0x10c  MQTTSerializePublish.o [4]
  .text               ro code  0x0804905c    0x138  MQTTSubscribeClient.o [4]
  .text               ro code  0x08049194     0x40  xwctob.o [5]
  .text               ro code  0x080491d4     0xa4  xstoll.o [5]
  .text               ro code  0x08049278    0x1b0  xstoull.o [5]
  .text               ro code  0x08049428    0x14c  xstold.o [6]
  .text               ro code  0x08049574     0x90  DblToFlt.o [6]
  .text               ro code  0x08049604     0x58  xcloseall.o [5]
  .text               ro code  0x0804965c    0x134  xstopfx.o [5]
  .text               ro code  0x08049790    0x1b8  xstoflt.o [5]
  .rodata             const    0x08049948     0x7c  config_server.o [1]
  .text               ro code  0x080499c8    0x200  xdtento.o [6]
  .text               ro code  0x08049bc8    0x218  xstoxflt.o [5]
  .text               ro code  0x08049de0     0x7a  fclose.o [5]
  .text               ro code  0x08049e5a     0x14  Retarget.o [1]
  .text               ro code  0x08049e6e     0x56  xdunscal.o [6]
  .text               ro code  0x08049ec4     0x7c  xfofind.o [5]
  .text               ro code  0x08049f40     0xb0  fflush.o [5]
  .text               ro code  0x08049ff0     0x1a  close.o [9]
  .text               ro code  0x0804a00a     0x16  remove.o [9]
  .text               ro code  0x0804a020     0xe0  XShHandles.o [5]
  .rodata             const    0x0804a100   0x1400  aes.o [7]
  .rodata             const    0x0804b500   0x1400  aes.o [7]
  .text               ro code  0x0804c900    0x3a4  hardfault.o [1]
  .rodata             const    0x0804cca4    0x30c  wwd_firmware.o [7]
  .rodata             const    0x0804cfb0    0x2b4  platform.o [1]
  .rodata             const    0x0804d264    0x244  mico_cli.o [1]
  .rodata             const    0x0804d4a8    0x208  MicoFogCloudConfigServer.o [1]
  .rodata             const    0x0804d6b0    0x100  smart_config.o [7]
  .rodata             const    0x0804d7b0    0x100  wwd_wifi.o [7]
  .text               ro code  0x0804d8b0     0xd6  xfspos.o [5]
  .text               ro code  0x0804d986      0xc  xfgpos.o [5]
  .text               ro code  0x0804d992     0x4c  lseek.o [9]
  .text               ro code  0x0804d9de     0xd2  packbits_init.o [8]
  .text               ro code  0x0804dab0     0xb6  xfwprep.o [5]
  .text               ro code  0x0804db66     0x22  fseek.o [5]
  .rodata             const    0x0804db88     0x68  wifimgr.o [7]
  .rodata             const    0x0804dbf0     0x58  smart_config.o [7]
  .text               ro code  0x0804dc48     0x56  fputc.o [5]
  .rodata             const    0x0804dca0     0x4c  dns.o [7]
  .rodata             const    0x0804dcec     0x4c  dns.o [7]
  .rodata             const    0x0804dd38     0x48  tcp_in.o [7]
  .rodata             const    0x0804dd80     0x44  tcp_in.o [7]
  .rodata             const    0x0804ddc4     0x40  sockets.o [7]
  .rodata             const    0x0804de04     0x40  wifimgr.o [7]
  .rodata             const    0x0804de44     0x40  wifimgr.o [7]
  .rodata             const    0x0804de84     0x40  udp.o [7]
  .rodata             const    0x0804dec4     0x40  udp.o [7]
  .rodata             const    0x0804df04     0x3c  wifimgr.o [7]
  .rodata             const    0x0804df40     0x3c  wifimgr.o [7]
  .rodata             const    0x0804df7c     0x3c  wifimgr.o [7]
  .rodata             const    0x0804dfb8     0x38  wifimgr.o [7]
  .rodata             const    0x0804dff0     0x38  wifimgr.o [7]
  .rodata             const    0x0804e028     0x38  memp.o [7]
  .rodata             const    0x0804e060     0x34  smart_config.o [7]
  .rodata             const    0x0804e094     0x30  aes.o [7]
  .rodata             const    0x0804e0c4     0x30  wifimgr.o [7]
  .rodata             const    0x0804e0f4     0x30  tcp_in.o [7]
  .rodata             const    0x0804e124     0x30  etharp.o [7]
  .rodata             const    0x0804e154     0x30  etharp.o [7]
  .rodata             const    0x0804e184     0x2c  wifimgr.o [7]
  .rodata             const    0x0804e1b0     0x2c  wifimgr.o [7]
  .rodata             const    0x0804e1dc     0x2c  wifimgr.o [7]
  .rodata             const    0x0804e208     0x2c  mftest.o [7]
  .rodata             const    0x0804e234     0x2c  etharp.o [7]
  .rodata             const    0x0804e260     0x28  aes.o [7]
  .rodata             const    0x0804e288     0x28  wifimgr.o [7]
  .rodata             const    0x0804e2b0     0x28  wifimgr.o [7]
  .rodata             const    0x0804e2d8     0x28  wifimgr.o [7]
  .rodata             const    0x0804e300     0x28  wifimgr.o [7]
  .rodata             const    0x0804e328     0x28  wifimgr.o [7]
  .rodata             const    0x0804e350     0x28  SDPCM.o [7]
  .rodata             const    0x0804e378     0x28  mftest.o [7]
  .rodata             const    0x0804e3a0     0x28  smart_config.o [7]
  .text               ro code  0x0804e3c8     0x28  data_init.o [8]
  .rodata             const    0x0804e3f0     0x24  json_object.o [1]
  .rodata             const    0x0804e414     0x24  wifimgr.o [7]
  .rodata             const    0x0804e438     0x24  wifimgr.o [7]
  .rodata             const    0x0804e45c     0x24  wifimgr.o [7]
  .rodata             const    0x0804e480     0x24  SDPCM.o [7]
  .rodata             const    0x0804e4a4     0x24  memp.o [7]
  .rodata             const    0x0804e4c8     0x24  mftest.o [7]
  .rodata             const    0x0804e4ec     0x24  smart_config.o [7]
  .rodata             const    0x0804e510     0x24  smart_config.o [7]
  .rodata             const    0x0804e534     0x24  tcp_in.o [7]
  .rodata             const    0x0804e558     0x24  dhcp_server.o [7]
  .iar.init_table     const    0x0804e57c     0x2c  - Linker created -
  .rodata             const    0x0804e5a8     0x20  wifimgr.o [7]
  .rodata             const    0x0804e5c8     0x20  wifimgr.o [7]
  .rodata             const    0x0804e5e8     0x20  wifimgr.o [7]
  .rodata             const    0x0804e608     0x20  wifimgr.o [7]
  .rodata             const    0x0804e628     0x20  wifimgr.o [7]
  .rodata             const    0x0804e648     0x20  wifimgr.o [7]
  .rodata             const    0x0804e668     0x20  wifimgr.o [7]
  .rodata             const    0x0804e688     0x20  memp.o [7]
  .rodata             const    0x0804e6a8     0x20  memp.o [7]
  .rodata             const    0x0804e6c8     0x20  memp.o [7]
  .rodata             const    0x0804e6e8     0x20  mftest.o [7]
  .rodata             const    0x0804e708     0x20  mftest.o [7]
  .rodata             const    0x0804e728     0x20  mftest.o [7]
  .rodata             const    0x0804e748     0x20  smart_config.o [7]
  .rodata             const    0x0804e768     0x20  dns.o [7]
  .rodata             const    0x0804e788     0x20  wifi.o [7]
  .rodata             const    0x0804e7a8     0x20  udp.o [7]
  .rodata             const    0x0804e7c8     0x20  dhcp_server.o [7]
  .rodata             const    0x0804e7e8     0x1c  mxchipWNET.o [7]
  .rodata             const    0x0804e804     0x1c  sockets.o [7]
  .rodata             const    0x0804e820     0x1c  wifimgr.o [7]
  .rodata             const    0x0804e83c     0x1c  wifimgr.o [7]
  .rodata             const    0x0804e858     0x1c  wifimgr.o [7]
  .rodata             const    0x0804e874     0x1c  wifimgr.o [7]
  .rodata             const    0x0804e890     0x1c  SDPCM.o [7]
  .rodata             const    0x0804e8ac     0x1c  SDPCM.o [7]
  .rodata             const    0x0804e8c8     0x1c  mftest.o [7]
  .rodata             const    0x0804e8e4     0x1c  smart_config.o [7]
  .rodata             const    0x0804e900     0x1c  smart_config.o [7]
  .rodata             const    0x0804e91c     0x1c  smart_config.o [7]
  .rodata             const    0x0804e938     0x1c  smart_config.o [7]
  .rodata             const    0x0804e954     0x1c  wwd_wifi.o [7]
  .text               ro code  0x0804e970     0x1c  crt0_EWARM.o [1]
  .text               ro code  0x0804e98c     0x1a  cmain.o [8]
  .rodata             const    0x0804e9a8     0x18  sockets.o [7]
  .rodata             const    0x0804e9c0     0x18  sockets.o [7]
  .rodata             const    0x0804e9d8     0x18  sockets.o [7]
  .rodata             const    0x0804e9f0     0x18  sockets.o [7]
  .rodata             const    0x0804ea08     0x18  wifimgr.o [7]
  .rodata             const    0x0804ea20     0x18  wifimgr.o [7]
  .rodata             const    0x0804ea38     0x18  wifimgr.o [7]
  .rodata             const    0x0804ea50     0x18  wifimgr.o [7]
  .rodata             const    0x0804ea68     0x18  wifimgr.o [7]
  .rodata             const    0x0804ea80     0x18  wifimgr.o [7]
  .rodata             const    0x0804ea98     0x18  wifimgr.o [7]
  .rodata             const    0x0804eab0     0x18  wifimgr.o [7]
  .rodata             const    0x0804eac8     0x18  wifimgr.o [7]
  .rodata             const    0x0804eae0     0x18  wifimgr.o [7]
  .rodata             const    0x0804eaf8     0x18  SDPCM.o [7]
  .rodata             const    0x0804eb10     0x18  SDPCM.o [7]
  .rodata             const    0x0804eb28     0x18  mftest.o [7]
  .rodata             const    0x0804eb40     0x18  mftest.o [7]
  .rodata             const    0x0804eb58     0x18  mftest.o [7]
  .rodata             const    0x0804eb70     0x18  smart_config.o [7]
  .rodata             const    0x0804eb88     0x18  smart_config.o [7]
  .rodata             const    0x0804eba0     0x18  smart_config.o [7]
  .rodata             const    0x0804ebb8     0x18  smart_config.o [7]
  .rodata             const    0x0804ebd0     0x18  smart_config.o [7]
  .rodata             const    0x0804ebe8     0x18  smart_config.o [7]
  .rodata             const    0x0804ec00     0x18  smart_config.o [7]
  .rodata             const    0x0804ec18     0x18  smart_config.o [7]
  .rodata             const    0x0804ec30     0x18  smart_config.o [7]
  .text               ro code  0x0804ec48     0x16  xprout.o [5]
  .text               ro code  0x0804ec60      0xc  putchar.o [5]
  .rodata             const    0x0804ec6c     0x14  wifimgr.o [7]
  .rodata             const    0x0804ec80     0x14  wifimgr.o [7]
  .rodata             const    0x0804ec94     0x14  wifimgr.o [7]
  .rodata             const    0x0804eca8     0x14  wifimgr.o [7]
  .rodata             const    0x0804ecbc     0x14  wifimgr.o [7]
  .rodata             const    0x0804ecd0     0x14  wifimgr.o [7]
  .rodata             const    0x0804ece4     0x14  wifimgr.o [7]
  .rodata             const    0x0804ecf8     0x14  wifimgr.o [7]
  .rodata             const    0x0804ed0c     0x14  wifimgr.o [7]
  .rodata             const    0x0804ed20     0x14  wifimgr.o [7]
  .rodata             const    0x0804ed34     0x14  wifimgr.o [7]
  .rodata             const    0x0804ed48     0x14  wifimgr.o [7]
  .rodata             const    0x0804ed5c     0x14  wifimgr.o [7]
  .rodata             const    0x0804ed70     0x14  wifimgr.o [7]
  .rodata             const    0x0804ed84     0x14  wifimgr.o [7]
  .rodata             const    0x0804ed98     0x14  wifimgr.o [7]
  .rodata             const    0x0804edac     0x14  wifimgr.o [7]
  .rodata             const    0x0804edc0     0x14  wifimgr.o [7]
  .rodata             const    0x0804edd4     0x14  SDPCM.o [7]
  .rodata             const    0x0804ede8     0x14  SDPCM.o [7]
  .rodata             const    0x0804edfc     0x14  SDPCM.o [7]
  .rodata             const    0x0804ee10     0x14  mftest.o [7]
  .rodata             const    0x0804ee24     0x14  mftest.o [7]
  .rodata             const    0x0804ee38     0x14  tasks.o [7]
  .rodata             const    0x0804ee4c     0x14  tasks.o [7]
  .rodata             const    0x0804ee60     0x14  smart_config.o [7]
  .rodata             const    0x0804ee74     0x14  smart_config.o [7]
  .rodata             const    0x0804ee88     0x14  smart_config.o [7]
  .rodata             const    0x0804ee9c     0x14  smart_config.o [7]
  .rodata             const    0x0804eeb0     0x14  smart_config.o [7]
  .rodata             const    0x0804eec4     0x14  aes_wrap.o [7]
  .rodata             const    0x0804eed8     0x14  dns.o [7]
  .rodata             const    0x0804eeec     0x14  wwd_wifi.o [7]
  .rodata             const    0x0804ef00     0x14  wwd_wifi.o [7]
  .rodata             const    0x0804ef14     0x14  wiced_network.o [7]
  .text               ro code  0x0804ef28     0x12  startup_stm32f2xx_EWARM.o [1]
  .rodata             const    0x0804ef3c     0x10  mico_config.o [1]
  .rodata             const    0x0804ef4c     0x10  wiced_rtos.o [7]
  .rodata             const    0x0804ef5c     0x10  wiced_rtos.o [7]
  .rodata             const    0x0804ef6c     0x10  mxchipWNET.o [7]
  .rodata             const    0x0804ef7c     0x10  mxchipWNET.o [7]
  .rodata             const    0x0804ef8c     0x10  wifimgr.o [7]
  .rodata             const    0x0804ef9c     0x10  wifimgr.o [7]
  .rodata             const    0x0804efac     0x10  wifimgr.o [7]
  .rodata             const    0x0804efbc     0x10  wifimgr.o [7]
  .rodata             const    0x0804efcc     0x10  wifimgr.o [7]
  .rodata             const    0x0804efdc     0x10  wifimgr.o [7]
  .rodata             const    0x0804efec     0x10  wifimgr.o [7]
  .rodata             const    0x0804effc     0x10  wifimgr.o [7]
  .rodata             const    0x0804f00c     0x10  wifimgr.o [7]
  .rodata             const    0x0804f01c     0x10  wifimgr.o [7]
  .rodata             const    0x0804f02c     0x10  wifimgr.o [7]
  .rodata             const    0x0804f03c     0x10  wifimgr.o [7]
  .rodata             const    0x0804f04c     0x10  SDPCM.o [7]
  .rodata             const    0x0804f05c     0x10  memp.o [7]
  .rodata             const    0x0804f06c     0x10  memp.o [7]
  .rodata             const    0x0804f07c     0x10  memp.o [7]
  .rodata             const    0x0804f08c     0x10  memp.o [7]
  .rodata             const    0x0804f09c     0x10  memp.o [7]
  .rodata             const    0x0804f0ac     0x10  memp.o [7]
  .rodata             const    0x0804f0bc     0x10  mftest.o [7]
  .rodata             const    0x0804f0cc     0x10  mftest.o [7]
  .rodata             const    0x0804f0dc     0x10  smart_config.o [7]
  .rodata             const    0x0804f0ec     0x10  smart_config.o [7]
  .rodata             const    0x0804f0fc     0x10  smart_config.o [7]
  .rodata             const    0x0804f10c     0x10  smart_config.o [7]
  .rodata             const    0x0804f11c     0x10  smart_config.o [7]
  .rodata             const    0x0804f12c     0x10  smart_config.o [7]
  .rodata             const    0x0804f13c     0x10  smart_config.o [7]
  .rodata             const    0x0804f14c     0x10  smart_config.o [7]
  .rodata             const    0x0804f15c     0x10  smart_config.o [7]
  .rodata             const    0x0804f16c     0x10  dns.o [7]
  .rodata             const    0x0804f17c     0x10  tcp.o [7]
  .rodata             const    0x0804f18c     0x10  wwd_wifi.o [7]
  .rodata             const    0x0804f19c     0x10  wwd_wifi.o [7]
  .rodata             const    0x0804f1ac     0x10  wwd_wifi.o [7]
  .rodata             const    0x0804f1bc     0x10  wwd_wifi.o [7]
  .rodata             const    0x0804f1cc     0x10  wifi.o [7]
  .rodata             const    0x0804f1dc     0x10  lwiptcpip.o [7]
  .rodata             const    0x0804f1ec     0x10  wwd_ap.o [7]
  .rodata             const    0x0804f1fc     0x10  FogCloudMQTTClient.o [4]
  .rodata             const    0x0804f20c      0xc  wiced_rtos.o [7]
  .rodata             const    0x0804f218      0xc  wifimgr.o [7]
  .rodata             const    0x0804f224      0xc  wifimgr.o [7]
  .rodata             const    0x0804f230      0xc  wifimgr.o [7]
  .rodata             const    0x0804f23c      0xc  wifimgr.o [7]
  .rodata             const    0x0804f248      0xc  wifimgr.o [7]
  .rodata             const    0x0804f254      0xc  wifimgr.o [7]
  .rodata             const    0x0804f260      0xc  wifimgr.o [7]
  .rodata             const    0x0804f26c      0xc  wifimgr.o [7]
  .rodata             const    0x0804f278      0xc  wifimgr.o [7]
  .rodata             const    0x0804f284      0xc  wifimgr.o [7]
  .rodata             const    0x0804f290      0xc  wifimgr.o [7]
  .rodata             const    0x0804f29c      0xc  wifimgr.o [7]
  .rodata             const    0x0804f2a8      0xc  memp.o [7]
  .rodata             const    0x0804f2b4      0xc  memp.o [7]
  .rodata             const    0x0804f2c0      0xc  memp.o [7]
  .rodata             const    0x0804f2cc      0xc  smart_config.o [7]
  .rodata             const    0x0804f2d8      0xc  smart_config.o [7]
  .rodata             const    0x0804f2e4      0xc  smart_config.o [7]
  .rodata             const    0x0804f2f0      0xc  smart_config.o [7]
  .rodata             const    0x0804f2fc      0xc  smart_config.o [7]
  .rodata             const    0x0804f308      0xc  smart_config.o [7]
  .rodata             const    0x0804f314      0xc  smart_config.o [7]
  .rodata             const    0x0804f320      0xc  smart_config.o [7]
  .rodata             const    0x0804f32c      0xc  smart_config.o [7]
  .rodata             const    0x0804f338      0xc  smart_config.o [7]
  .rodata             const    0x0804f344      0xc  smart_config.o [7]
  .rodata             const    0x0804f350      0xc  smart_config.o [7]
  .rodata             const    0x0804f35c      0xc  smart_config.o [7]
  .rodata             const    0x0804f368      0xc  smart_config.o [7]
  .rodata             const    0x0804f374      0xc  smart_config.o [7]
  .rodata             const    0x0804f380      0xc  smart_config.o [7]
  .rodata             const    0x0804f38c      0xc  smart_config.o [7]
  .rodata             const    0x0804f398      0xc  smart_config.o [7]
  .rodata             const    0x0804f3a4      0xc  smart_config.o [7]
  .rodata             const    0x0804f3b0      0xc  smart_config.o [7]
  .rodata             const    0x0804f3bc      0xc  smart_config.o [7]
  .rodata             const    0x0804f3c8      0xc  smart_config.o [7]
  .rodata             const    0x0804f3d4      0xc  smart_config.o [7]
  .rodata             const    0x0804f3e0      0xc  smart_config.o [7]
  .rodata             const    0x0804f3ec      0xc  smart_config.o [7]
  .rodata             const    0x0804f3f8      0xc  smart_config.o [7]
  .rodata             const    0x0804f404      0xc  smart_config.o [7]
  .rodata             const    0x0804f410      0xc  dns.o [7]
  .rodata             const    0x0804f41c      0xc  dns.o [7]
  .rodata             const    0x0804f428      0xc  dns.o [7]
  .rodata             const    0x0804f434      0xc  wwd_wifi.o [7]
  .rodata             const    0x0804f440      0xc  wwd_wifi.o [7]
  .rodata             const    0x0804f44c      0xc  wwd_wifi.o [7]
  .rodata             const    0x0804f458      0xc  wwd_wifi.o [7]
  .rodata             const    0x0804f464      0xc  tcp_in.o [7]
  .rodata             const    0x0804f470      0xc  wwd_management.o [7]
  .rodata             const    0x0804f47c      0xc  wwd_management.o [7]
  .rodata             const    0x0804f488      0xc  dns_redirect.o [7]
  .rodata             const    0x0804f494      0xc  dns_redirect.o [7]
  .rodata             const    0x0804f4a0      0xc  wwd_ap.o [7]
  .rodata             const    0x0804f4ac      0xc  wwd_ap.o [7]
  .rodata             const    0x0804f4b8      0xc  wwd_ap.o [7]
  .rodata             const    0x0804f4c4      0xc  wwd_internal.o [7]
  .rodata             const    0x0804f4d0      0xc  dhcp_server.o [7]
  .rodata             const    0x0804f4dc      0xc  wiced_lib.o [7]
  .text               ro code  0x0804f4e8      0xc  cstartup_M.o [8]
  .rodata             const    0x0804f4f4      0x8  sockets.o [7]
  .rodata             const    0x0804f4fc      0x8  sockets.o [7]
  .rodata             const    0x0804f504      0x8  sockets.o [7]
  .rodata             const    0x0804f50c      0x8  sockets.o [7]
  .rodata             const    0x0804f514      0x8  sockets.o [7]
  .rodata             const    0x0804f51c      0x8  sockets.o [7]
  .rodata             const    0x0804f524      0x8  wifimgr.o [7]
  .rodata             const    0x0804f52c      0x8  wifimgr.o [7]
  .rodata             const    0x0804f534      0x8  wifimgr.o [7]
  .rodata             const    0x0804f53c      0x8  wifimgr.o [7]
  .rodata             const    0x0804f544      0x8  wifimgr.o [7]
  .rodata             const    0x0804f54c      0x8  wifimgr.o [7]
  .rodata             const    0x0804f554      0x8  wifimgr.o [7]
  .rodata             const    0x0804f55c      0x8  wifimgr.o [7]
  .rodata             const    0x0804f564      0x8  wifimgr.o [7]
  .rodata             const    0x0804f56c      0x8  wifimgr.o [7]
  .rodata             const    0x0804f574      0x8  wifimgr.o [7]
  .rodata             const    0x0804f57c      0x8  wifimgr.o [7]
  .rodata             const    0x0804f584      0x8  wifimgr.o [7]
  .rodata             const    0x0804f58c      0x8  wifimgr.o [7]
  .rodata             const    0x0804f594      0x8  SDPCM.o [7]
  .rodata             const    0x0804f59c      0x8  memp.o [7]
  .rodata             const    0x0804f5a4      0x8  memp.o [7]
  .rodata             const    0x0804f5ac      0x8  memp.o [7]
  .rodata             const    0x0804f5b4      0x8  memp.o [7]
  .rodata             const    0x0804f5bc      0x8  memp.o [7]
  .rodata             const    0x0804f5c4      0x8  memp.o [7]
  .rodata             const    0x0804f5cc      0x8  memp.o [7]
  .rodata             const    0x0804f5d4      0x8  memp.o [7]
  .rodata             const    0x0804f5dc      0x8  wwd_thread.o [7]
  .rodata             const    0x0804f5e4      0x8  ostimers.o [7]
  .rodata             const    0x0804f5ec      0x8  tasks.o [7]
  .rodata             const    0x0804f5f4      0x8  smart_config.o [7]
  .rodata             const    0x0804f5fc      0x8  smart_config.o [7]
  .rodata             const    0x0804f604      0x8  smart_config.o [7]
  .rodata             const    0x0804f60c      0x8  dns.o [7]
  .rodata             const    0x0804f614      0x8  dns.o [7]
  .rodata             const    0x0804f61c      0x8  tcp.o [7]
  .rodata             const    0x0804f624      0x8  wwd_wifi.o [7]
  .rodata             const    0x0804f62c      0x8  wwd_wifi.o [7]
  .rodata             const    0x0804f634      0x8  wwd_wifi.o [7]
  .rodata             const    0x0804f63c      0x8  wwd_wifi.o [7]
  .rodata             const    0x0804f644      0x8  wwd_wifi.o [7]
  .rodata             const    0x0804f64c      0x8  tcp_in.o [7]
  .rodata             const    0x0804f654      0x8  tcp_in.o [7]
  .rodata             const    0x0804f65c      0x8  tcp_in.o [7]
  .rodata             const    0x0804f664      0x8  tcp_in.o [7]
  .rodata             const    0x0804f66c      0x8  wwd_management.o [7]
  .rodata             const    0x0804f674      0x8  wwd_management.o [7]
  .rodata             const    0x0804f67c      0x8  etharp.o [7]
  .rodata             const    0x0804f684      0x8  etharp.o [7]
  .rodata             const    0x0804f68c      0x8  etharp.o [7]
  .rodata             const    0x0804f694      0x8  etharp.o [7]
  .rodata             const    0x0804f69c      0x8  wiced_network.o [7]
  .rodata             const    0x0804f6a4      0x8  wwd_ap.o [7]
  .rodata             const    0x0804f6ac      0x8  wwd_network.o [7]
  .rodata             const    0x0804f6b4      0x8  dhcp_server.o [7]
  .rodata             const    0x0804f6bc      0x8  dhcp_server.o [7]
  .rodata             const    0x0804f6c4      0x8  dhcp_server.o [7]
  .rodata             const    0x0804f6cc      0x8  dhcp_server.o [7]
  .text               ro code  0x0804f6d4      0x8  startup_stm32f2xx_EWARM.o [1]
  .rodata             const    0x0804f6dc      0x4  smart_config.o [7]
  .rodata             const    0x0804f6e0      0x4  smart_config.o [7]
  .rodata             const    0x0804f6e4      0x4  ip_addr.o [7]
  .rodata             const    0x0804f6e8      0x4  ip_addr.o [7]
  .rodata             const    0x0804f6ec      0x4  dhcp_server.o [7]
  .rodata             const    0x0804f6f0      0x4  dhcp_server.o [7]
  .rodata             const    0x0804f6f4      0x4  dhcp_server.o [7]
  .rodata             const    0x0804f6f8      0x4  dhcp_server.o [7]
  .rodata             const    0x0804f6fc      0x4  dhcp_server.o [7]
  .text               ro code  0x0804f700      0x4  startup_stm32f2xx_EWARM.o [1]
  .text               ro code  0x0804f704      0x4  startup_stm32f2xx_EWARM.o [1]
  .text               ro code  0x0804f708      0x4  startup_stm32f2xx_EWARM.o [1]
  .text               ro code  0x0804f70c      0x4  startup_stm32f2xx_EWARM.o [1]
  .text               ro code  0x0804f710      0x4  startup_stm32f2xx_EWARM.o [1]
  .text               ro code  0x0804f714      0x4  startup_stm32f2xx_EWARM.o [1]
  .text               ro code  0x0804f718      0x4  startup_stm32f2xx_EWARM.o [1]
  .text               ro code  0x0804f71c      0x4  startup_stm32f2xx_EWARM.o [1]
  .text               ro code  0x0804f720      0x4  startup_stm32f2xx_EWARM.o [1]
  .text               ro code  0x0804f724      0x4  startup_stm32f2xx_EWARM.o [1]
  .text               ro code  0x0804f728      0x4  startup_stm32f2xx_EWARM.o [1]
  .text               ro code  0x0804f72c      0x4  startup_stm32f2xx_EWARM.o [1]
  .text               ro code  0x0804f730      0x4  startup_stm32f2xx_EWARM.o [1]
  .text               ro code  0x0804f734      0x4  startup_stm32f2xx_EWARM.o [1]
  .text               ro code  0x0804f738      0x4  startup_stm32f2xx_EWARM.o [1]
  .text               ro code  0x0804f73c      0x4  startup_stm32f2xx_EWARM.o [1]
  .text               ro code  0x0804f740      0x4  startup_stm32f2xx_EWARM.o [1]
  .text               ro code  0x0804f744      0x4  startup_stm32f2xx_EWARM.o [1]
  .text               ro code  0x0804f748      0x4  startup_stm32f2xx_EWARM.o [1]
  .text               ro code  0x0804f74c      0x4  startup_stm32f2xx_EWARM.o [1]
  .text               ro code  0x0804f750      0x4  startup_stm32f2xx_EWARM.o [1]
  .text               ro code  0x0804f754      0x4  startup_stm32f2xx_EWARM.o [1]
  .text               ro code  0x0804f758      0x4  startup_stm32f2xx_EWARM.o [1]
  .text               ro code  0x0804f75c      0x4  startup_stm32f2xx_EWARM.o [1]
  .text               ro code  0x0804f760      0x4  startup_stm32f2xx_EWARM.o [1]
  .text               ro code  0x0804f764      0x4  startup_stm32f2xx_EWARM.o [1]
  .text               ro code  0x0804f768      0x4  startup_stm32f2xx_EWARM.o [1]
  .text               ro code  0x0804f76c      0x4  startup_stm32f2xx_EWARM.o [1]
  .text               ro code  0x0804f770      0x4  startup_stm32f2xx_EWARM.o [1]
  .text               ro code  0x0804f774      0x4  startup_stm32f2xx_EWARM.o [1]
  .text               ro code  0x0804f778      0x4  startup_stm32f2xx_EWARM.o [1]
  .text               ro code  0x0804f77c      0x4  startup_stm32f2xx_EWARM.o [1]
  .text               ro code  0x0804f780      0x4  startup_stm32f2xx_EWARM.o [1]
  .text               ro code  0x0804f784      0x4  startup_stm32f2xx_EWARM.o [1]
  .text               ro code  0x0804f788      0x4  startup_stm32f2xx_EWARM.o [1]
  .text               ro code  0x0804f78c      0x4  startup_stm32f2xx_EWARM.o [1]
  .text               ro code  0x0804f790      0x4  startup_stm32f2xx_EWARM.o [1]
  .text               ro code  0x0804f794      0x4  startup_stm32f2xx_EWARM.o [1]
  .text               ro code  0x0804f798      0x4  startup_stm32f2xx_EWARM.o [1]
  .text               ro code  0x0804f79c      0x4  startup_stm32f2xx_EWARM.o [1]
  .text               ro code  0x0804f7a0      0x4  startup_stm32f2xx_EWARM.o [1]
  .text               ro code  0x0804f7a4      0x4  startup_stm32f2xx_EWARM.o [1]
  .text               ro code  0x0804f7a8      0x4  startup_stm32f2xx_EWARM.o [1]
  .text               ro code  0x0804f7ac      0x4  startup_stm32f2xx_EWARM.o [1]
  .text               ro code  0x0804f7b0      0x4  startup_stm32f2xx_EWARM.o [1]
  .text               ro code  0x0804f7b4      0x4  startup_stm32f2xx_EWARM.o [1]
  .text               ro code  0x0804f7b8      0x4  startup_stm32f2xx_EWARM.o [1]
  .text               ro code  0x0804f7bc      0x4  startup_stm32f2xx_EWARM.o [1]
  .text               ro code  0x0804f7c0      0x4  startup_stm32f2xx_EWARM.o [1]
  .text               ro code  0x0804f7c4      0x4  startup_stm32f2xx_EWARM.o [1]
  .text               ro code  0x0804f7c8      0x4  startup_stm32f2xx_EWARM.o [1]
  .text               ro code  0x0804f7cc      0x4  startup_stm32f2xx_EWARM.o [1]
  .text               ro code  0x0804f7d0      0x4  startup_stm32f2xx_EWARM.o [1]
  .text               ro code  0x0804f7d4      0x4  startup_stm32f2xx_EWARM.o [1]
  .text               ro code  0x0804f7d8      0x4  startup_stm32f2xx_EWARM.o [1]
  .text               ro code  0x0804f7dc      0x4  startup_stm32f2xx_EWARM.o [1]
  .text               ro code  0x0804f7e0      0x4  startup_stm32f2xx_EWARM.o [1]
  .text               ro code  0x0804f7e4      0x4  startup_stm32f2xx_EWARM.o [1]
  .text               ro code  0x0804f7e8      0x4  startup_stm32f2xx_EWARM.o [1]
  .text               ro code  0x0804f7ec      0x4  startup_stm32f2xx_EWARM.o [1]
  .text               ro code  0x0804f7f0      0x4  startup_stm32f2xx_EWARM.o [1]
  .text               ro code  0x0804f7f4      0x4  startup_stm32f2xx_EWARM.o [1]
  .text               ro code  0x0804f7f8      0x4  startup_stm32f2xx_EWARM.o [1]
  .text               ro code  0x0804f7fc      0x4  startup_stm32f2xx_EWARM.o [1]
  .text               ro code  0x0804f800      0x4  startup_stm32f2xx_EWARM.o [1]
  .text               ro code  0x0804f804      0x4  startup_stm32f2xx_EWARM.o [1]
  .text               ro code  0x0804f808      0x4  startup_stm32f2xx_EWARM.o [1]
  .text               ro code  0x0804f80c      0x4  startup_stm32f2xx_EWARM.o [1]
  .text               ro code  0x0804f810      0x4  startup_stm32f2xx_EWARM.o [1]
  .text               ro code  0x0804f814      0x4  startup_stm32f2xx_EWARM.o [1]
  .text               ro code  0x0804f818      0x4  startup_stm32f2xx_EWARM.o [1]
  .text               ro code  0x0804f81c      0x4  startup_stm32f2xx_EWARM.o [1]
  .text               ro code  0x0804f820      0x0  cstart_clearlocks.o [8]
  .text               ro code  0x0804f820      0x0  cstart_closeall.o [8]
  .rodata             const    0x0804f820      0x0  zero_init3.o [8]
  .rodata             const    0x0804f820      0x0  packbits_init.o [8]
  Initializer bytes   ro data  0x0804f820    0x16f  <for P2 s0>
                             - 0x0804f98f  0x4380b

"P2":                                      0x1cef0
  P2 s0                        0x20000000    0x399  <Init block>
    __DLIB_PERTHREAD  inited   0x20000000     0x8c  rand.o [5]
    __DLIB_PERTHREAD  inited   0x2000008c     0x88  localeconv.o [5]
    __DLIB_PERTHREAD  inited   0x20000114     0x74  setlocale.o [5]
    .data             inited   0x20000188     0x40  memp.o [7]
    .data             inited   0x200001c8     0x40  xfiles.o [5]
    .data             inited   0x20000208     0x40  xfiles.o [5]
    .data             inited   0x20000248     0x40  xfiles.o [5]
    .data             inited   0x20000288     0x24  platform_mcu_powersave.o [1]
    .data             inited   0x200002ac     0x20  mico_mdns.o [1]
    .data             inited   0x200002cc     0x20  xfiles.o [5]
    .data             inited   0x200002ec      0xc  wwd_internal.o [7]
    .data             inited   0x200002f8     0x14  FogCloudUtils.o [4]
    .data             inited   0x2000030c     0x10  stm32f2xx_rcc.o [1]
    .data             inited   0x2000031c     0x10  tcp.o [7]
    .data             inited   0x2000032c      0x8  MicoFogCloudConfigServer.o [1]
    .data             inited   0x20000334      0x8  paltform_rtc.o [1]
    .data             inited   0x2000033c      0x4  json_object.o [1]
    .data             inited   0x20000340      0x4  json_object.o [1]
    .data             inited   0x20000344      0x4  json_tokener.o [1]
    .data             inited   0x20000348      0x4  mico_config.o [1]
    .data             inited   0x2000034c      0x4  mico_config.o [1]
    .data             inited   0x20000350      0x4  wifimgr.o [7]
    .data             inited   0x20000354      0x4  wifimgr.o [7]
    .data             inited   0x20000358      0x4  wifimgr.o [7]
    .data             inited   0x2000035c      0x4  wifimgr.o [7]
    .data             inited   0x20000360      0x4  wifimgr.o [7]
    .data             inited   0x20000364      0x4  SDPCM.o [7]
    .data             inited   0x20000368      0x4  port.o [7]
    .data             inited   0x2000036c      0x4  mftest.o [7]
    .data             inited   0x20000370      0x4  mftest.o [7]
    .data             inited   0x20000374      0x4  wwd_rtos.o [7]
    .data             inited   0x20000378      0x4  tasks.o [7]
    .data             inited   0x2000037c      0x4  smart_config.o [7]
    .data             inited   0x20000380      0x4  tcp.o [7]
    .data             inited   0x20000384      0x4  wwd_firmware.o [7]
    .data             inited   0x20000388      0x4  wifi.o [7]
    .data             inited   0x2000038c      0x4  wwd_ap.o [7]
    .data             inited   0x20000390      0x4  dhcp.o [7]
    __DLIB_PERTHREAD  inited   0x20000394      0x4  errno.o [5]
    .data             inited   0x20000398      0x1  smart_config.o [7]
  .bss                zero     0x2000039c   0x517c  memp.o [7]
  .bss                zero     0x20005518    0x818  wlan_bus_sdio.o [1]
  .bss                zero     0x20005d30    0x500  smart_config.o [7]
  .bss                zero     0x20006230    0x460  dns.o [7]
  .bss                zero     0x20006690     0x64  dhcp_server.o [7]
  .bss                zero     0x200066f8    0x338  fogCloud.o [1]
  .bss                zero     0x20006a30    0x204  dns.o [7]
  .bss                zero     0x20006c34    0x1d8  dlmalloc.o [7]
  .bss                zero     0x20006e0c    0x180  sockets.o [7]
  .bss                zero     0x20006f8c    0x100  smart_config.o [7]
  .bss                zero     0x2000708c    0x100  smart_config.o [7]
  .bss                zero     0x2000718c     0xc8  tasks.o [7]
  .bss                zero     0x20007254     0xc0  platform_gpio.o [1]
  .bss                zero     0x20007314     0xa0  etharp.o [7]
  .bss                zero     0x200073b4     0x88  wiced_network.o [7]
  .bss                zero     0x2000743c     0x80  mico_mdns.o [1]
  .bss                zero     0x200074bc     0x80  XShHandles.o [5]
  .bss                zero     0x2000753c     0x70  wifimgr.o [7]
  .bss                zero     0x200075ac     0x60  sockets.o [7]
  .bss                zero     0x2000760c     0x60  FogCloudMQTTClient.o [4]
  .bss                zero     0x2000766c     0x58  mico_cli.o [1]
  .bss                zero     0x200076c4     0x58  platform_init.o [1]
  .bss                zero     0x2000771c     0x50  mico_system_notification.o [1]
  .bss                zero     0x2000776c     0x50  platform.o [1]
  .bss                zero     0x200077bc     0x50  smart_config.o [7]
  .bss                zero     0x2000780c     0x50  xfiles.o [5]
  .bss                zero     0x2000785c     0x50  xfiles.o [5]
  .bss                zero     0x200078ac     0x44  FogCloudMQTTClient.o [4]
  .bss                zero     0x200078f0     0x44  netif.o [7]
  .bss                zero     0x20007934     0x40  system_factory_test.o [1]
  .bss                zero     0x20007974     0x40  memp.o [7]
  .bss                zero     0x200079b4     0x40  memp.o [7]
  .bss                zero     0x200079f4     0x40  smart_config.o [7]
  .bss                zero     0x20007a34     0x3c  wifimgr.o [7]
  .bss                zero     0x20007a70     0x3c  wifimgr.o [7]
  .bss                zero     0x20007aac     0x3c  wifimgr.o [7]
  .bss                zero     0x20007ae8     0x3c  wifimgr.o [7]
  .bss                zero     0x20007b24     0x3c  SDPCM.o [7]
  .bss                zero     0x20007b60     0x3c  wiced_network.o [7]
  .bss                zero     0x20007b9c     0x38  kv.o [1]
  .bss                zero     0x20007bd4     0x38  wiced_network.o [7]
  .bss                zero     0x20007c0c     0x38  xsyslock_mtx.o [5]
  .bss                zero     0x20007c44     0x34  tasks.o [7]
  .bss                zero     0x20007c78     0x30  mftest.o [7]
  .bss                zero     0x20007ca8     0x30  mftest.o [7]
  .bss                zero     0x20007cd8     0x28  smart_config.o [7]
  .bss                zero     0x20007d00     0x28  dnsclient.o [7]
  .bss                zero     0x20007d28     0x28  wiced_ping.o [7]
  .bss                zero     0x20007d50     0x28  dhcp.o [7]
  .bss                zero     0x20007d78     0x24  mico_platform_common.o [1]
  .bss                zero     0x20007d9c     0x24  wifimgr.o [7]
  .bss                zero     0x20007dc0     0x20  config_server.o [1]
  .bss                zero     0x20007de0     0x20  smart_config.o [7]
  .bss                zero     0x20007e00     0x20  wiced_network.o [7]
  .bss                zero     0x20007e20     0x20  dhcp_server.o [7]
  .bss                zero     0x20007e40     0x18  mftest.o [7]
  .bss                zero     0x20007e58     0x18  dlmalloc.o [7]
  .bss                zero     0x20007e70     0x14  wifimgr.o [7]
  .bss                zero     0x20007e84     0x14  mftest.o [7]
  .bss                zero     0x20007e98     0x14  ostimers.o [7]
  .bss                zero     0x20007eac     0x14  ostimers.o [7]
  .bss                zero     0x20007ec0     0x14  tasks.o [7]
  .bss                zero     0x20007ed4     0x14  tasks.o [7]
  .bss                zero     0x20007ee8     0x14  tasks.o [7]
  .bss                zero     0x20007efc     0x14  tasks.o [7]
  .bss                zero     0x20007f10     0x14  tasks.o [7]
  .bss                zero     0x20007f24     0x14  tcp_in.o [7]
  .bss                zero     0x20007f38     0x14  wiced_network.o [7]
  .bss                zero     0x20007f4c     0x14  wiced_network.o [7]
  .bss                zero     0x20007f60     0x10  MicoFogCloud.o [1]
  .bss                zero     0x20007f70     0x10  paltform_rtc.o [1]
  .bss                zero     0x20007f80     0x10  platform.o [1]
  .bss                zero     0x20007f90     0x10  platform_watchdog.o [1]
  .bss                zero     0x20007fa0     0x10  mxchipWNET.o [7]
  .bss                zero     0x20007fb0     0x10  smart_config.o [7]
  .bss                zero     0x20007fc0     0x10  ip_addr.o [7]
  .bss                zero     0x20007fd0      0xd  kv.o [1]
  .bss                zero     0x20007fde      0x2  fogCloud.o [1]
  .bss                zero     0x20007fe0      0xc  MICOConfigDelegate.o [1]
  .bss                zero     0x20007fec      0xc  platform.o [1]
  .bss                zero     0x20007ff8      0xc  system_easylink.o [1]
  .bss                zero     0x20008004      0xc  smart_config.o [7]
  .bss                zero     0x20008010      0xc  dhcp.o [7]
  .bss                zero     0x2000801c      0x8  kv.o [1]
  .bss                zero     0x20008024      0x8  wiced_rtos.o [7]
  .bss                zero     0x2000802c      0x8  wifimgr.o [7]
  .bss                zero     0x20008034      0x8  wifimgr.o [7]
  .bss                zero     0x2000803c      0x8  FogCloudService.o [4]
  .bss                zero     0x20008044      0x8  smart_config.o [7]
  .bss                zero     0x2000804c      0x8  smart_config.o [7]
  .bss                zero     0x20008054      0x8  smart_config.o [7]
  .bss                zero     0x2000805c      0x8  dns.o [7]
  .bss                zero     0x20008064      0x8  wifi.o [7]
  .bss                zero     0x2000806c      0x8  wwd_management.o [7]
  .bss                zero     0x20008074      0x4  kv.o [1]
  .bss                zero     0x20008078      0x4  mico_config.o [1]
  .bss                zero     0x2000807c      0x4  mico_system_init.o [1]
  .bss                zero     0x20008080      0x4  mico_system_para_storage.o [1]
  .bss                zero     0x20008084      0x4  MICOAppEntrance.o [1]
  .bss                zero     0x20008088      0x4  platform_mcu_powersave.o [1]
  .bss                zero     0x2000808c      0x4  tftp_ota.o [1]
  .bss                zero     0x20008090      0x4  wlan_platform_common.o [1]
  .bss                zero     0x20008094      0x4  wiced_rtos.o [7]
  .bss                zero     0x20008098      0x4  wiced_rtos.o [7]
  .bss                zero     0x2000809c      0x4  wiced_rtos.o [7]
  .bss                zero     0x200080a0      0x4  mxchipWNET.o [7]
  .bss                zero     0x200080a4      0x4  mxchipWNET.o [7]
  .bss                zero     0x200080a8      0x4  mxchipWNET.o [7]
  .bss                zero     0x200080ac      0x4  mxchipWNET.o [7]
  .bss                zero     0x200080b0      0x4  mxchipWNET.o [7]
  .bss                zero     0x200080b4      0x4  mxchipWNET.o [7]
  .bss                zero     0x200080b8      0x4  sockets.o [7]
  .bss                zero     0x200080bc      0x4  sockets.o [7]
  .bss                zero     0x200080c0      0x4  sockets.o [7]
  .bss                zero     0x200080c4      0x4  wifimgr.o [7]
  .bss                zero     0x200080c8      0x4  wifimgr.o [7]
  .bss                zero     0x200080cc      0x4  wifimgr.o [7]
  .bss                zero     0x200080d0      0x4  wifimgr.o [7]
  .bss                zero     0x200080d4      0x4  wifimgr.o [7]
  .bss                zero     0x200080d8      0x4  wifimgr.o [7]
  .bss                zero     0x200080dc      0x4  wifimgr.o [7]
  .bss                zero     0x200080e0      0x4  wifimgr.o [7]
  .bss                zero     0x200080e4      0x4  wifimgr.o [7]
  .bss                zero     0x200080e8      0x4  wifimgr.o [7]
  .bss                zero     0x200080ec      0x4  wifimgr.o [7]
  .bss                zero     0x200080f0      0x4  wifimgr.o [7]
  .bss                zero     0x200080f4      0x4  SDPCM.o [7]
  .bss                zero     0x200080f8      0x4  SDPCM.o [7]
  .bss                zero     0x200080fc      0x4  SDPCM.o [7]
  .bss                zero     0x20008100      0x4  SDPCM.o [7]
  .bss                zero     0x20008104      0x4  SDPCM.o [7]
  .bss                zero     0x20008108      0x4  SDPCM.o [7]
  .bss                zero     0x2000810c      0x4  SDPCM.o [7]
  .bss                zero     0x20008110      0x4  SDPCM.o [7]
  .bss                zero     0x20008114      0x4  SDPCM.o [7]
  .bss                zero     0x20008118      0x4  mftest.o [7]
  .bss                zero     0x2000811c      0x4  mftest.o [7]
  .bss                zero     0x20008120      0x4  mftest.o [7]
  .bss                zero     0x20008124      0x4  mftest.o [7]
  .bss                zero     0x20008128      0x4  wwd_thread.o [7]
  .bss                zero     0x2000812c      0x4  wwd_thread.o [7]
  .bss                zero     0x20008130      0x4  wwd_thread.o [7]
  .bss                zero     0x20008134      0x4  wwd_thread.o [7]
  .bss                zero     0x20008138      0x4  logging.o [7]
  .bss                zero     0x2000813c      0x4  logging.o [7]
  .bss                zero     0x20008140      0x4  ostimers.o [7]
  .bss                zero     0x20008144      0x4  ostimers.o [7]
  .bss                zero     0x20008148      0x4  ostimers.o [7]
  .bss                zero     0x2000814c      0x4  ostimers.o [7]
  .bss                zero     0x20008150      0x4  tasks.o [7]
  .bss                zero     0x20008154      0x4  tasks.o [7]
  .bss                zero     0x20008158      0x4  tasks.o [7]
  .bss                zero     0x2000815c      0x4  tasks.o [7]
  .bss                zero     0x20008160      0x4  tasks.o [7]
  .bss                zero     0x20008164      0x4  tasks.o [7]
  .bss                zero     0x20008168      0x4  tasks.o [7]
  .bss                zero     0x2000816c      0x4  tasks.o [7]
  .bss                zero     0x20008170      0x4  tasks.o [7]
  .bss                zero     0x20008174      0x4  tasks.o [7]
  .bss                zero     0x20008178      0x4  tasks.o [7]
  .bss                zero     0x2000817c      0x4  tasks.o [7]
  .bss                zero     0x20008180      0x4  tasks.o [7]
  .bss                zero     0x20008184      0x4  tasks.o [7]
  .bss                zero     0x20008188      0x4  smart_config.o [7]
  .bss                zero     0x2000818c      0x4  smart_config.o [7]
  .bss                zero     0x20008190      0x4  smart_config.o [7]
  .bss                zero     0x20008194      0x4  smart_config.o [7]
  .bss                zero     0x20008198      0x4  smart_config.o [7]
  .bss                zero     0x2000819c      0x4  smart_config.o [7]
  .bss                zero     0x200081a0      0x4  smart_config.o [7]
  .bss                zero     0x200081a4      0x4  smart_config.o [7]
  .bss                zero     0x200081a8      0x4  smart_config.o [7]
  .bss                zero     0x200081ac      0x4  smart_config.o [7]
  .bss                zero     0x200081b0      0x4  smart_config.o [7]
  .bss                zero     0x200081b4      0x4  smart_config.o [7]
  .bss                zero     0x200081b8      0x4  smart_config.o [7]
  .bss                zero     0x200081bc      0x4  smart_config.o [7]
  .bss                zero     0x200081c0      0x4  smart_config.o [7]
  .bss                zero     0x200081c4      0x4  smart_config.o [7]
  .bss                zero     0x200081c8      0x4  smart_config.o [7]
  .bss                zero     0x200081cc      0x4  smart_config.o [7]
  .bss                zero     0x200081d0      0x4  smart_config.o [7]
  .bss                zero     0x200081d4      0x4  smart_config.o [7]
  .bss                zero     0x200081d8      0x4  smart_config.o [7]
  .bss                zero     0x200081dc      0x4  wps_host.o [7]
  .bss                zero     0x200081e0      0x4  wps_host.o [7]
  .bss                zero     0x200081e4      0x4  dns.o [7]
  .bss                zero     0x200081e8      0x4  dns.o [7]
  .bss                zero     0x200081ec      0x4  tcp.o [7]
  .bss                zero     0x200081f0      0x4  tcp.o [7]
  .bss                zero     0x200081f4      0x4  tcp.o [7]
  .bss                zero     0x200081f8      0x4  tcp.o [7]
  .bss                zero     0x200081fc      0x4  tcp.o [7]
  .bss                zero     0x20008200      0x4  tcp.o [7]
  .bss                zero     0x20008204      0x4  tcp.o [7]
  .bss                zero     0x20008208      0x4  tcp.o [7]
  .bss                zero     0x2000820c      0x4  wwd_wifi.o [7]
  .bss                zero     0x20008210      0x4  wwd_wifi.o [7]
  .bss                zero     0x20008214      0x4  wwd_wifi.o [7]
  .bss                zero     0x20008218      0x4  wwd_wifi.o [7]
  .bss                zero     0x2000821c      0x4  wwd_wifi.o [7]
  .bss                zero     0x20008220      0x4  wifi.o [7]
  .bss                zero     0x20008224      0x4  wifi.o [7]
  .bss                zero     0x20008228      0x4  wifi.o [7]
  .bss                zero     0x2000822c      0x4  wifi.o [7]
  .bss                zero     0x20008230      0x4  wifi.o [7]
  .bss                zero     0x20008234      0x4  tcp_in.o [7]
  .bss                zero     0x20008238      0x4  tcp_in.o [7]
  .bss                zero     0x2000823c      0x4  tcp_in.o [7]
  .bss                zero     0x20008240      0x4  tcp_in.o [7]
  .bss                zero     0x20008244      0x4  tcp_in.o [7]
  .bss                zero     0x20008248      0x4  tcp_in.o [7]
  .bss                zero     0x2000824c      0x4  igmp.o [7]
  .bss                zero     0x20008250      0x4  igmp.o [7]
  .bss                zero     0x20008254      0x4  igmp.o [7]
  .bss                zero     0x20008258      0x4  igmp.o [7]
  .bss                zero     0x2000825c      0x4  lwiptcpip.o [7]
  .bss                zero     0x20008260      0x4  lwiptcpip.o [7]
  .bss                zero     0x20008264      0x4  lwiptcpip.o [7]
  .bss                zero     0x20008268      0x4  mxchip_debug.o [7]
  .bss                zero     0x2000826c      0x4  mxchip_debug.o [7]
  .bss                zero     0x20008270      0x4  dnsclient.o [7]
  .bss                zero     0x20008274      0x4  ip.o [7]
  .bss                zero     0x20008278      0x4  ip.o [7]
  .bss                zero     0x2000827c      0x4  ip.o [7]
  .bss                zero     0x20008280      0x4  ip.o [7]
  .bss                zero     0x20008284      0x4  ip.o [7]
  .bss                zero     0x20008288      0x4  udp.o [7]
  .bss                zero     0x2000828c      0x4  wiced_network.o [7]
  .bss                zero     0x20008290      0x4  wiced_network.o [7]
  .bss                zero     0x20008294      0x4  wwd_ap.o [7]
  .bss                zero     0x20008298      0x4  wwd_internal.o [7]
  .bss                zero     0x2000829c      0x4  lwiptimers.o [7]
  .bss                zero     0x200082a0      0x4  lwiptimers.o [7]
  .bss                zero     0x200082a4      0x4  wiced_ping.o [7]
  .bss                zero     0x200082a8      0x4  netif.o [7]
  .bss                zero     0x200082ac      0x4  netif.o [7]
  .bss                zero     0x200082b0      0x4  raw.o [7]
  .bss                zero     0x200082b4      0x4  MQTTPacket.o [4]
  .bss                zero     0x200082b8      0x4  xgetmemchunk.o [5]
  .bss                zero     0x200082bc      0x2  SDPCM.o [7]
  .bss                zero     0x200082be      0x2  tcp.o [7]
  .bss                zero     0x200082c0      0x2  tcp_in.o [7]
  .bss                zero     0x200082c2      0x2  ip.o [7]
  .bss                zero     0x200082c4      0x2  wiced_network.o [7]
  .bss                zero     0x200082c6      0x2  wiced_ping.o [7]
  .bss                zero     0x200082c8      0x1  mico_system_power_daemon.o [1]
  .bss                zero     0x200082c9      0x1  printbuf.o [1]
  .bss                zero     0x200082ca      0x1  wifimgr.o [7]
  .bss                zero     0x200082cb      0x1  wifimgr.o [7]
  .bss                zero     0x200082cc      0x1  wifimgr.o [7]
  .bss                zero     0x200082cd      0x1  SDPCM.o [7]
  .bss                zero     0x200082ce      0x1  SDPCM.o [7]
  .bss                zero     0x200082cf      0x1  SDPCM.o [7]
  .bss                zero     0x200082d0      0x1  SDPCM.o [7]
  .bss                zero     0x200082d1      0x1  SDPCM.o [7]
  .bss                zero     0x200082d2      0x1  SDPCM.o [7]
  .bss                zero     0x200082d3      0x1  SDPCM.o [7]
  .bss                zero     0x200082d4      0x1  wwd_thread.o [7]
  .bss                zero     0x200082d5      0x1  wwd_thread.o [7]
  .bss                zero     0x200082d6      0x1  wwd_thread.o [7]
  .bss                zero     0x200082d7      0x1  smart_config.o [7]
  .bss                zero     0x200082d8      0x1  smart_config.o [7]
  .bss                zero     0x200082d9      0x1  smart_config.o [7]
  .bss                zero     0x200082da      0x1  smart_config.o [7]
  .bss                zero     0x200082db      0x1  wps_host.o [7]
  .bss                zero     0x200082dc      0x1  wps_host.o [7]
  .bss                zero     0x200082dd      0x1  dns.o [7]
  .bss                zero     0x200082de      0x1  dns.o [7]
  .bss                zero     0x200082df      0x1  tcp.o [7]
  .bss                zero     0x200082e0      0x1  wwd_wifi.o [7]
  .bss                zero     0x200082e1      0x1  wwd_wifi.o [7]
  .bss                zero     0x200082e2      0x1  wifi.o [7]
  .bss                zero     0x200082e3      0x1  tcp_in.o [7]
  .bss                zero     0x200082e4      0x1  tcp_in.o [7]
  .bss                zero     0x200082e5      0x1  etharp.o [7]
  .bss                zero     0x200082e6      0x1  wiced_network.o [7]
  .bss                zero     0x200082e7      0x1  wiced_network.o [7]
  .bss                zero     0x200082e8      0x1  wwd_ap.o [7]
  .bss                zero     0x200082e9      0x1  wwd_bus_protocol.o [7]
  .bss                zero     0x200082ea      0x1  wwd_bus_protocol.o [7]
  .bss                zero     0x200082eb      0x1  netif.o [7]
  CSTACK                       0x200082f0    0x200  <Block>
    CSTACK            uninit   0x200082f0    0x200  <Block tail>
  HEAP                         0x200084f0  0x14a00  <Block>
    HEAP              uninit   0x200084f0  0x14a00  <Block tail>
                             - 0x2001cef0  0x1cef0


*******************************************************************************
*** INIT TABLE
***

          Address     Size
          -------     ----
Zero (__iar_zero_init3)
    1 destination range, total size 0x7f50:
          0x2000039c  0x7f50

Copy/packbits (__iar_packbits_init3)
    1 source range, total size 0x16f (39% of destination):
          0x0804f820   0x16f
    1 destination range, total size 0x399:
          0x20000000   0x399



*******************************************************************************
*** MODULE SUMMARY
***

    Module                      ro code  ro data  rw data
    ------                      -------  -------  -------
F:\clor_led\Build\COM.MXCHIP.BASIC\MiCOKit-3162\obj_EWARM: [1]
    CheckSumUtils.o                 122
    HTTPUtils.o                   5 228
    MICOAppEntrance.o             1 336                 4
    MICOBonjour.o                 1 060
    MICOConfigDelegate.o          3 740                12
    MicoFogCloud.o                5 636                16
    MicoFogCloudConfigServer.o    6 768      523        8
    Retarget.o                       20
    RingBufferUtils.o                94
    SocketUtils.o                   888
    StringUtils.o                 2 308
    URLUtils.o                      362
    arraylist.o                     212
    config_server.o               8 112      124       32
[...]
wiced_abort_read        0x080273b3    0x4e  Code  Gb  wwd_bus_protocol.o [7]
wiced_bus_allow_wlan_bus_to_sleep
                        0x080274d1    0x22  Code  Gb  wwd_bus_protocol.o [7]
wiced_bus_deinit        0x08026eed    0x14  Code  Gb  wwd_bus_protocol.o [7]
wiced_bus_ensure_wlan_bus_is_up
                        0x08027433    0x72  Code  Gb  wwd_bus_protocol.o [7]
wiced_bus_flow_controlled
                        0x200082ea     0x1  Data  Lc  wwd_bus_protocol.o [7]
wiced_bus_init          0x08026be9   0x304  Code  Gb  wwd_bus_protocol.o [7]
wiced_bus_interrupt     0x200082d6     0x1  Data  Lc  wwd_thread.o [7]
wiced_bus_is_flow_controlled
                        0x080274cb     0x6  Code  Gb  wwd_bus_protocol.o [7]
wiced_bus_poke_wlan     0x080274a5     0xe  Code  Gb  wwd_bus_protocol.o [7]
wiced_bus_process_interrupt
                        0x08026f01    0x22  Code  Gb  wwd_bus_protocol.o [7]
wiced_bus_set_flow_control
                        0x080274b3    0x18  Code  Gb  wwd_bus_protocol.o [7]
wiced_bus_transfer_buffer
                        0x08026bb1    0x38  Code  Gb  wwd_bus_protocol.o [7]
wiced_bus_transfer_bytes
                        0x08027109    0x16  Code  Gb  wwd_bus_protocol.o [7]
wiced_device_core_is_up
                        0x0803479d    0x5c  Code  Gb  wwd_internal.o [7]
wiced_dhcp_handle       0x20007b60    0x3c  Data  Gb  wiced_network.o [7]
wiced_disable_device_core
                        0x080347f9    0x9e  Code  Gb  wwd_internal.o [7]
wiced_dns_redirector_start
                        0x0801ead9    0x42  Code  Gb  dns_redirect.o [7]
wiced_dns_redirector_stop
                        0x0801eb1b    0x30  Code  Gb  dns_redirect.o [7]
wiced_download_firmware
                        0x080272b9    0xfa  Code  Lc  wwd_bus_protocol.o [7]
wiced_get_available_bus_credits
                        0x0801cd91     0xe  Code  Gb  SDPCM.o [7]
wiced_get_core_address  0x08034791     0xc  Code  Lc  wwd_internal.o [7]
wiced_get_ioctl_buffer  0x0801cc2d    0x26  Code  Gb  SDPCM.o [7]
wiced_get_iovar_buffer  0x0801cbc5    0x68  Code  Gb  SDPCM.o [7]
wiced_get_mac_addr      0x0801ae4d    0x10  Code  Gb  wwd_management.o [7]
wiced_get_next_buffer_in_queue
                        0x0801ce2f     0xa  Code  Lc  SDPCM.o [7]
wiced_get_packet_to_send
                        0x0801cc53   0x13a  Code  Gb  SDPCM.o [7]
wiced_gpio_input_get    0x080236a5    0x14  Code  Gb  mico_platform_common.o [1]
wiced_handle_apsta_event
                        0x0801eca1    0x2e  Code  Lc  wwd_ap.o [7]
wiced_init              0x08014675    0x84  Code  Gb  wifi.o [7]
wiced_init_sdpcm        0x0801c009    0xe4  Code  Gb  SDPCM.o [7]
wiced_inited            0x200082d5     0x1  Data  Lc  wwd_thread.o [7]
wiced_initialised       0x200082e2     0x1  Data  Lc  wifi.o [7]
wiced_ioctl_response    0x200080f8     0x4  Data  Lc  SDPCM.o [7]
wiced_ioctl_sleep       0x200080fc     0x4  Data  Lc  SDPCM.o [7]
wiced_ip_broadcast      0x0804ef14    0x14  Data  Gb  wiced_network.o [7]
wiced_ip_down           0x0801e9d5    0x7e  Code  Gb  wiced_network.o [7]
wiced_ip_get_gateway_address
                        0x08017215    0x24  Code  Gb  tcpip.o [7]
wiced_ip_get_ipaddr     0x0801725d    0x56  Code  Gb  tcpip.o [7]
wiced_ip_get_ipv4_address
                        0x080175d7    0x24  Code  Gb  tcpip.o [7]
wiced_ip_get_netmask    0x08017239    0x24  Code  Gb  tcpip.o [7]
wiced_ip_handle         0x200073b4    0x88  Data  Gb  wiced_network.o [7]
wiced_ip_up             0x0801e765   0x270  Code  Gb  wiced_network.o [7]
wiced_join_events_handler
                        0x08010299   0x12a  Code  Lc  wwd_wifi.o [7]
wiced_join_status       0x20008218     0x4  Data  Gb  wwd_wifi.o [7]
wiced_mac_addr          0x2000806c     0x8  Data  Lc  wwd_management.o [7]
wiced_management_init   0x0801ac39    0x1e  Code  Gb  wwd_management.o [7]
wiced_management_set_event_handler
                        0x0801ca11     0xa  Code  Gb  SDPCM.o [7]
wiced_management_wifi_off
                        0x0801adfd    0x50  Code  Gb  wwd_management.o [7]
wiced_management_wifi_on
                        0x0801ac57   0x1a6  Code  Gb  wwd_management.o [7]
wiced_network_init      0x0801e6b1    0xa2  Code  Gb  wiced_network.o [7]
wiced_network_link_renew_handler
                        0x0801ea53    0x18  Code  Gb  wiced_network.o [7]
wiced_network_send_ethernet_data
                        0x0801c16b    0x8a  Code  Gb  SDPCM.o [7]
wiced_networking_worker_thread
                        0x20008024     0x8  Data  Gb  wiced_rtos.o [7]
wiced_packet_create_tcp
                        0x080174a7    0x6c  Code  Gb  tcpip.o [7]
wiced_packet_create_udp
                        0x08017513    0x12  Code  Gb  tcpip.o [7]
wiced_packet_delete     0x08017525     0xa  Code  Gb  tcpip.o [7]
wiced_packet_get_data   0x08017561    0x76  Code  Gb  tcpip.o [7]
wiced_packet_set_data_end
                        0x0801752f    0x16  Code  Gb  tcpip.o [7]
wiced_ping              0x080171ed    0x28  Code  Gb  tcpip.o [7]
wiced_ping_send         0x08023df5    0x8c  Code  Gb  wiced_ping.o [7]
wiced_platform_notify_irq
                        0x08027657    0x22  Code  Gb  wwd_thread.o [7]
wiced_process_bus_credit_update
                        0x0801c1f5    0x72  Code  Gb  SDPCM.o [7]
wiced_process_sdpcm     0x0801c267   0x492  Code  Gb  SDPCM.o [7]
wiced_quit_sdpcm        0x0801c0ed    0x4e  Code  Gb  SDPCM.o [7]
wiced_read_backplane_value
                        0x080270b5    0x36  Code  Gb  wwd_bus_protocol.o [7]
wiced_read_frame        0x08026f23   0x160  Code  Gb  wwd_bus_protocol.o [7]
wiced_read_register_value
                        0x08027401    0x32  Code  Lc  wwd_bus_protocol.o [7]
wiced_receive_one_packet
                        0x080275f7    0x38  Code  Gb  wwd_thread.o [7]
wiced_reset_device_core
                        0x08034897    0x9e  Code  Gb  wwd_internal.o [7]
wiced_rtos_create_thread
                        0x080133c5    0x4e  Code  Gb  wiced_rtos.o [7]
wiced_rtos_create_worker_thread
                        0x0801365f    0x5a  Code  Gb  wiced_rtos.o [7]
wiced_rtos_deinit_queue
                        0x0801359f     0xc  Code  Gb  wiced_rtos.o [7]
wiced_rtos_deinit_semaphore
                        0x08013527    0x16  Code  Gb  wiced_rtos.o [7]
wiced_rtos_deinit_timer
                        0x08013621    0x22  Code  Gb  wiced_rtos.o [7]
wiced_rtos_delay_milliseconds
                        0x08013475     0xa  Code  Gb  wiced_rtos.o [7]
wiced_rtos_delete_thread
                        0x08013413    0x24  Code  Gb  wiced_rtos.o [7]
wiced_rtos_deregister_timed_event
                        0x08013701    0x24  Code  Gb  wiced_rtos.o [7]
wiced_rtos_get_semaphore
                        0x080134bf    0x22  Code  Gb  wiced_rtos.o [7]
wiced_rtos_init         0x080133a3    0x22  Code  Gb  wiced_rtos.o [7]
wiced_rtos_init_queue   0x0801353d    0x1e  Code  Gb  wiced_rtos.o [7]
wiced_rtos_init_semaphore
                        0x0801349d    0x22  Code  Gb  wiced_rtos.o [7]
wiced_rtos_init_timer   0x080135c1    0x36  Code  Gb  wiced_rtos.o [7]
wiced_rtos_is_current_thread
                        0x08013451    0x18  Code  Gb  wiced_rtos.o [7]
wiced_rtos_pop_from_queue
                        0x0801357d    0x22  Code  Gb  wiced_rtos.o [7]
wiced_rtos_push_to_queue
                        0x0801355b    0x22  Code  Gb  wiced_rtos.o [7]
wiced_rtos_register_timed_event
                        0x080136b9    0x48  Code  Gb  wiced_rtos.o [7]
wiced_rtos_send_asynchronous_event
                        0x08013725    0x14  Code  Gb  wiced_rtos.o [7]
wiced_rtos_set_semaphore
                        0x080134e1    0x46  Code  Gb  wiced_rtos.o [7]
wiced_rtos_start_timer  0x080135f7    0x2a  Code  Gb  wiced_rtos.o [7]
wiced_rtos_thread_force_awake
                        0x08013469     0xc  Code  Gb  wiced_rtos.o [7]
wiced_rtos_thread_join  0x08013437    0x1a  Code  Gb  wiced_rtos.o [7]
wiced_sdio_redirect_oob_interrupt
                        0x080274f3    0x36  Code  Lc  wwd_bus_protocol.o [7]
wiced_sdio_transfer     0x0802711f    0x92  Code  Lc  wwd_bus_protocol.o [7]
wiced_sdpcm_ioctl_mutex
                        0x200080f4     0x4  Data  Lc  SDPCM.o [7]
wiced_sdpcm_send_queue_head
                        0x20008108     0x4  Data  Lc  SDPCM.o [7]
wiced_sdpcm_send_queue_mutex
                        0x20008104     0x4  Data  Lc  SDPCM.o [7]
wiced_sdpcm_send_queue_tail
                        0x2000810c     0x4  Data  Lc  SDPCM.o [7]
wiced_send_ioctl        0x0801c6fd   0x314  Code  Gb  SDPCM.o [7]
wiced_send_iovar        0x0801c13b    0x30  Code  Gb  SDPCM.o [7]
wiced_send_one_packet   0x080275bb    0x3c  Code  Gb  wwd_thread.o [7]
wiced_send_sdpcm_common
                        0x0801cd9f    0x90  Code  Lc  SDPCM.o [7]
wiced_set_backplane_window
                        0x080346e9    0xa8  Code  Gb  wwd_internal.o [7]
wiced_set_next_buffer_in_queue
                        0x0801ce39     0xe  Code  Lc  SDPCM.o [7]
wiced_start_dhcp_server
                        0x0802baed    0x58  Code  Gb  dhcp_server.o [7]
wiced_stop_dhcp         0x0801ea6b     0x8  Code  Gb  wiced_network.o [7]
wiced_stop_dhcp_server  0x0802bb45    0x2a  Code  Gb  dhcp_server.o [7]
wiced_tcp_bind          0x080173bb    0x4a  Code  Gb  tcpip.o [7]
wiced_tcp_connect       0x08017311    0xaa  Code  Gb  tcpip.o [7]
wiced_tcp_create_socket
                        0x080172b3    0x5e  Code  Gb  tcpip.o [7]
wiced_tcp_send_packet   0x08017405    0x20  Code  Gb  tcpip.o [7]
wiced_tcp_start_tls     0x0802456b     0x6  Code  Gb  mxchipbesl.o [7]
wiced_thread            0x20008130     0x4  Data  Lc  wwd_thread.o [7]
wiced_thread_func       0x0802768d   0x108  Code  Lc  wwd_thread.o [7]
wiced_thread_init       0x0802756d    0x4e  Code  Gb  wwd_thread.o [7]
wiced_thread_notify     0x08027679    0x14  Code  Gb  wwd_thread.o [7]
wiced_thread_quit       0x0802762f    0x28  Code  Gb  wwd_thread.o [7]
wiced_thread_quit_flag  0x200082d4     0x1  Data  Lc  wwd_thread.o [7]
wiced_time_get_time     0x0801347f    0x1e  Code  Gb  wiced_rtos.o [7]
wiced_time_offset       0x20008098     0x4  Data  Lc  wiced_rtos.o [7]
wiced_tls_encrypt_packet
                        0x08024565     0x6  Code  Gb  mxchipbesl.o [7]
wiced_transceive_semaphore
                        0x20008134     0x4  Data  Lc  wwd_thread.o [7]
wiced_udp_create_socket
                        0x080175fb    0x7c  Code  Gb  tcpip.o [7]
wiced_udp_delete_socket
                        0x08017731    0x1e  Code  Gb  tcpip.o [7]
wiced_udp_packet_get_info
                        0x08017545    0x1c  Code  Gb  tcpip.o [7]
wiced_udp_receive       0x080176f3    0x3e  Code  Gb  tcpip.o [7]
wiced_udp_send          0x08017677    0x7c  Code  Gb  tcpip.o [7]
wiced_using_dhcp        0x200082e6     0x1  Data  Lc  wiced_network.o [7]
wiced_wifi_add_packet_filter
                        0x080109b9    0x86  Code  Gb  wwd_wifi.o [7]
wiced_wifi_ap_is_up     0x200082e8     0x1  Data  Gb  wwd_ap.o [7]
wiced_wifi_disable_monitor_mode
                        0x08010871    0x5c  Code  Gb  wwd_wifi.o [7]
wiced_wifi_enable_monitor_mode
                        0x08010815    0x5c  Code  Gb  wwd_wifi.o [7]
wiced_wifi_enable_packet_filter
                        0x08010a77     0xc  Code  Gb  wwd_wifi.o [7]
wiced_wifi_enable_powersave_with_throughput
                        0x080104c1    0x8a  Code  Gb  wwd_wifi.o [7]
wiced_wifi_get_ap_name  0x08010ac5    0x68  Code  Gb  wwd_wifi.o [7]
wiced_wifi_get_channel  0x080108fd     0xc  Code  Gb  wwd_wifi.o [7]
wiced_wifi_get_mac_address
                        0x080103c3    0x4e  Code  Gb  wwd_wifi.o [7]
wiced_wifi_get_pmk      0x0801055d    0x86  Code  Gb  wwd_wifi.o [7]
wiced_wifi_get_rssi     0x080107c9    0x4c  Code  Gb  wwd_wifi.o [7]
wiced_wifi_get_wifi_version
                        0x08010b89    0x52  Code  Gb  wwd_wifi.o [7]
wiced_wifi_is_packet_from_ap
                        0x0801f125     0xe  Code  Gb  wwd_ap.o [7]
wiced_wifi_is_ready_to_transceive
                        0x0801044d    0x70  Code  Gb  wwd_wifi.o [7]
wiced_wifi_join         0x0800fbff   0x108  Code  Gb  wwd_wifi.o [7]
wiced_wifi_join_specific
                        0x0800fd07   0x194  Code  Gb  wwd_wifi.o [7]
wiced_wifi_leave        0x08010231    0x66  Code  Gb  wwd_wifi.o [7]
wiced_wifi_prepare_join
                        0x0800fe9b   0x396  Code  Lc  wwd_wifi.o [7]
wiced_wifi_register_multicast_address
                        0x080105e3    0xd0  Code  Gb  wwd_wifi.o [7]
wiced_wifi_remove_packet_filter
                        0x08010a49    0x2e  Code  Gb  wwd_wifi.o [7]
wiced_wifi_scan         0x0800f769   0x12c  Code  Gb  wwd_wifi.o [7]
wiced_wifi_scan_networks
                        0x080146f9   0x11c  Code  Gb  wifi.o [7]
wiced_wifi_set_channel  0x08010947     0xc  Code  Gb  wwd_wifi.o [7]
wiced_wifi_set_down     0x080108d5    0x20  Code  Gb  wwd_wifi.o [7]
wiced_wifi_set_maxassoc
                        0x08010bdb    0x2c  Code  Gb  wwd_wifi.o [7]
wiced_wifi_set_nmode    0x08010419    0x2e  Code  Gb  wwd_wifi.o [7]
wiced_wifi_sleep_flag   0x20008294     0x4  Data  Lc  wwd_ap.o [7]
wiced_wifi_start_ap     0x0801eccf   0x332  Code  Gb  wwd_ap.o [7]
wiced_wifi_stop_ap      0x0801f005    0xea  Code  Gb  wwd_ap.o [7]
wiced_wifi_stop_scan    0x0800f895    0x58  Code  Gb  wwd_wifi.o [7]
wiced_wifi_toggle_packet_filter
                        0x08010a83    0x32  Code  Gb  wwd_wifi.o [7]
wiced_wifi_unregister_multicast_address
                        0x080106b3    0xf0  Code  Gb  wwd_wifi.o [7]
wiced_wlan_status       0x200002ec     0xc  Data  Gb  wwd_internal.o [7]
wiced_write_backplane_value
                        0x08027083    0x32  Code  Gb  wwd_bus_protocol.o [7]
wiced_write_register_value
                        0x080270eb    0x1e  Code  Gb  wwd_bus_protocol.o [7]
wiced_write_wifi_firmware_image
                        0x08034949    0xbe  Code  Gb  wwd_firmware.o [7]
wiced_write_wifi_nvram_image
                        0x08034a07   0x168  Code  Gb  wwd_firmware.o [7]
wifi_control_pins       0x0804d168    0x28  Data  Gb  platform.o [1]
wifi_display            0x20007bb8     0x1  Data  Lc  kv.o [1]
wifi_display_timer      0x20007bba     0x2  Data  Lc  kv.o [1]
wifi_join_aping         0x200082e1     0x1  Data  Lc  wwd_wifi.o [7]
wifi_mgmt_parse         0x0800e3b9   0x10c  Code  Lc  smart_config.o [7]
wifi_nvram_image        0x0804cca4   0x30c  Data  Lc  wwd_firmware.o [7]
wifi_power_down         0x0800f17f    0x26  Code  Gb  mxchipWNET.o [7]
wifi_power_is_down      0x200080a4     0x4  Data  Lc  mxchipWNET.o [7]
wifi_reboot_event       0x0800f3e1    0x16  Code  Gb  mico_system_notification.o [1]
wifi_reboot_only        0x08012085    0x34  Code  Gb  wifimgr.o [7]
wifi_sdio_pins          0x0804d190    0x38  Data  Gb  platform.o [1]
wifi_status_callback    0x0800ec1b    0x74  Code  Gb  mxchipWNET.o [7]
wifi_up                 0x2000808c     0x4  Data  Lc  tftp_ota.o [1]
wifidebug_Command       0x080127b5    0x70  Code  Gb  wifimgr.o [7]
wifimgr_debug_enable    0x08010c29    0x1c  Code  Gb  wifimgr.o [7]
wifimgr_sem             0x200080d4     0x4  Data  Lc  wifimgr.o [7]
wifimgr_thread          0x080121ed   0x148  Code  Lc  wifimgr.o [7]
wifiscan_Command        0x0801286d   0x268  Code  Gb  wifimgr.o [7]
wifistate_Command       0x080125d1   0x1dc  Code  Gb  wifimgr.o [7]
wlan_disconnect         0x080115ad    0x48  Code  Gb  wifimgr.o [7]
wlan_driver_version     0x0800f229     0xa  Code  Gb  mxchipWNET.o [7]
wlan_get_mac_address    0x08011f47     0x8  Code  Gb  wifimgr.o [7]
wlan_init               0x08012059    0x28  Code  Gb  wifimgr.o [7]
wlu_is_ali_ie           0x0800d7df    0x36  Code  Lc  smart_config.o [7]
wlu_is_wpa_ie           0x08010b53    0x36  Code  Lc  wwd_wifi.o [7]
wlu_parse_tlvs          0x0800d7b9    0x26  Code  Lc  smart_config.o [7]
wlu_parse_tlvs          0x08010b2d    0x26  Code  Lc  wwd_wifi.o [7]
work_mode               0x200081d8     0x4  Data  Lc  smart_config.o [7]
worker_thread_main      0x08013643    0x1c  Code  Lc  wiced_rtos.o [7]
wps_running             0x200082dc     0x1  Data  Lc  wps_host.o [7]
write                   0x0800f059     0xa  Code  Gb  mxchipWNET.o [7]
writeCString            0x08048a6b    0x38  Code  Gb  MQTTPacket.o [4]
writeChar               0x08048a4b     0x4  Code  Gb  MQTTPacket.o [4]
writeInt                0x08048a4f    0x12  Code  Gb  MQTTPacket.o [4]
writeMQTTString         0x08048aa3    0x58  Code  Gb  MQTTPacket.o [4]
wwd_management_set_event_handler
                        0x0801ca1b   0x17e  Code  Gb  SDPCM.o [7]
wwd_thread_line         0x20008128     0x4  Data  Gb  wwd_thread.o [7]
wwd_wifi_get_channel    0x08010909    0x3e  Code  Gb  wwd_wifi.o [7]
wwd_wifi_set_channel    0x08010953    0x62  Code  Gb  wwd_wifi.o [7]
xActiveTimerList1       0x20007e98    0x14  Data  Lc  ostimers.o [7]
xActiveTimerList2       0x20007eac    0x14  Data  Lc  ostimers.o [7]
xDelayedTaskList1       0x20007ec0    0x14  Data  Lc  tasks.o [7]
xDelayedTaskList2       0x20007ed4    0x14  Data  Lc  tasks.o [7]
xMissedYield            0x2000817c     0x4  Data  Lc  tasks.o [7]
xNextTaskUnblockTime    0x20000378     0x4  Data  Lc  tasks.o [7]
xNumOfOverflows         0x20008180     0x4  Data  Lc  tasks.o [7]
xPendingReadyList       0x20007ee8    0x14  Data  Lc  tasks.o [7]
xPortPendSVHandler      0x080230b3          Code  Gb  portasm.o [7]
xPortStartScheduler     0x08022beb    0x2c  Code  Gb  port.o [7]
xPortSysTickHandler     0x08022c4d    0x1a  Code  Gb  port.o [7]
xQueueCreateCountingSemaphore
                        0x0802263f    0x14  Code  Gb  queue.o [7]
xQueueCreateMutex       0x080225e3    0x5c  Code  Gb  queue.o [7]
xQueueGenericCreate     0x08022565    0x7e  Code  Gb  queue.o [7]
xQueueGenericReceive    0x0802277d   0x156  Code  Gb  queue.o [7]
xQueueGenericSend       0x08022653    0xd4  Code  Gb  queue.o [7]
xQueueGenericSendFromISR
                        0x08022727    0x56  Code  Gb  queue.o [7]
xQueueIsQueueFullFromISR
                        0x08022a2f    0x10  Code  Gb  queue.o [7]
xSchedulerRunning       0x20008170     0x4  Data  Lc  tasks.o [7]
xSuspendedTaskList      0x20007f10    0x14  Data  Lc  tasks.o [7]
xTaskCheckForTimeOut    0x080141f7    0x60  Code  Gb  tasks.o [7]
xTaskForceAwakeClearPending
                        0x08013d75     0xc  Code  Gb  tasks.o [7]
xTaskForceAwakePending  0x08013d6b     0xa  Code  Gb  tasks.o [7]
xTaskGenericCreate      0x08013acd   0x130  Code  Gb  tasks.o [7]
xTaskGetCurrentTaskHandle
                        0x08014557     0x6  Code  Gb  tasks.o [7]
xTaskGetCurrentThread   0x08013d17     0x8  Code  Gb  tasks.o [7]
xTaskGetSchedulerState  0x0801455d    0x1c  Code  Gb  tasks.o [7]
xTaskGetTickCount       0x08013eaf    0x14  Code  Gb  tasks.o [7]
xTaskGetTickCountFromISR
                        0x08013ec3    0x16  Code  Gb  tasks.o [7]
xTaskIsTaskFinished     0x08013ca7    0x70  Code  Gb  tasks.o [7]
xTaskRemoveFromEventList
                        0x08014185    0x62  Code  Gb  tasks.o [7]
xTaskResumeAll          0x08013ddd    0xd2  Code  Gb  tasks.o [7]
xTasksWaitingTermination
                        0x20007efc    0x14  Data  Lc  tasks.o [7]
xTickCount              0x20008164     0x4  Data  Lc  tasks.o [7]
xTimerCreate            0x08022cdb    0x4c  Code  Gb  ostimers.o [7]
xTimerCreateTimerTask   0x08022ca1    0x3a  Code  Gb  ostimers.o [7]
xTimerGenericCommand    0x08022d27    0x52  Code  Gb  ostimers.o [7]
xTimerQueue             0x20008148     0x4  Data  Lc  ostimers.o [7]
xorbuf                  0x0802a093    0x32  Code  Lc  aes.o [7]


[1] = F:\clor_led\Build\COM.MXCHIP.BASIC\MiCOKit-3162\obj_EWARM
[2] = F:\clor_led\MICO\system\tftp_ota
[3] = command line
[4] = FogCloud_cm3_release.a
[5] = dl7M_tlf.a
[6] = m7M_tl.a
[7] = mxchipWNet_cm3_sdio.a
[8] = rt7M_tl.a
[9] = shb_l.a

  256 282 bytes of readonly  code memory
   20 597 bytes of readonly  data memory
  118 508 bytes of readwrite data memory

Errors: none
Warnings: none
