###############################################################################
#
# IAR ELF Linker V7.30.3.8024/W32 for ARM                 17/Sep/2015  14:45:22
# Copyright 2007-2014 IAR Systems AB.
#
#    Output file  =  
#        F:\SDK_MiCOKit_v2.3.0.2\Build\Cloud_RGB_LED\MiCOKit-3165\COM.MXCHIP.SPP.out
#    Map file     =  
#        F:\SDK_MiCOKit_v2.3.0.2\Build\Cloud_RGB_LED\MiCOKit-3165\list_EWARM\COM.MXCHIP.SPP.map
#    Command line =  
#        F:\SDK_MiCOKit_v2.3.0.2\Build\Cloud_RGB_LED\MiCOKit-3165\obj_EWARM\arraylist.o
#        F:\SDK_MiCOKit_v2.3.0.2\Build\Cloud_RGB_LED\MiCOKit-3165\obj_EWARM\AsciiLib.o
#        F:\SDK_MiCOKit_v2.3.0.2\Build\Cloud_RGB_LED\MiCOKit-3165\obj_EWARM\bme280.o
#        F:\SDK_MiCOKit_v2.3.0.2\Build\Cloud_RGB_LED\MiCOKit-3165\obj_EWARM\bme280_user.o
#        F:\SDK_MiCOKit_v2.3.0.2\Build\Cloud_RGB_LED\MiCOKit-3165\obj_EWARM\CheckSumUtils.o
#        F:\SDK_MiCOKit_v2.3.0.2\Build\Cloud_RGB_LED\MiCOKit-3165\obj_EWARM\config_server.o
#        F:\SDK_MiCOKit_v2.3.0.2\Build\Cloud_RGB_LED\MiCOKit-3165\obj_EWARM\config_server_menu.o
#        F:\SDK_MiCOKit_v2.3.0.2\Build\Cloud_RGB_LED\MiCOKit-3165\obj_EWARM\crt0_EWARM.o
#        F:\SDK_MiCOKit_v2.3.0.2\Build\Cloud_RGB_LED\MiCOKit-3165\obj_EWARM\dc_motor.o
#        F:\SDK_MiCOKit_v2.3.0.2\Build\Cloud_RGB_LED\MiCOKit-3165\obj_EWARM\debug.o
#        F:\SDK_MiCOKit_v2.3.0.2\Build\Cloud_RGB_LED\MiCOKit-3165\obj_EWARM\DHT11.o
#        F:\SDK_MiCOKit_v2.3.0.2\Build\Cloud_RGB_LED\MiCOKit-3165\obj_EWARM\fogCloud.o
#        F:\SDK_MiCOKit_v2.3.0.2\libraries\protocols\fog_cloud\FogCloud_cm4_release.a
#        F:\SDK_MiCOKit_v2.3.0.2\Build\Cloud_RGB_LED\MiCOKit-3165\obj_EWARM\hardfault.o
#        F:\SDK_MiCOKit_v2.3.0.2\Build\Cloud_RGB_LED\MiCOKit-3165\obj_EWARM\hsb2rgb_led.o
#        F:\SDK_MiCOKit_v2.3.0.2\Build\Cloud_RGB_LED\MiCOKit-3165\obj_EWARM\HTTPUtils.o
#        F:\SDK_MiCOKit_v2.3.0.2\Build\Cloud_RGB_LED\MiCOKit-3165\obj_EWARM\infrared_reflective.o
#        F:\SDK_MiCOKit_v2.3.0.2\Build\Cloud_RGB_LED\MiCOKit-3165\obj_EWARM\json_object.o
#        F:\SDK_MiCOKit_v2.3.0.2\Build\Cloud_RGB_LED\MiCOKit-3165\obj_EWARM\json_tokener.o
#        F:\SDK_MiCOKit_v2.3.0.2\Build\Cloud_RGB_LED\MiCOKit-3165\obj_EWARM\json_util.o
#        F:\SDK_MiCOKit_v2.3.0.2\Build\Cloud_RGB_LED\MiCOKit-3165\obj_EWARM\keys.o
#        F:\SDK_MiCOKit_v2.3.0.2\Build\Cloud_RGB_LED\MiCOKit-3165\obj_EWARM\light_sensor.o
#        F:\SDK_MiCOKit_v2.3.0.2\Build\Cloud_RGB_LED\MiCOKit-3165\obj_EWARM\linkhash.o
#        F:\SDK_MiCOKit_v2.3.0.2\Build\Cloud_RGB_LED\MiCOKit-3165\obj_EWARM\mico_cli.o
#        F:\SDK_MiCOKit_v2.3.0.2\Build\Cloud_RGB_LED\MiCOKit-3165\obj_EWARM\mico_config.o
#        F:\SDK_MiCOKit_v2.3.0.2\Build\Cloud_RGB_LED\MiCOKit-3165\obj_EWARM\mico_mdns.o
#        F:\SDK_MiCOKit_v2.3.0.2\Build\Cloud_RGB_LED\MiCOKit-3165\obj_EWARM\mico_platform_common.o
#        F:\SDK_MiCOKit_v2.3.0.2\Build\Cloud_RGB_LED\MiCOKit-3165\obj_EWARM\mico_system_init.o
#        F:\SDK_MiCOKit_v2.3.0.2\Build\Cloud_RGB_LED\MiCOKit-3165\obj_EWARM\mico_system_monitor.o
#        F:\SDK_MiCOKit_v2.3.0.2\Build\Cloud_RGB_LED\MiCOKit-3165\obj_EWARM\mico_system_notification.o
#        F:\SDK_MiCOKit_v2.3.0.2\Build\Cloud_RGB_LED\MiCOKit-3165\obj_EWARM\mico_system_para_storage.o
#        F:\SDK_MiCOKit_v2.3.0.2\Build\Cloud_RGB_LED\MiCOKit-3165\obj_EWARM\mico_system_power_daemon.o
#        F:\SDK_MiCOKit_v2.3.0.2\Build\Cloud_RGB_LED\MiCOKit-3165\obj_EWARM\MICOAppEntrance.o
#        F:\SDK_MiCOKit_v2.3.0.2\Build\Cloud_RGB_LED\MiCOKit-3165\obj_EWARM\MICOBonjour.o
#        F:\SDK_MiCOKit_v2.3.0.2\Build\Cloud_RGB_LED\MiCOKit-3165\obj_EWARM\MICOConfigDelegate.o
#        F:\SDK_MiCOKit_v2.3.0.2\Platform\Drivers\MicoDriverMFiAuth\MicoDriverMFiAuth.a
#        F:\SDK_MiCOKit_v2.3.0.2\Build\Cloud_RGB_LED\MiCOKit-3165\obj_EWARM\MicoFogCloud.o
#        F:\SDK_MiCOKit_v2.3.0.2\Build\Cloud_RGB_LED\MiCOKit-3165\obj_EWARM\MicoFogCloudConfigServer.o
#        F:\SDK_MiCOKit_v2.3.0.2\Build\Cloud_RGB_LED\MiCOKit-3165\obj_EWARM\micokit_ext.o
#        F:\SDK_MiCOKit_v2.3.0.2\Build\Cloud_RGB_LED\MiCOKit-3165\obj_EWARM\micokit_ext_mfg.o
#        F:\SDK_MiCOKit_v2.3.0.2\Build\Cloud_RGB_LED\MiCOKit-3165\obj_EWARM\misc.o
#        F:\SDK_MiCOKit_v2.3.0.2\MICO\core\mxchipWNet_cm4f_sdio.a
#        F:\SDK_MiCOKit_v2.3.0.2\Build\Cloud_RGB_LED\MiCOKit-3165\obj_EWARM\oled.o
#        F:\SDK_MiCOKit_v2.3.0.2\Build\Cloud_RGB_LED\MiCOKit-3165\obj_EWARM\paltform_rtc.o
#        F:\SDK_MiCOKit_v2.3.0.2\Build\Cloud_RGB_LED\MiCOKit-3165\obj_EWARM\platform.o
#        F:\SDK_MiCOKit_v2.3.0.2\Build\Cloud_RGB_LED\MiCOKit-3165\obj_EWARM\platform_adc.o
#        F:\SDK_MiCOKit_v2.3.0.2\Build\Cloud_RGB_LED\MiCOKit-3165\obj_EWARM\platform_flash.o
#        F:\SDK_MiCOKit_v2.3.0.2\Build\Cloud_RGB_LED\MiCOKit-3165\obj_EWARM\platform_gpio.o
#        F:\SDK_MiCOKit_v2.3.0.2\Build\Cloud_RGB_LED\MiCOKit-3165\obj_EWARM\platform_i2c.o
#        F:\SDK_MiCOKit_v2.3.0.2\Build\Cloud_RGB_LED\MiCOKit-3165\obj_EWARM\platform_init.o
#        F:\SDK_MiCOKit_v2.3.0.2\Build\Cloud_RGB_LED\MiCOKit-3165\obj_EWARM\platform_mcu_powersave.o
#        F:\SDK_MiCOKit_v2.3.0.2\Build\Cloud_RGB_LED\MiCOKit-3165\obj_EWARM\platform_nano_second.o
#        F:\SDK_MiCOKit_v2.3.0.2\Build\Cloud_RGB_LED\MiCOKit-3165\obj_EWARM\platform_pwm.o
#        F:\SDK_MiCOKit_v2.3.0.2\Build\Cloud_RGB_LED\MiCOKit-3165\obj_EWARM\platform_rng.o
#        F:\SDK_MiCOKit_v2.3.0.2\Build\Cloud_RGB_LED\MiCOKit-3165\obj_EWARM\platform_spi.o
#        F:\SDK_MiCOKit_v2.3.0.2\Build\Cloud_RGB_LED\MiCOKit-3165\obj_EWARM\platform_uart.o
#        F:\SDK_MiCOKit_v2.3.0.2\Build\Cloud_RGB_LED\MiCOKit-3165\obj_EWARM\platform_watchdog.o
#        F:\SDK_MiCOKit_v2.3.0.2\Build\Cloud_RGB_LED\MiCOKit-3165\obj_EWARM\printbuf.o
#        F:\SDK_MiCOKit_v2.3.0.2\Build\Cloud_RGB_LED\MiCOKit-3165\obj_EWARM\Retarget.o
#        F:\SDK_MiCOKit_v2.3.0.2\Build\Cloud_RGB_LED\MiCOKit-3165\obj_EWARM\rgb_led.o
#        F:\SDK_MiCOKit_v2.3.0.2\Build\Cloud_RGB_LED\MiCOKit-3165\obj_EWARM\RingBufferUtils.o
#        F:\SDK_MiCOKit_v2.3.0.2\Build\Cloud_RGB_LED\MiCOKit-3165\obj_EWARM\SocketUtils.o
#        F:\SDK_MiCOKit_v2.3.0.2\Build\Cloud_RGB_LED\MiCOKit-3165\obj_EWARM\spi_flash.o
#        F:\SDK_MiCOKit_v2.3.0.2\Build\Cloud_RGB_LED\MiCOKit-3165\obj_EWARM\spi_flash_platform.o
#        F:\SDK_MiCOKit_v2.3.0.2\Build\Cloud_RGB_LED\MiCOKit-3165\obj_EWARM\startup_stm32f411xe_IAR.o
#        F:\SDK_MiCOKit_v2.3.0.2\Build\Cloud_RGB_LED\MiCOKit-3165\obj_EWARM\stm32f4xx_adc.o
#        F:\SDK_MiCOKit_v2.3.0.2\Build\Cloud_RGB_LED\MiCOKit-3165\obj_EWARM\stm32f4xx_can.o
#        F:\SDK_MiCOKit_v2.3.0.2\Build\Cloud_RGB_LED\MiCOKit-3165\obj_EWARM\stm32f4xx_crc.o
#        F:\SDK_MiCOKit_v2.3.0.2\Build\Cloud_RGB_LED\MiCOKit-3165\obj_EWARM\stm32f4xx_cryp.o
#        F:\SDK_MiCOKit_v2.3.0.2\Build\Cloud_RGB_LED\MiCOKit-3165\obj_EWARM\stm32f4xx_cryp_aes.o
#        F:\SDK_MiCOKit_v2.3.0.2\Build\Cloud_RGB_LED\MiCOKit-3165\obj_EWARM\stm32f4xx_cryp_des.o
#        F:\SDK_MiCOKit_v2.3.0.2\Build\Cloud_RGB_LED\MiCOKit-3165\obj_EWARM\stm32f4xx_cryp_tdes.o
#        F:\SDK_MiCOKit_v2.3.0.2\Build\Cloud_RGB_LED\MiCOKit-3165\obj_EWARM\stm32f4xx_dac.o
#        F:\SDK_MiCOKit_v2.3.0.2\Build\Cloud_RGB_LED\MiCOKit-3165\obj_EWARM\stm32f4xx_dbgmcu.o
#        F:\SDK_MiCOKit_v2.3.0.2\Build\Cloud_RGB_LED\MiCOKit-3165\obj_EWARM\stm32f4xx_dcmi.o
#        F:\SDK_MiCOKit_v2.3.0.2\Build\Cloud_RGB_LED\MiCOKit-3165\obj_EWARM\stm32f4xx_dma.o
#        F:\SDK_MiCOKit_v2.3.0.2\Build\Cloud_RGB_LED\MiCOKit-3165\obj_EWARM\stm32f4xx_dma2d.o
#        F:\SDK_MiCOKit_v2.3.0.2\Build\Cloud_RGB_LED\MiCOKit-3165\obj_EWARM\stm32f4xx_exti.o
#        F:\SDK_MiCOKit_v2.3.0.2\Build\Cloud_RGB_LED\MiCOKit-3165\obj_EWARM\stm32f4xx_flash.o
#        F:\SDK_MiCOKit_v2.3.0.2\Build\Cloud_RGB_LED\MiCOKit-3165\obj_EWARM\stm32f4xx_flash_ramfunc.o
#        F:\SDK_MiCOKit_v2.3.0.2\Build\Cloud_RGB_LED\MiCOKit-3165\obj_EWARM\stm32f4xx_gpio.o
#        F:\SDK_MiCOKit_v2.3.0.2\Build\Cloud_RGB_LED\MiCOKit-3165\obj_EWARM\stm32f4xx_hash.o
#        F:\SDK_MiCOKit_v2.3.0.2\Build\Cloud_RGB_LED\MiCOKit-3165\obj_EWARM\stm32f4xx_hash_md5.o
#        F:\SDK_MiCOKit_v2.3.0.2\Build\Cloud_RGB_LED\MiCOKit-3165\obj_EWARM\stm32f4xx_hash_sha1.o
#        F:\SDK_MiCOKit_v2.3.0.2\Build\Cloud_RGB_LED\MiCOKit-3165\obj_EWARM\stm32f4xx_i2c.o
#        F:\SDK_MiCOKit_v2.3.0.2\Build\Cloud_RGB_LED\MiCOKit-3165\obj_EWARM\stm32f4xx_iwdg.o
#        F:\SDK_MiCOKit_v2.3.0.2\Build\Cloud_RGB_LED\MiCOKit-3165\obj_EWARM\stm32f4xx_ltdc.o
#        F:\SDK_MiCOKit_v2.3.0.2\Build\Cloud_RGB_LED\MiCOKit-3165\obj_EWARM\stm32f4xx_pwr.o
#        F:\SDK_MiCOKit_v2.3.0.2\Build\Cloud_RGB_LED\MiCOKit-3165\obj_EWARM\stm32f4xx_rcc.o
#        F:\SDK_MiCOKit_v2.3.0.2\Build\Cloud_RGB_LED\MiCOKit-3165\obj_EWARM\stm32f4xx_rng.o
#        F:\SDK_MiCOKit_v2.3.0.2\Build\Cloud_RGB_LED\MiCOKit-3165\obj_EWARM\stm32f4xx_rtc.o
#        F:\SDK_MiCOKit_v2.3.0.2\Build\Cloud_RGB_LED\MiCOKit-3165\obj_EWARM\stm32f4xx_sai.o
#        F:\SDK_MiCOKit_v2.3.0.2\Build\Cloud_RGB_LED\MiCOKit-3165\obj_EWARM\stm32f4xx_sdio.o
#        F:\SDK_MiCOKit_v2.3.0.2\Build\Cloud_RGB_LED\MiCOKit-3165\obj_EWARM\stm32f4xx_spi.o
#        F:\SDK_MiCOKit_v2.3.0.2\Build\Cloud_RGB_LED\MiCOKit-3165\obj_EWARM\stm32f4xx_syscfg.o
#        F:\SDK_MiCOKit_v2.3.0.2\Build\Cloud_RGB_LED\MiCOKit-3165\obj_EWARM\stm32f4xx_tim.o
#        F:\SDK_MiCOKit_v2.3.0.2\Build\Cloud_RGB_LED\MiCOKit-3165\obj_EWARM\stm32f4xx_usart.o
#        F:\SDK_MiCOKit_v2.3.0.2\Build\Cloud_RGB_LED\MiCOKit-3165\obj_EWARM\stm32f4xx_wwdg.o
#        F:\SDK_MiCOKit_v2.3.0.2\Build\Cloud_RGB_LED\MiCOKit-3165\obj_EWARM\StringUtils.o
#        F:\SDK_MiCOKit_v2.3.0.2\Build\Cloud_RGB_LED\MiCOKit-3165\obj_EWARM\system_easylink.o
#        F:\SDK_MiCOKit_v2.3.0.2\Build\Cloud_RGB_LED\MiCOKit-3165\obj_EWARM\system_easylink_delegate.o
#        F:\SDK_MiCOKit_v2.3.0.2\Build\Cloud_RGB_LED\MiCOKit-3165\obj_EWARM\system_factory_test.o
#        F:\SDK_MiCOKit_v2.3.0.2\Build\Cloud_RGB_LED\MiCOKit-3165\obj_EWARM\system_misc.o
#        F:\SDK_MiCOKit_v2.3.0.2\Build\Cloud_RGB_LED\MiCOKit-3165\obj_EWARM\system_stm32f4xx.o
#        F:\SDK_MiCOKit_v2.3.0.2\Build\Cloud_RGB_LED\MiCOKit-3165\obj_EWARM\temp_hum_sensor.o
#        F:\SDK_MiCOKit_v2.3.0.2\Build\Cloud_RGB_LED\MiCOKit-3165\obj_EWARM\tftp_ota.o
#        F:\SDK_MiCOKit_v2.3.0.2\MICO\system\tftp_ota\tftpc.o
#        F:\SDK_MiCOKit_v2.3.0.2\Build\Cloud_RGB_LED\MiCOKit-3165\obj_EWARM\URLUtils.o
#        F:\SDK_MiCOKit_v2.3.0.2\Build\Cloud_RGB_LED\MiCOKit-3165\obj_EWARM\user_main.o
#        F:\SDK_MiCOKit_v2.3.0.2\Build\Cloud_RGB_LED\MiCOKit-3165\obj_EWARM\wlan_bus_sdio.o
#        F:\SDK_MiCOKit_v2.3.0.2\Build\Cloud_RGB_LED\MiCOKit-3165\obj_EWARM\wlan_platform.o
#        F:\SDK_MiCOKit_v2.3.0.2\Build\Cloud_RGB_LED\MiCOKit-3165\obj_EWARM\wlan_platform_common.o
#        --redirect _Printf=_PrintfFull --redirect _Scanf=_ScanfFull -o
#        F:\SDK_MiCOKit_v2.3.0.2\Build\Cloud_RGB_LED\MiCOKit-3165\COM.MXCHIP.SPP.out
#        --map
#        F:\SDK_MiCOKit_v2.3.0.2\Build\Cloud_RGB_LED\MiCOKit-3165\list_EWARM\COM.MXCHIP.SPP.map
#        --config
#        F:\SDK_MiCOKit_v2.3.0.2\Projects\STM32F4xx\Cloud_RGB_LED\EWARM\..\..\..\..\Board\MiCOKit-3165\micoLinkerForIAR.icf
#        --semihosting --entry __iar_program_start --vfe --threaded_lib
#
###############################################################################

*******************************************************************************
*** RUNTIME MODEL ATTRIBUTES
***

CppFlavor                     = *
__Heap_Handler                = DLMalloc
__SystemLibrary               = DLib
__dlib_dynamic_initialization = normal


*******************************************************************************
*** PLACEMENT SUMMARY
***

"A1":  place at 0x0800c000 { ro section .intvec };
"P1":  place in [from 0x0800c000 to 0x0807ffff] { ro };
"P2":  place in [from 0x20000000 to 0x2001ffff] { rw, block CSTACK, block HEAP };

  Section             Kind        Address     Size  Object
  -------             ----        -------     ----  ------
"A1":                                        0x198
  .intvec                      0x0800c000    0x198  <Block>
    .intvec           ro code  0x0800c000    0x198  startup_stm32f411xe_IAR.o [1]
                             - 0x0800c198    0x198

"P1":                                      0x46879
  .text               ro code  0x0800c198   0x27e4  smart_config.o [7]
  .text               ro code  0x0800e97c     0x66  ABImemset.o [8]
  .text               ro code  0x0800e9e2     0x22  zero_init3.o [8]
  .text               ro code  0x0800ea04     0x62  memcmp_unaligned.o [8]
  .text               ro code  0x0800ea66     0x1e  xsscin.o [5]
  .text               ro code  0x0800ea84    0x82e  mxchipWNET.o [7]
  .text               ro code  0x0800f2b2     0x1a  xsnprout.o [5]
  .text               ro code  0x0800f2cc    0x3fc  mico_system_notification.o [1]
  .text               ro code  0x0800f6c8     0x76  ABImemcpy_unaligned.o [8]
  .text               ro code  0x0800f73e      0xa  xsprout.o [5]
  .text               ro code  0x0800f748     0x44  snprintf.o [5]
  .text               ro code  0x0800f78c   0x14c0  wwd_wifi.o [7]
  .text               ro code  0x08010c4c   0x2650  wifimgr.o [7]
  .text               ro code  0x0801329c     0x6c  strncpy_unaligned.o [8]
  .text               ro code  0x08013308     0x36  strlen.o [8]
  .rodata             const    0x0801333e      0x1  smart_config.o [7]
  .rodata             const    0x0801333f      0x1  smart_config.o [7]
  .text               ro code  0x08013340    0x7ce  wiced_rtos.o [7]
  .rodata             const    0x08013b0e      0x1  smart_config.o [7]
  .rodata             const    0x08013b0f      0x1  smart_config.o [7]
  .text               ro code  0x08013b10    0xba8  tasks.o [7]
  .text               ro code  0x080146b8    0x440  wifi.o [7]
  .text               ro code  0x08014af8   0x2590  dlmalloc.o [7]
  .text               ro code  0x08017088     0xe0  arc4.o [7]
  .text               ro code  0x08017168     0x92  wwd_buffer.o [7]
  .text               ro code  0x080171fc     0x34  sprintf.o [5]
  .text               ro code  0x08017230    0x628  tcpip.o [7]
  .text               ro code  0x08017858    0x7ec  dns.o [7]
  .text               ro code  0x08018044    0x130  wwd_rtos.o [7]
  .text               ro code  0x08018174     0x20  srand.o [5]
  .text               ro code  0x08018194    0xe04  tcp.o [7]
  .text               ro code  0x08018f98    0x25a  ip_addr.o [7]
  .text               ro code  0x080191f2     0x36  def.o [7]
  .text               ro code  0x08019228   0x19cc  sockets.o [7]
  .text               ro code  0x0801abf4     0x42  strcmp_unaligned.o [8]
  .text               ro code  0x0801ac38     0x44  strcpy_unaligned.o [8]
  .text               ro code  0x0801ac7c    0x244  wwd_management.o [7]
  .text               ro code  0x0801aec0     0x18  strrchr.o [5]
  .text               ro code  0x0801aed8     0x24  printf.o [5]
  .text               ro code  0x0801aefc   0x114e  xprintffull.o [5]
  .text               ro code  0x0801c04c   0x101c  SDPCM.o [7]
  .text               ro code  0x0801d068     0x14  mxchip_debug.o [7]
  .text               ro code  0x0801d07c    0x4ec  pbuf.o [7]
  .text               ro code  0x0801d568    0x4b4  ip.o [7]
  .text               ro code  0x0801da1c    0xcb8  system_misc.o [1]
  .text               ro code  0x0801e6d4     0x30  aes_wrap.o [7]
  .text               ro code  0x0801e704    0x404  wiced_network.o [7]
  .text               ro code  0x0801eb08    0x1ec  dns_redirect.o [7]
  .text               ro code  0x0801ecf4    0x492  wwd_ap.o [7]
  .text               ro code  0x0801f188     0x64  dnsclient.o [7]
  .text               ro code  0x0801f1ec     0x2a  strncmp.o [5]
  .text               ro code  0x0801f218    0x4a4  system_factory_test.o [1]
  .text               ro code  0x0801f6bc    0x9e0  etharp.o [7]
  .text               ro code  0x0802009c     0x46  strcasecmp.o [5]
  .text               ro code  0x080200e4   0x1594  tcp_in.o [7]
  .text               ro code  0x08021678    0x710  udp.o [7]
  .text               ro code  0x08021d88      0x4  strtoul.o [5]
  .text               ro code  0x08021d8c    0x158  platform_init.o [1]
  .text               ro code  0x08021ee4    0x1fe  platform.o [1]
  .text               ro code  0x080220e4    0x790  MICOAppEntrance.o [1]
  .text               ro code  0x08022874    0x526  queue.o [7]
  .text               ro code  0x08022d9c     0xec  wlan_platform_common.o [1]
  .text               ro code  0x08022e88     0xec  port.o [7]
  .text               ro code  0x08022f74    0x370  ostimers.o [7]
  .text               ro code  0x080232e4     0x9a  list.o [7]
  CODE                ro code  0x08023380     0xa8  portasm.o [7]
  .text               ro code  0x08023428     0x1c  strcat.o [5]
  .text               ro code  0x08023444    0x434  platform_mcu_powersave.o [1]
  .text               ro code  0x08023878     0x38  heap_3.o [7]
  .text               ro code  0x080238b0    0x97c  mico_platform_common.o [1]
  .text               ro code  0x0802422c      0x6  abort.o [5]
  .text               ro code  0x08024234      0x6  ABImemclr4.o [8]
  .text               ro code  0x0802423a     0x20  xsyslock.o [5]
  .text               ro code  0x0802425c     0x2c  xgetmemchunk.o [5]
  .text               ro code  0x08024288    0x190  wiced_ping.o [7]
  .text               ro code  0x08024418    0x5e0  api_lib.o [7]
  .text               ro code  0x080249f8      0xc  mxchipbesl.o [7]
  .text               ro code  0x08024a04     0xda  netbuf.o [7]
  .text               ro code  0x08024ae0    0x27c  lwiptcpip.o [7]
  .text               ro code  0x08024d5c      0x2  xtls.o [5]
  .text               ro code  0x08024d60    0xcc2  tcp_out.o [7]
  .text               ro code  0x08025a24    0x300  lwiptimers.o [7]
  .text               ro code  0x08025d24    0x1b8  memp.o [7]
  .text               ro code  0x08025edc     0xe0  rand.o [5]
  .text               ro code  0x08025fbc    0x2a0  sys_arch.o [7]
  .text               ro code  0x0802625c    0x568  igmp.o [7]
  .text               ro code  0x080267c4    0x860  wlan_bus_sdio.o [1]
  .text               ro code  0x08027024    0x9b8  wwd_bus_protocol.o [7]
  .text               ro code  0x080279dc    0x250  wwd_thread.o [7]
  .text               ro code  0x08027c2c      0x4  wlan_platform.o [1]
  .text               ro code  0x08027c30     0x20  xmbtowc.o [5]
  .text               ro code  0x08027c50     0x16  strchr.o [8]
  .text               ro code  0x08027c68     0x58  memchr.o [8]
  .text               ro code  0x08027cc0      0xa  xmbcurmax.o [5]
  .text               ro code  0x08027cca     0x1a  xwctomb.o [5]
  .text               ro code  0x08027ce4     0xee  I64DivMod.o [8]
  .text               ro code  0x08027dd2     0x42  xdnorm.o [6]
  .text               ro code  0x08027e14     0x2e  DblCmpLe.o [6]
  .text               ro code  0x08027e44     0x2e  DblCmpGe.o [6]
  .text               ro code  0x08027e74    0x118  xdscale.o [6]
  .text               ro code  0x08027f8c     0x58  DblToI32.o [6]
  .text               ro code  0x08027fe4     0x30  I32ToDbl.o [6]
  .text               ro code  0x08028014    0x180  DblSub.o [6]
  .text               ro code  0x08028194    0x1a2  DblMul.o [6]
  .text               ro code  0x08028338    0x246  DblDiv.o [6]
  .text               ro code  0x08028580     0x6c  localeconv.o [5]
  .text               ro code  0x080285ec      0xe  div.o [5]
  .text               ro code  0x080285fc    0x17c  wwd_network.o [7]
  .text               ro code  0x08028778     0x78  ABImemmove_unaligned.o [8]
  .text               ro code  0x080287f0    0x170  inet_chksum.o [7]
  .text               ro code  0x08028960    0x1cc  raw.o [7]
  .text               ro code  0x08028b2c    0x184  icmp.o [7]
  .text               ro code  0x08028cb0    0x358  netif.o [7]
  .text               ro code  0x08029008    0xb98  mico_system_para_storage.o [1]
  .text               ro code  0x08029ba0    0x910  StringUtils.o [1]
  .text               ro code  0x0802a4b0    0xb62  aes.o [7]
  .text               ro code  0x0802b014    0xf20  dhcp.o [7]
  .text               ro code  0x0802bf34     0x28  sys.o [7]
  .text               ro code  0x0802bf5c    0x650  dhcp_server.o [7]
  .text               ro code  0x0802c5ac     0x48  netifapi.o [7]
  .text               ro code  0x0802c5f4     0x5e  RingBufferUtils.o [1]
  .text               ro code  0x0802c654    0x3a8  mftest.o [7]
  .text               ro code  0x0802c9fc     0x14  tolower.o [5]
  .text               ro code  0x0802ca10    0x198  xstoul.o [5]
  .text               ro code  0x0802cba8    0x22c  stm32f4xx_rcc.o [1]
  .text               ro code  0x0802cdd4    0x25c  stm32f4xx_flash.o [1]
  .text               ro code  0x0802d030     0x2c  misc.o [1]
  .text               ro code  0x0802d05c     0x60  stm32f4xx_pwr.o [1]
  .text               ro code  0x0802d0bc     0x3a  ABImemset48.o [8]
  .text               ro code  0x0802d0f8    0x6ac  platform_gpio.o [1]
  .text               ro code  0x0802d7a4    0x818  platform_uart.o [1]
  .text               ro code  0x0802dfbc    0x894  paltform_rtc.o [1]
  .text               ro code  0x0802e850    0x4b4  mico_system_power_daemon.o [1]
  .text               ro code  0x0802ed04     0x24  dc_motor.o [1]
  .text               ro code  0x0802ed28     0xbc  rgb_led.o [1]
  .text               ro code  0x0802ede4    0x420  user_main.o [1]
  .text               ro code  0x0802f204   0x1674  MicoFogCloud.o [1]
  .text               ro code  0x08030878    0x608  mico_system_init.o [1]
  .text               ro code  0x08030e80    0x440  MICOBonjour.o [1]
  .text               ro code  0x080312c0    0x606  stm32f4xx_rtc.o [1]
  .text               ro code  0x080318c8     0x7c  stm32f4xx_exti.o [1]
  .text               ro code  0x08031944     0x78  platform_watchdog.o [1]
  .text               ro code  0x080319bc     0xec  micokit_ext.o [1]
  .text               ro code  0x08031aa8    0x220  platform_adc.o [1]
  .text               ro code  0x08031cc8    0x770  platform_i2c.o [1]
  .text               ro code  0x08032438    0x590  platform_spi.o [1]
  .text               ro code  0x080329c8    0xc64  platform_flash.o [1]
  .text               ro code  0x0803362c     0xbc  platform_nano_second.o [1]
  .text               ro code  0x080336e8     0x14  exit.o [9]
  .text               ro code  0x080336fc    0x15c  xsyslock_mtx.o [5]
  .text               ro code  0x08033858    0xeac  api_msg.o [7]
  .text               ro code  0x08034704     0x20  init.o [7]
  .text               ro code  0x08034724     0x64  stm32f4xx_sdio.o [1]
  .text               ro code  0x08034788    0x260  wwd_internal.o [7]
  .text               ro code  0x080349e8    0x2f4  wwd_firmware.o [7]
  .text               ro code  0x08034cdc     0x24  setlocale.o [5]
  .text               ro code  0x08034d00     0x60  xencoding_sb.o [5]
  .text               ro code  0x08034d60      0x2  I64DivZer.o [8]
  .text               ro code  0x08034d64     0xe8  DblAdd.o [6]
  .text               ro code  0x08034e4c     0x4c  wps_host.o [7]
  .text               ro code  0x08034e98     0x7a  CheckSumUtils.o [1]
  .text               ro code  0x08034f12     0x18  toupper.o [5]
  .text               ro code  0x08034f2a     0x3c  isxxx.o [5]
  .text               ro code  0x08034f66     0x16  strnlen.o [5]
  .text               ro code  0x08034f7c     0x44  logging.o [7]
  .text               ro code  0x08034fc0     0x8c  wiced_lib.o [7]
  .text               ro code  0x0803504c      0xc  xlocale_c.o [5]
  .text               ro code  0x08035058      0xc  errno.o [5]
  .text               ro code  0x08035064     0x9a  stm32f4xx_gpio.o [1]
  .text               ro code  0x08035100     0x28  stm32f4xx_syscfg.o [1]
  .text               ro code  0x08035128    0x1ea  stm32f4xx_usart.o [1]
  .text               ro code  0x08035314    0x1c8  stm32f4xx_dma.o [1]
  .text               ro code  0x080354dc    0x234  hsb2rgb_led.o [1]
  .text               ro code  0x08035710    0xa38  oled.o [1]
  .text               ro code  0x08036148    0xf2c  json_tokener.o [1]
  .text               ro code  0x08037074    0x5f0  json_object.o [1]
  .text               ro code  0x08037664   0x1944  fogCloud.o [1]
  .text               ro code  0x08038fa8   0x1a7c  MicoFogCloudConfigServer.o [1]
  .text               ro code  0x0803aa24   0x1280  MICOConfigDelegate.o [1]
  .text               ro code  0x0803bca4      0x6  ABImemclr.o [8]
  .text               ro code  0x0803bcac    0xf40  mico_cli.o [1]
  .text               ro code  0x0803cbec    0x77c  micokit_ext_mfg.o [1]
  .text               ro code  0x0803d368   0x1820  system_easylink.o [1]
  .text               ro code  0x0803eb88   0x1fb4  config_server.o [1]
  .text               ro code  0x08040b3c   0x10f8  mico_mdns.o [1]
  .text               ro code  0x08041c34     0x20  stm32f4xx_tim.o [1]
  .text               ro code  0x08041c54     0x38  light_sensor.o [1]
  .text               ro code  0x08041c8c     0x3a  infrared_reflective.o [1]
  .text               ro code  0x08041cc8    0x188  keys.o [1]
  .text               ro code  0x08041e50     0x30  temp_hum_sensor.o [1]
  .text               ro code  0x08041e80    0x13a  stm32f4xx_adc.o [1]
  .text               ro code  0x08041fbc    0x144  stm32f4xx_i2c.o [1]
  .text               ro code  0x08042100    0x13e  stm32f4xx_spi.o [1]
  .text               ro code  0x08042240    0x470  spi_flash.o [1]
  .text               ro code  0x080426b0     0x1c  iar_mutex.o [7]
  .text               ro code  0x080426cc     0x18  read_wifi_firmware.o [7]
  .text               ro code  0x080426e4     0x16  xlocale_c.o [5]
  .text               ro code  0x080426fa     0x24  xlocale_c.o [5]
  .text               ro code  0x0804271e     0x14  xlocale_c.o [5]
  .text               ro code  0x08042734    0x136  printbuf.o [1]
  .text               ro code  0x0804286a     0x4e  strncasecmp.o [5]
  .text               ro code  0x080428b8     0xe4  json_util.o [1]
  .text               ro code  0x0804299c     0x24  sscanf.o [5]
  .text               ro code  0x080429c0     0x18  strdup.o [5]
  .text               ro code  0x080429d8    0x34c  linkhash.o [1]
  .text               ro code  0x08042d24     0x20  DblCmpEq.o [6]
  .text               ro code  0x08042d44     0xd4  arraylist.o [1]
  .text               ro code  0x08042e18     0x14  FogCloudServiceVersion.o [4]
  .text               ro code  0x08042e2c   0x1078  FogCloudService.o [4]
  .text               ro code  0x08043ea4    0x9a6  md5.o [7]
  .text               ro code  0x0804484c   0x15ec  FogCloudUtils.o [4]
  .text               ro code  0x08045e38    0x384  SocketUtils.o [1]
  .text               ro code  0x080461bc    0x4dc  config_server_menu.o [1]
  .text               ro code  0x08046698    0x6b4  tftpc.o [2]
  .text               ro code  0x08046d4c    0xa68  tftp_ota.o [1]
  .text               ro code  0x080477b4     0x3c  vsnprint.o [5]
  .text               ro code  0x080477f0    0x510  bme280_user.o [1]
  .text               ro code  0x08047d00     0x4e  FltToDbl.o [6]
  .text               ro code  0x08047d4e    0x198  DHT11.o [1]
  .text               ro code  0x08047ee8      0x4  system_easylink_delegate.o [1]
  .text               ro code  0x08047eec   0x147c  HTTPUtils.o [1]
  .text               ro code  0x08049368     0x30  spi_flash_platform.o [1]
  .text               ro code  0x08049398     0x2c  vsprintf.o [5]
  .text               ro code  0x080493c4    0xcf4  xscanffull.o [5]
  .text               ro code  0x0804a0b8     0x18  vprintf.o [5]
  .text               ro code  0x0804a0d0      0x4  exit.o [5]
  .text               ro code  0x0804a0d4     0x28  strncat.o [5]
  .text               ro code  0x0804a0fc    0x5f8  FogCloudMQTTClient.o [4]
  .text               ro code  0x0804a6f4    0x16a  URLUtils.o [1]
  .text               ro code  0x0804a860    0x778  bme280.o [1]
  .text               ro code  0x0804afd8     0x40  xwctob.o [5]
  .text               ro code  0x0804b018     0xa4  xstoll.o [5]
  .text               ro code  0x0804b0bc    0x1b0  xstoull.o [5]
  .text               ro code  0x0804b26c    0x168  xstold.o [6]
  .text               ro code  0x0804b3d4     0x90  DblToFlt.o [6]
  .text               ro code  0x0804b464     0x12  cexit.o [8]
  .text               ro code  0x0804b478    0x2a6  MQTTMICO.o [4]
  .text               ro code  0x0804b720    0x6b0  MQTTClient.o [4]
  .text               ro code  0x0804bdd0    0x134  xstopfx.o [5]
  .text               ro code  0x0804bf04    0x1b8  xstoflt.o [5]
  .rodata             const    0x0804c0bc     0x4c  dns.o [7]
  .text               ro code  0x0804c108    0x200  xdtento.o [6]
  .text               ro code  0x0804c308    0x218  xstoxflt.o [5]
  .text               ro code  0x0804c520     0x58  xcloseall.o [5]
  .text               ro code  0x0804c578    0x1f4  MQTTPacket.o [4]
  .text               ro code  0x0804c76c    0x2e8  MQTTConnectClient.o [4]
  .text               ro code  0x0804ca54     0xf8  MQTTDeserializePublish.o [4]
  .text               ro code  0x0804cb4c    0x10c  MQTTSerializePublish.o [4]
  .text               ro code  0x0804cc58    0x138  MQTTSubscribeClient.o [4]
  .text               ro code  0x0804cd90     0x56  xdunscal.o [6]
  .text               ro code  0x0804cde6     0x7a  fclose.o [5]
  .text               ro code  0x0804ce60     0x14  Retarget.o [1]
  .text               ro code  0x0804ce74     0x7c  xfofind.o [5]
  .text               ro code  0x0804cef0     0xb0  fflush.o [5]
  .text               ro code  0x0804cfa0     0x1a  close.o [9]
  .text               ro code  0x0804cfba     0x16  remove.o [9]
  .text               ro code  0x0804cfd0     0xe0  XShHandles.o [5]
  .rodata             const    0x0804d0b0   0x1400  aes.o [7]
  .rodata             const    0x0804e4b0   0x1400  aes.o [7]
  .text               ro code  0x0804f8b0    0x3a4  hardfault.o [1]
  .rodata             const    0x0804fc54    0x35c  platform.o [1]
  .rodata             const    0x0804ffb0    0x30c  wwd_firmware.o [7]
  .rodata             const    0x080502bc    0x244  mico_cli.o [1]
  .rodata             const    0x08050500    0x218  MicoFogCloudConfigServer.o [1]
  .rodata             const    0x08050718    0x100  smart_config.o [7]
  .rodata             const    0x08050818    0x100  wwd_wifi.o [7]
  .text               ro code  0x08050918     0xd6  xfspos.o [5]
  .text               ro code  0x080509ee      0xc  xfgpos.o [5]
  .text               ro code  0x080509fa     0x4c  lseek.o [9]
  .text               ro code  0x08050a46     0xd2  packbits_init.o [8]
  .text               ro code  0x08050b18     0xb6  xfwprep.o [5]
  .text               ro code  0x08050bce     0x22  fseek.o [5]
  .rodata             const    0x08050bf0     0x98  config_server.o [1]
  .rodata             const    0x08050c88     0x68  wifimgr.o [7]
  .rodata             const    0x08050cf0     0x58  smart_config.o [7]
  .text               ro code  0x08050d48     0x56  fputc.o [5]
  .rodata             const    0x08050da0     0x4c  dns.o [7]
  .rodata             const    0x08050dec     0x48  tcp_in.o [7]
  .rodata             const    0x08050e34     0x44  tcp_in.o [7]
  .rodata             const    0x08050e78     0x40  sockets.o [7]
  .rodata             const    0x08050eb8     0x40  wifimgr.o [7]
  .rodata             const    0x08050ef8     0x40  wifimgr.o [7]
  .rodata             const    0x08050f38     0x40  udp.o [7]
  .rodata             const    0x08050f78     0x40  udp.o [7]
  .rodata             const    0x08050fb8     0x3c  wifimgr.o [7]
  .rodata             const    0x08050ff4     0x3c  wifimgr.o [7]
  .rodata             const    0x08051030     0x3c  wifimgr.o [7]
  .rodata             const    0x0805106c     0x38  wifimgr.o [7]
  .rodata             const    0x080510a4     0x38  wifimgr.o [7]
  .rodata             const    0x080510dc     0x38  memp.o [7]
  .rodata             const    0x08051114     0x34  smart_config.o [7]
  .rodata             const    0x08051148     0x30  wifimgr.o [7]
  .rodata             const    0x08051178     0x30  tcp_in.o [7]
  .rodata             const    0x080511a8     0x30  etharp.o [7]
  .rodata             const    0x080511d8     0x30  etharp.o [7]
  .rodata             const    0x08051208     0x30  aes.o [7]
  .rodata             const    0x08051238     0x2c  wifimgr.o [7]
  .rodata             const    0x08051264     0x2c  wifimgr.o [7]
  .rodata             const    0x08051290     0x2c  wifimgr.o [7]
  .rodata             const    0x080512bc     0x2c  mftest.o [7]
  .rodata             const    0x080512e8     0x2c  etharp.o [7]
  .rodata             const    0x08051314     0x28  wifimgr.o [7]
  .rodata             const    0x0805133c     0x28  wifimgr.o [7]
  .rodata             const    0x08051364     0x28  wifimgr.o [7]
  .rodata             const    0x0805138c     0x28  wifimgr.o [7]
  .rodata             const    0x080513b4     0x28  wifimgr.o [7]
  .rodata             const    0x080513dc     0x28  SDPCM.o [7]
  .rodata             const    0x08051404     0x28  mftest.o [7]
  .rodata             const    0x0805142c     0x28  smart_config.o [7]
  .rodata             const    0x08051454     0x28  aes.o [7]
  .text               ro code  0x0805147c     0x28  data_init.o [8]
  .rodata             const    0x080514a4     0x24  json_object.o [1]
  .rodata             const    0x080514c8     0x24  wifimgr.o [7]
  .rodata             const    0x080514ec     0x24  wifimgr.o [7]
  .rodata             const    0x08051510     0x24  wifimgr.o [7]
  .rodata             const    0x08051534     0x24  SDPCM.o [7]
  .rodata             const    0x08051558     0x24  memp.o [7]
  .rodata             const    0x0805157c     0x24  mftest.o [7]
  .rodata             const    0x080515a0     0x24  smart_config.o [7]
  .rodata             const    0x080515c4     0x24  smart_config.o [7]
  .rodata             const    0x080515e8     0x24  tcp_in.o [7]
  .rodata             const    0x0805160c     0x24  dhcp_server.o [7]
  .text               ro code  0x08051630     0x22  fpinit_M.o [6]
  .iar.init_table     const    0x08051654     0x2c  - Linker created -
  .rodata             const    0x08051680     0x20  wifimgr.o [7]
  .rodata             const    0x080516a0     0x20  wifimgr.o [7]
  .rodata             const    0x080516c0     0x20  wifimgr.o [7]
  .rodata             const    0x080516e0     0x20  wifimgr.o [7]
  .rodata             const    0x08051700     0x20  wifimgr.o [7]
  .rodata             const    0x08051720     0x20  wifimgr.o [7]
  .rodata             const    0x08051740     0x20  wifimgr.o [7]
  .rodata             const    0x08051760     0x20  memp.o [7]
  .rodata             const    0x08051780     0x20  memp.o [7]
  .rodata             const    0x080517a0     0x20  memp.o [7]
  .rodata             const    0x080517c0     0x20  mftest.o [7]
  .rodata             const    0x080517e0     0x20  mftest.o [7]
  .rodata             const    0x08051800     0x20  mftest.o [7]
  .rodata             const    0x08051820     0x20  smart_config.o [7]
  .rodata             const    0x08051840     0x20  dns.o [7]
  .rodata             const    0x08051860     0x20  wifi.o [7]
  .rodata             const    0x08051880     0x20  udp.o [7]
  .rodata             const    0x080518a0     0x20  dhcp_server.o [7]
  .rodata             const    0x080518c0     0x1c  mxchipWNET.o [7]
  .rodata             const    0x080518dc     0x1c  sockets.o [7]
  .rodata             const    0x080518f8     0x1c  wifimgr.o [7]
  .rodata             const    0x08051914     0x1c  wifimgr.o [7]
  .rodata             const    0x08051930     0x1c  wifimgr.o [7]
  .rodata             const    0x0805194c     0x1c  wifimgr.o [7]
  .rodata             const    0x08051968     0x1c  SDPCM.o [7]
  .rodata             const    0x08051984     0x1c  SDPCM.o [7]
  .rodata             const    0x080519a0     0x1c  mftest.o [7]
  .rodata             const    0x080519bc     0x1c  smart_config.o [7]
  .rodata             const    0x080519d8     0x1c  smart_config.o [7]
  .rodata             const    0x080519f4     0x1c  smart_config.o [7]
  .rodata             const    0x08051a10     0x1c  smart_config.o [7]
  .rodata             const    0x08051a2c     0x1c  wwd_wifi.o [7]
  .text               ro code  0x08051a48     0x1c  crt0_EWARM.o [1]
  .text               ro code  0x08051a64     0x1a  cmain.o [8]
  .rodata             const    0x08051a80     0x18  sockets.o [7]
  .rodata             const    0x08051a98     0x18  sockets.o [7]
  .rodata             const    0x08051ab0     0x18  sockets.o [7]
  .rodata             const    0x08051ac8     0x18  sockets.o [7]
  .rodata             const    0x08051ae0     0x18  wifimgr.o [7]
  .rodata             const    0x08051af8     0x18  wifimgr.o [7]
  .rodata             const    0x08051b10     0x18  wifimgr.o [7]
  .rodata             const    0x08051b28     0x18  wifimgr.o [7]
  .rodata             const    0x08051b40     0x18  wifimgr.o [7]
  .rodata             const    0x08051b58     0x18  wifimgr.o [7]
  .rodata             const    0x08051b70     0x18  wifimgr.o [7]
  .rodata             const    0x08051b88     0x18  wifimgr.o [7]
  .rodata             const    0x08051ba0     0x18  wifimgr.o [7]
  .rodata             const    0x08051bb8     0x18  wifimgr.o [7]
  .rodata             const    0x08051bd0     0x18  SDPCM.o [7]
  .rodata             const    0x08051be8     0x18  SDPCM.o [7]
  .rodata             const    0x08051c00     0x18  mftest.o [7]
  .rodata             const    0x08051c18     0x18  mftest.o [7]
  .rodata             const    0x08051c30     0x18  mftest.o [7]
  .rodata             const    0x08051c48     0x18  smart_config.o [7]
  .rodata             const    0x08051c60     0x18  smart_config.o [7]
  .rodata             const    0x08051c78     0x18  smart_config.o [7]
  .rodata             const    0x08051c90     0x18  smart_config.o [7]
  .rodata             const    0x08051ca8     0x18  smart_config.o [7]
  .rodata             const    0x08051cc0     0x18  smart_config.o [7]
  .rodata             const    0x08051cd8     0x18  smart_config.o [7]
  .rodata             const    0x08051cf0     0x18  smart_config.o [7]
  .rodata             const    0x08051d08     0x18  smart_config.o [7]
  .text               ro code  0x08051d20     0x16  xprout.o [5]
  .text               ro code  0x08051d38      0xc  putchar.o [5]
  .rodata             const    0x08051d44     0x14  wifimgr.o [7]
  .rodata             const    0x08051d58     0x14  wifimgr.o [7]
  .rodata             const    0x08051d6c     0x14  wifimgr.o [7]
  .rodata             const    0x08051d80     0x14  wifimgr.o [7]
  .rodata             const    0x08051d94     0x14  wifimgr.o [7]
  .rodata             const    0x08051da8     0x14  wifimgr.o [7]
  .rodata             const    0x08051dbc     0x14  wifimgr.o [7]
  .rodata             const    0x08051dd0     0x14  wifimgr.o [7]
  .rodata             const    0x08051de4     0x14  wifimgr.o [7]
  .rodata             const    0x08051df8     0x14  wifimgr.o [7]
  .rodata             const    0x08051e0c     0x14  wifimgr.o [7]
  .rodata             const    0x08051e20     0x14  wifimgr.o [7]
  .rodata             const    0x08051e34     0x14  wifimgr.o [7]
  .rodata             const    0x08051e48     0x14  wifimgr.o [7]
  .rodata             const    0x08051e5c     0x14  wifimgr.o [7]
  .rodata             const    0x08051e70     0x14  wifimgr.o [7]
  .rodata             const    0x08051e84     0x14  wifimgr.o [7]
  .rodata             const    0x08051e98     0x14  wifimgr.o [7]
  .rodata             const    0x08051eac     0x14  SDPCM.o [7]
  .rodata             const    0x08051ec0     0x14  SDPCM.o [7]
  .rodata             const    0x08051ed4     0x14  SDPCM.o [7]
  .rodata             const    0x08051ee8     0x14  mftest.o [7]
  .rodata             const    0x08051efc     0x14  mftest.o [7]
  .rodata             const    0x08051f10     0x14  tasks.o [7]
  .rodata             const    0x08051f24     0x14  tasks.o [7]
  .rodata             const    0x08051f38     0x14  smart_config.o [7]
  .rodata             const    0x08051f4c     0x14  smart_config.o [7]
  .rodata             const    0x08051f60     0x14  smart_config.o [7]
  .rodata             const    0x08051f74     0x14  smart_config.o [7]
  .rodata             const    0x08051f88     0x14  smart_config.o [7]
  .rodata             const    0x08051f9c     0x14  aes_wrap.o [7]
  .rodata             const    0x08051fb0     0x14  dns.o [7]
  .rodata             const    0x08051fc4     0x14  wwd_wifi.o [7]
  .rodata             const    0x08051fd8     0x14  wwd_wifi.o [7]
  .rodata             const    0x08051fec     0x14  wiced_network.o [7]
  .text               ro code  0x08052000     0x12  startup_stm32f411xe_IAR.o [1]
  .rodata             const    0x08052014     0x10  mico_config.o [1]
  .rodata             const    0x08052024     0x10  wiced_rtos.o [7]
  .rodata             const    0x08052034     0x10  wiced_rtos.o [7]
  .rodata             const    0x08052044     0x10  mxchipWNET.o [7]
  .rodata             const    0x08052054     0x10  mxchipWNET.o [7]
  .rodata             const    0x08052064     0x10  wifimgr.o [7]
  .rodata             const    0x08052074     0x10  wifimgr.o [7]
  .rodata             const    0x08052084     0x10  wifimgr.o [7]
  .rodata             const    0x08052094     0x10  wifimgr.o [7]
  .rodata             const    0x080520a4     0x10  wifimgr.o [7]
  .rodata             const    0x080520b4     0x10  wifimgr.o [7]
  .rodata             const    0x080520c4     0x10  wifimgr.o [7]
  .rodata             const    0x080520d4     0x10  wifimgr.o [7]
  .rodata             const    0x080520e4     0x10  wifimgr.o [7]
  .rodata             const    0x080520f4     0x10  wifimgr.o [7]
  .rodata             const    0x08052104     0x10  wifimgr.o [7]
  .rodata             const    0x08052114     0x10  wifimgr.o [7]
  .rodata             const    0x08052124     0x10  SDPCM.o [7]
  .rodata             const    0x08052134     0x10  memp.o [7]
  .rodata             const    0x08052144     0x10  memp.o [7]
  .rodata             const    0x08052154     0x10  memp.o [7]
  .rodata             const    0x08052164     0x10  memp.o [7]
  .rodata             const    0x08052174     0x10  memp.o [7]
  .rodata             const    0x08052184     0x10  memp.o [7]
  .rodata             const    0x08052194     0x10  mftest.o [7]
  .rodata             const    0x080521a4     0x10  mftest.o [7]
  .rodata             const    0x080521b4     0x10  smart_config.o [7]
  .rodata             const    0x080521c4     0x10  smart_config.o [7]
  .rodata             const    0x080521d4     0x10  smart_config.o [7]
  .rodata             const    0x080521e4     0x10  smart_config.o [7]
  .rodata             const    0x080521f4     0x10  smart_config.o [7]
  .rodata             const    0x08052204     0x10  smart_config.o [7]
  .rodata             const    0x08052214     0x10  smart_config.o [7]
  .rodata             const    0x08052224     0x10  smart_config.o [7]
  .rodata             const    0x08052234     0x10  smart_config.o [7]
  .rodata             const    0x08052244     0x10  dns.o [7]
  .rodata             const    0x08052254     0x10  tcp.o [7]
  .rodata             const    0x08052264     0x10  wwd_wifi.o [7]
  .rodata             const    0x08052274     0x10  wwd_wifi.o [7]
  .rodata             const    0x08052284     0x10  wwd_wifi.o [7]
  .rodata             const    0x08052294     0x10  wwd_wifi.o [7]
  .rodata             const    0x080522a4     0x10  wifi.o [7]
  .rodata             const    0x080522b4     0x10  lwiptcpip.o [7]
  .rodata             const    0x080522c4     0x10  wwd_ap.o [7]
  .rodata             const    0x080522d4     0x10  FogCloudMQTTClient.o [4]
  .rodata             const    0x080522e4      0xc  wiced_rtos.o [7]
  .rodata             const    0x080522f0      0xc  wifimgr.o [7]
  .rodata             const    0x080522fc      0xc  wifimgr.o [7]
  .rodata             const    0x08052308      0xc  wifimgr.o [7]
  .rodata             const    0x08052314      0xc  wifimgr.o [7]
  .rodata             const    0x08052320      0xc  wifimgr.o [7]
  .rodata             const    0x0805232c      0xc  wifimgr.o [7]
  .rodata             const    0x08052338      0xc  wifimgr.o [7]
  .rodata             const    0x08052344      0xc  wifimgr.o [7]
  .rodata             const    0x08052350      0xc  wifimgr.o [7]
  .rodata             const    0x0805235c      0xc  wifimgr.o [7]
  .rodata             const    0x08052368      0xc  wifimgr.o [7]
  .rodata             const    0x08052374      0xc  wifimgr.o [7]
  .rodata             const    0x08052380      0xc  memp.o [7]
  .rodata             const    0x0805238c      0xc  memp.o [7]
  .rodata             const    0x08052398      0xc  memp.o [7]
  .rodata             const    0x080523a4      0xc  smart_config.o [7]
  .rodata             const    0x080523b0      0xc  smart_config.o [7]
  .rodata             const    0x080523bc      0xc  smart_config.o [7]
  .rodata             const    0x080523c8      0xc  smart_config.o [7]
  .rodata             const    0x080523d4      0xc  smart_config.o [7]
  .rodata             const    0x080523e0      0xc  smart_config.o [7]
  .rodata             const    0x080523ec      0xc  smart_config.o [7]
  .rodata             const    0x080523f8      0xc  smart_config.o [7]
  .rodata             const    0x08052404      0xc  smart_config.o [7]
  .rodata             const    0x08052410      0xc  smart_config.o [7]
  .rodata             const    0x0805241c      0xc  smart_config.o [7]
  .rodata             const    0x08052428      0xc  smart_config.o [7]
  .rodata             const    0x08052434      0xc  smart_config.o [7]
  .rodata             const    0x08052440      0xc  smart_config.o [7]
  .rodata             const    0x0805244c      0xc  smart_config.o [7]
  .rodata             const    0x08052458      0xc  smart_config.o [7]
  .rodata             const    0x08052464      0xc  smart_config.o [7]
  .rodata             const    0x08052470      0xc  smart_config.o [7]
  .rodata             const    0x0805247c      0xc  smart_config.o [7]
  .rodata             const    0x08052488      0xc  smart_config.o [7]
  .rodata             const    0x08052494      0xc  smart_config.o [7]
  .rodata             const    0x080524a0      0xc  smart_config.o [7]
  .rodata             const    0x080524ac      0xc  smart_config.o [7]
  .rodata             const    0x080524b8      0xc  smart_config.o [7]
  .rodata             const    0x080524c4      0xc  smart_config.o [7]
  .rodata             const    0x080524d0      0xc  smart_config.o [7]
  .rodata             const    0x080524dc      0xc  smart_config.o [7]
  .rodata             const    0x080524e8      0xc  dns.o [7]
  .rodata             const    0x080524f4      0xc  dns.o [7]
  .rodata             const    0x08052500      0xc  dns.o [7]
  .rodata             const    0x0805250c      0xc  wwd_wifi.o [7]
  .rodata             const    0x08052518      0xc  wwd_wifi.o [7]
  .rodata             const    0x08052524      0xc  wwd_wifi.o [7]
  .rodata             const    0x08052530      0xc  wwd_wifi.o [7]
  .rodata             const    0x0805253c      0xc  tcp_in.o [7]
  .rodata             const    0x08052548      0xc  wwd_management.o [7]
  .rodata             const    0x08052554      0xc  wwd_management.o [7]
  .rodata             const    0x08052560      0xc  dns_redirect.o [7]
  .rodata             const    0x0805256c      0xc  dns_redirect.o [7]
  .rodata             const    0x08052578      0xc  wwd_ap.o [7]
  .rodata             const    0x08052584      0xc  wwd_ap.o [7]
  .rodata             const    0x08052590      0xc  wwd_ap.o [7]
  .rodata             const    0x0805259c      0xc  wwd_internal.o [7]
  .rodata             const    0x080525a8      0xc  dhcp_server.o [7]
  .rodata             const    0x080525b4      0xc  wiced_lib.o [7]
  .text               ro code  0x080525c0      0xc  cstartup_M.o [8]
  .rodata             const    0x080525cc      0x8  sockets.o [7]
  .rodata             const    0x080525d4      0x8  sockets.o [7]
  .rodata             const    0x080525dc      0x8  sockets.o [7]
  .rodata             const    0x080525e4      0x8  sockets.o [7]
  .rodata             const    0x080525ec      0x8  sockets.o [7]
  .rodata             const    0x080525f4      0x8  sockets.o [7]
  .rodata             const    0x080525fc      0x8  wifimgr.o [7]
  .rodata             const    0x08052604      0x8  wifimgr.o [7]
  .rodata             const    0x0805260c      0x8  wifimgr.o [7]
  .rodata             const    0x08052614      0x8  wifimgr.o [7]
  .rodata             const    0x0805261c      0x8  wifimgr.o [7]
  .rodata             const    0x08052624      0x8  wifimgr.o [7]
  .rodata             const    0x0805262c      0x8  wifimgr.o [7]
  .rodata             const    0x08052634      0x8  wifimgr.o [7]
  .rodata             const    0x0805263c      0x8  wifimgr.o [7]
  .rodata             const    0x08052644      0x8  wifimgr.o [7]
  .rodata             const    0x0805264c      0x8  wifimgr.o [7]
  .rodata             const    0x08052654      0x8  wifimgr.o [7]
  .rodata             const    0x0805265c      0x8  wifimgr.o [7]
  .rodata             const    0x08052664      0x8  wifimgr.o [7]
  .rodata             const    0x0805266c      0x8  SDPCM.o [7]
  .rodata             const    0x08052674      0x8  memp.o [7]
  .rodata             const    0x0805267c      0x8  memp.o [7]
  .rodata             const    0x08052684      0x8  memp.o [7]
  .rodata             const    0x0805268c      0x8  memp.o [7]
  .rodata             const    0x08052694      0x8  memp.o [7]
  .rodata             const    0x0805269c      0x8  memp.o [7]
  .rodata             const    0x080526a4      0x8  memp.o [7]
  .rodata             const    0x080526ac      0x8  memp.o [7]
  .rodata             const    0x080526b4      0x8  wwd_thread.o [7]
  .rodata             const    0x080526bc      0x8  ostimers.o [7]
  .rodata             const    0x080526c4      0x8  tasks.o [7]
  .rodata             const    0x080526cc      0x8  smart_config.o [7]
  .rodata             const    0x080526d4      0x8  smart_config.o [7]
  .rodata             const    0x080526dc      0x8  smart_config.o [7]
  .rodata             const    0x080526e4      0x8  dns.o [7]
  .rodata             const    0x080526ec      0x8  dns.o [7]
  .rodata             const    0x080526f4      0x8  tcp.o [7]
  .rodata             const    0x080526fc      0x8  wwd_wifi.o [7]
  .rodata             const    0x08052704      0x8  wwd_wifi.o [7]
  .rodata             const    0x0805270c      0x8  wwd_wifi.o [7]
  .rodata             const    0x08052714      0x8  wwd_wifi.o [7]
  .rodata             const    0x0805271c      0x8  wwd_wifi.o [7]
  .rodata             const    0x08052724      0x8  tcp_in.o [7]
  .rodata             const    0x0805272c      0x8  tcp_in.o [7]
  .rodata             const    0x08052734      0x8  tcp_in.o [7]
  .rodata             const    0x0805273c      0x8  tcp_in.o [7]
  .rodata             const    0x08052744      0x8  wwd_management.o [7]
  .rodata             const    0x0805274c      0x8  wwd_management.o [7]
  .rodata             const    0x08052754      0x8  etharp.o [7]
  .rodata             const    0x0805275c      0x8  etharp.o [7]
  .rodata             const    0x08052764      0x8  etharp.o [7]
  .rodata             const    0x0805276c      0x8  etharp.o [7]
  .rodata             const    0x08052774      0x8  wiced_network.o [7]
  .rodata             const    0x0805277c      0x8  wwd_ap.o [7]
  .rodata             const    0x08052784      0x8  wwd_network.o [7]
  .rodata             const    0x0805278c      0x8  dhcp_server.o [7]
  .rodata             const    0x08052794      0x8  dhcp_server.o [7]
  .rodata             const    0x0805279c      0x8  dhcp_server.o [7]
  .rodata             const    0x080527a4      0x8  dhcp_server.o [7]
  .text               ro code  0x080527ac      0x8  startup_stm32f411xe_IAR.o [1]
  .rodata             const    0x080527b4      0x4  smart_config.o [7]
  .rodata             const    0x080527b8      0x4  smart_config.o [7]
  .rodata             const    0x080527bc      0x4  ip_addr.o [7]
  .rodata             const    0x080527c0      0x4  ip_addr.o [7]
  .rodata             const    0x080527c4      0x4  dhcp_server.o [7]
  .rodata             const    0x080527c8      0x4  dhcp_server.o [7]
  .rodata             const    0x080527cc      0x4  dhcp_server.o [7]
  .rodata             const    0x080527d0      0x4  dhcp_server.o [7]
  .rodata             const    0x080527d4      0x4  dhcp_server.o [7]
  .text               ro code  0x080527d8      0x4  startup_stm32f411xe_IAR.o [1]
  .text               ro code  0x080527dc      0x4  startup_stm32f411xe_IAR.o [1]
  .text               ro code  0x080527e0      0x4  startup_stm32f411xe_IAR.o [1]
  .text               ro code  0x080527e4      0x4  startup_stm32f411xe_IAR.o [1]
  .text               ro code  0x080527e8      0x4  startup_stm32f411xe_IAR.o [1]
  .text               ro code  0x080527ec      0x4  startup_stm32f411xe_IAR.o [1]
  .text               ro code  0x080527f0      0x4  startup_stm32f411xe_IAR.o [1]
  .text               ro code  0x080527f4      0x4  startup_stm32f411xe_IAR.o [1]
  .text               ro code  0x080527f8      0x4  startup_stm32f411xe_IAR.o [1]
  .text               ro code  0x080527fc      0x4  startup_stm32f411xe_IAR.o [1]
  .text               ro code  0x08052800      0x4  startup_stm32f411xe_IAR.o [1]
  .text               ro code  0x08052804      0x4  startup_stm32f411xe_IAR.o [1]
  .text               ro code  0x08052808      0x4  startup_stm32f411xe_IAR.o [1]
  .text               ro code  0x0805280c      0x4  startup_stm32f411xe_IAR.o [1]
  .text               ro code  0x08052810      0x4  startup_stm32f411xe_IAR.o [1]
  .text               ro code  0x08052814      0x4  startup_stm32f411xe_IAR.o [1]
  .text               ro code  0x08052818      0x4  startup_stm32f411xe_IAR.o [1]
  .text               ro code  0x0805281c      0x4  startup_stm32f411xe_IAR.o [1]
  .text               ro code  0x08052820      0x4  startup_stm32f411xe_IAR.o [1]
  .text               ro code  0x08052824      0x4  startup_stm32f411xe_IAR.o [1]
  .text               ro code  0x08052828      0x4  startup_stm32f411xe_IAR.o [1]
  .text               ro code  0x0805282c      0x4  startup_stm32f411xe_IAR.o [1]
  .text               ro code  0x08052830      0x4  startup_stm32f411xe_IAR.o [1]
  .text               ro code  0x08052834      0x4  startup_stm32f411xe_IAR.o [1]
  .text               ro code  0x08052838      0x4  startup_stm32f411xe_IAR.o [1]
  .text               ro code  0x0805283c      0x4  startup_stm32f411xe_IAR.o [1]
  .text               ro code  0x08052840      0x4  startup_stm32f411xe_IAR.o [1]
  .text               ro code  0x08052844      0x4  startup_stm32f411xe_IAR.o [1]
  .text               ro code  0x08052848      0x4  startup_stm32f411xe_IAR.o [1]
  .text               ro code  0x0805284c      0x4  startup_stm32f411xe_IAR.o [1]
  .text               ro code  0x08052850      0x4  startup_stm32f411xe_IAR.o [1]
  .text               ro code  0x08052854      0x4  startup_stm32f411xe_IAR.o [1]
  .text               ro code  0x08052858      0x4  startup_stm32f411xe_IAR.o [1]
  .text               ro code  0x0805285c      0x4  startup_stm32f411xe_IAR.o [1]
  .text               ro code  0x08052860      0x4  startup_stm32f411xe_IAR.o [1]
  .text               ro code  0x08052864      0x4  startup_stm32f411xe_IAR.o [1]
  .text               ro code  0x08052868      0x4  startup_stm32f411xe_IAR.o [1]
  .text               ro code  0x0805286c      0x4  startup_stm32f411xe_IAR.o [1]
  .text               ro code  0x08052870      0x4  startup_stm32f411xe_IAR.o [1]
  .text               ro code  0x08052874      0x4  startup_stm32f411xe_IAR.o [1]
  .text               ro code  0x08052878      0x4  startup_stm32f411xe_IAR.o [1]
  .text               ro code  0x0805287c      0x4  startup_stm32f411xe_IAR.o [1]
  .text               ro code  0x08052880      0x4  startup_stm32f411xe_IAR.o [1]
  .text               ro code  0x08052884      0x4  startup_stm32f411xe_IAR.o [1]
  .text               ro code  0x08052888      0x4  startup_stm32f411xe_IAR.o [1]
  .text               ro code  0x0805288c      0x4  startup_stm32f411xe_IAR.o [1]
  .text               ro code  0x08052890      0x4  startup_stm32f411xe_IAR.o [1]
  .text               ro code  0x08052894      0x4  startup_stm32f411xe_IAR.o [1]
  .text               ro code  0x08052898      0x0  cstart_clearlocks.o [8]
  .text               ro code  0x08052898      0x0  cstart_closeall.o [8]
  .rodata             const    0x08052898      0x0  zero_init3.o [8]
  .rodata             const    0x08052898      0x0  packbits_init.o [8]
  Initializer bytes   ro data  0x08052898    0x179  <for P2 s0>
                             - 0x08052a11  0x46879

"P2":                                      0x19538
  P2 s0                        0x20000000    0x3de  <Init block>
    __DLIB_PERTHREAD  inited   0x20000000     0x8c  rand.o [5]
    __DLIB_PERTHREAD  inited   0x2000008c     0x88  localeconv.o [5]
    __DLIB_PERTHREAD  inited   0x20000114     0x74  setlocale.o [5]
    .data             inited   0x20000188     0x44  bme280_user.o [1]
    .data             inited   0x200001cc     0x40  memp.o [7]
    .data             inited   0x2000020c     0x40  xfiles.o [5]
    .data             inited   0x2000024c     0x40  xfiles.o [5]
    .data             inited   0x2000028c     0x40  xfiles.o [5]
    .data             inited   0x200002cc     0x24  platform_mcu_powersave.o [1]
    .data             inited   0x200002f0     0x20  mico_mdns.o [1]
    .data             inited   0x20000310     0x20  xfiles.o [5]
    .data             inited   0x20000330     0x14  FogCloudUtils.o [4]
    .data             inited   0x20000344     0x10  stm32f4xx_rcc.o [1]
    .data             inited   0x20000354     0x10  tcp.o [7]
    .data             inited   0x20000364      0xc  wwd_internal.o [7]
    .data             inited   0x20000370      0x8  MicoFogCloudConfigServer.o [1]
    .data             inited   0x20000378      0x8  paltform_rtc.o [1]
    .data             inited   0x20000380      0x4  json_object.o [1]
    .data             inited   0x20000384      0x4  json_object.o [1]
    .data             inited   0x20000388      0x4  json_tokener.o [1]
    .data             inited   0x2000038c      0x4  mico_config.o [1]
    .data             inited   0x20000390      0x4  mico_config.o [1]
    .data             inited   0x20000394      0x4  wifimgr.o [7]
    .data             inited   0x20000398      0x4  wifimgr.o [7]
    .data             inited   0x2000039c      0x4  wifimgr.o [7]
    .data             inited   0x200003a0      0x4  wifimgr.o [7]
    .data             inited   0x200003a4      0x4  wifimgr.o [7]
    .data             inited   0x200003a8      0x4  SDPCM.o [7]
    .data             inited   0x200003ac      0x4  port.o [7]
    .data             inited   0x200003b0      0x4  mftest.o [7]
    .data             inited   0x200003b4      0x4  mftest.o [7]
    .data             inited   0x200003b8      0x4  wwd_rtos.o [7]
    .data             inited   0x200003bc      0x4  tasks.o [7]
    .data             inited   0x200003c0      0x4  smart_config.o [7]
    .data             inited   0x200003c4      0x4  tcp.o [7]
    .data             inited   0x200003c8      0x4  wwd_firmware.o [7]
    .data             inited   0x200003cc      0x4  wifi.o [7]
    .data             inited   0x200003d0      0x4  wwd_ap.o [7]
    .data             inited   0x200003d4      0x4  dhcp.o [7]
    __DLIB_PERTHREAD  inited   0x200003d8      0x4  errno.o [5]
    .data             inited   0x200003dc      0x1  platform_spi.o [1]
    .data             inited   0x200003dd      0x1  smart_config.o [7]
  .bss                zero     0x200003e0   0x517c  memp.o [7]
  .bss                zero     0x2000555c    0x818  wlan_bus_sdio.o [1]
  .bss                zero     0x20005d74    0x500  smart_config.o [7]
  .bss                zero     0x20006274    0x460  dns.o [7]
  .bss                zero     0x200066d4     0x64  dhcp_server.o [7]
  .bss                zero     0x20006738    0x338  fogCloud.o [1]
  .bss                zero     0x20006a70    0x204  dns.o [7]
  .bss                zero     0x20006c74    0x1d8  dlmalloc.o [7]
  .bss                zero     0x20006e4c    0x180  sockets.o [7]
  .bss                zero     0x20006fcc    0x100  smart_config.o [7]
  .bss                zero     0x200070cc    0x100  smart_config.o [7]
  .bss                zero     0x200071cc     0xc8  tasks.o [7]
  .bss                zero     0x20007294     0xc0  platform_gpio.o [1]
  .bss                zero     0x20007354     0xa0  etharp.o [7]
  .bss                zero     0x200073f4     0x88  wiced_network.o [7]
  .bss                zero     0x2000747c     0x80  mico_mdns.o [1]
  .bss                zero     0x200074fc     0x80  XShHandles.o [5]
  .bss                zero     0x2000757c     0x70  wifimgr.o [7]
  .bss                zero     0x200075ec     0x60  sockets.o [7]
  .bss                zero     0x2000764c     0x60  FogCloudMQTTClient.o [4]
  .bss                zero     0x200076ac     0x58  mico_cli.o [1]
  .bss                zero     0x20007704     0x58  platform_init.o [1]
  .bss                zero     0x2000775c     0x50  mico_system_notification.o [1]
  .bss                zero     0x200077ac     0x50  platform.o [1]
  .bss                zero     0x200077fc     0x50  smart_config.o [7]
  .bss                zero     0x2000784c     0x50  xfiles.o [5]
  .bss                zero     0x2000789c     0x50  xfiles.o [5]
  .bss                zero     0x200078ec     0x44  FogCloudMQTTClient.o [4]
  .bss                zero     0x20007930     0x44  netif.o [7]
  .bss                zero     0x20007974     0x40  system_factory_test.o [1]
  .bss                zero     0x200079b4     0x40  memp.o [7]
  .bss                zero     0x200079f4     0x40  memp.o [7]
  .bss                zero     0x20007a34     0x40  smart_config.o [7]
  .bss                zero     0x20007a74     0x3c  wifimgr.o [7]
  .bss                zero     0x20007ab0     0x3c  wifimgr.o [7]
  .bss                zero     0x20007aec     0x3c  wifimgr.o [7]
  .bss                zero     0x20007b28     0x3c  wifimgr.o [7]
  .bss                zero     0x20007b64     0x3c  SDPCM.o [7]
  .bss                zero     0x20007ba0     0x3c  wiced_network.o [7]
  .bss                zero     0x20007bdc     0x38  wiced_network.o [7]
  .bss                zero     0x20007c14     0x38  xsyslock_mtx.o [5]
  .bss                zero     0x20007c4c     0x34  tasks.o [7]
  .bss                zero     0x20007c80     0x30  mftest.o [7]
  .bss                zero     0x20007cb0     0x30  mftest.o [7]
  .bss                zero     0x20007ce0     0x28  smart_config.o [7]
  .bss                zero     0x20007d08     0x28  dnsclient.o [7]
  .bss                zero     0x20007d30     0x28  wiced_ping.o [7]
  .bss                zero     0x20007d58     0x28  dhcp.o [7]
  .bss                zero     0x20007d80     0x24  mico_platform_common.o [1]
  .bss                zero     0x20007da4     0x24  wifimgr.o [7]
  .bss                zero     0x20007dc8     0x20  config_server.o [1]
  .bss                zero     0x20007de8     0x20  smart_config.o [7]
  .bss                zero     0x20007e08     0x20  wiced_network.o [7]
  .bss                zero     0x20007e28     0x20  dhcp_server.o [7]
  .bss                zero     0x20007e48     0x18  platform.o [1]
  .bss                zero     0x20007e60     0x18  mftest.o [7]
  .bss                zero     0x20007e78     0x18  dlmalloc.o [7]
  .bss                zero     0x20007e90     0x14  wifimgr.o [7]
  .bss                zero     0x20007ea4     0x14  mftest.o [7]
  .bss                zero     0x20007eb8     0x14  ostimers.o [7]
  .bss                zero     0x20007ecc     0x14  ostimers.o [7]
  .bss                zero     0x20007ee0     0x14  tasks.o [7]
  .bss                zero     0x20007ef4     0x14  tasks.o [7]
  .bss                zero     0x20007f08     0x14  tasks.o [7]
  .bss                zero     0x20007f1c     0x14  tasks.o [7]
  .bss                zero     0x20007f30     0x14  tasks.o [7]
  .bss                zero     0x20007f44     0x14  tcp_in.o [7]
  .bss                zero     0x20007f58     0x14  wiced_network.o [7]
  .bss                zero     0x20007f6c     0x14  wiced_network.o [7]
  .bss                zero     0x20007f80     0x10  keys.o [1]
  .bss                zero     0x20007f90     0x10  keys.o [1]
  .bss                zero     0x20007fa0     0x10  MicoFogCloud.o [1]
  .bss                zero     0x20007fb0     0x10  paltform_rtc.o [1]
  .bss                zero     0x20007fc0     0x10  platform.o [1]
  .bss                zero     0x20007fd0     0x10  platform_watchdog.o [1]
  .bss                zero     0x20007fe0     0x10  mxchipWNET.o [7]
  .bss                zero     0x20007ff0     0x10  smart_config.o [7]
  .bss                zero     0x20008000     0x10  ip_addr.o [7]
  .bss                zero     0x20008010      0xc  MICOConfigDelegate.o [1]
  .bss                zero     0x2000801c      0xc  platform_flash.o [1]
  .bss                zero     0x20008028      0xc  platform_nano_second.o [1]
  .bss                zero     0x20008034      0xc  system_easylink.o [1]
  .bss                zero     0x20008040      0xc  smart_config.o [7]
  .bss                zero     0x2000804c      0xc  dhcp.o [7]
  .bss                zero     0x20008058      0x8  micokit_ext_mfg.o [1]
  .bss                zero     0x20008060      0x8  platform.o [1]
  .bss                zero     0x20008068      0x8  wiced_rtos.o [7]
  .bss                zero     0x20008070      0x8  wifimgr.o [7]
  .bss                zero     0x20008078      0x8  wifimgr.o [7]
  .bss                zero     0x20008080      0x8  FogCloudService.o [4]
  .bss                zero     0x20008088      0x8  smart_config.o [7]
  .bss                zero     0x20008090      0x8  smart_config.o [7]
  .bss                zero     0x20008098      0x8  smart_config.o [7]
  .bss                zero     0x200080a0      0x8  dns.o [7]
  .bss                zero     0x200080a8      0x8  wifi.o [7]
  .bss                zero     0x200080b0      0x8  wwd_management.o [7]
  .bss                zero     0x200080b8      0x4  bme280.o [1]
  .bss                zero     0x200080bc      0x4  mico_config.o [1]
  .bss                zero     0x200080c0      0x4  mico_system_init.o [1]
  .bss                zero     0x200080c4      0x4  mico_system_para_storage.o [1]
  .bss                zero     0x200080c8      0x4  MICOAppEntrance.o [1]
  .bss                zero     0x200080cc      0x4  platform_mcu_powersave.o [1]
  .bss                zero     0x200080d0      0x4  tftp_ota.o [1]
  .bss                zero     0x200080d4      0x4  wlan_platform_common.o [1]
  .bss                zero     0x200080d8      0x4  wiced_rtos.o [7]
  .bss                zero     0x200080dc      0x4  wiced_rtos.o [7]
  .bss                zero     0x200080e0      0x4  wiced_rtos.o [7]
  .bss                zero     0x200080e4      0x4  mxchipWNET.o [7]
  .bss                zero     0x200080e8      0x4  mxchipWNET.o [7]
  .bss                zero     0x200080ec      0x4  mxchipWNET.o [7]
  .bss                zero     0x200080f0      0x4  mxchipWNET.o [7]
  .bss                zero     0x200080f4      0x4  mxchipWNET.o [7]
  .bss                zero     0x200080f8      0x4  mxchipWNET.o [7]
  .bss                zero     0x200080fc      0x4  sockets.o [7]
  .bss                zero     0x20008100      0x4  sockets.o [7]
  .bss                zero     0x20008104      0x4  sockets.o [7]
  .bss                zero     0x20008108      0x4  wifimgr.o [7]
  .bss                zero     0x2000810c      0x4  wifimgr.o [7]
  .bss                zero     0x20008110      0x4  wifimgr.o [7]
  .bss                zero     0x20008114      0x4  wifimgr.o [7]
  .bss                zero     0x20008118      0x4  wifimgr.o [7]
  .bss                zero     0x2000811c      0x4  wifimgr.o [7]
  .bss                zero     0x20008120      0x4  wifimgr.o [7]
  .bss                zero     0x20008124      0x4  wifimgr.o [7]
  .bss                zero     0x20008128      0x4  wifimgr.o [7]
  .bss                zero     0x2000812c      0x4  wifimgr.o [7]
  .bss                zero     0x20008130      0x4  wifimgr.o [7]
  .bss                zero     0x20008134      0x4  wifimgr.o [7]
  .bss                zero     0x20008138      0x4  SDPCM.o [7]
  .bss                zero     0x2000813c      0x4  SDPCM.o [7]
  .bss                zero     0x20008140      0x4  SDPCM.o [7]
  .bss                zero     0x20008144      0x4  SDPCM.o [7]
  .bss                zero     0x20008148      0x4  SDPCM.o [7]
  .bss                zero     0x2000814c      0x4  SDPCM.o [7]
  .bss                zero     0x20008150      0x4  SDPCM.o [7]
  .bss                zero     0x20008154      0x4  SDPCM.o [7]
  .bss                zero     0x20008158      0x4  SDPCM.o [7]
  .bss                zero     0x2000815c      0x4  mftest.o [7]
  .bss                zero     0x20008160      0x4  mftest.o [7]
  .bss                zero     0x20008164      0x4  mftest.o [7]
  .bss                zero     0x20008168      0x4  mftest.o [7]
  .bss                zero     0x2000816c      0x4  wwd_thread.o [7]
  .bss                zero     0x20008170      0x4  wwd_thread.o [7]
  .bss                zero     0x20008174      0x4  wwd_thread.o [7]
  .bss                zero     0x20008178      0x4  wwd_thread.o [7]
  .bss                zero     0x2000817c      0x4  ostimers.o [7]
  .bss                zero     0x20008180      0x4  ostimers.o [7]
  .bss                zero     0x20008184      0x4  ostimers.o [7]
  .bss                zero     0x20008188      0x4  ostimers.o [7]
  .bss                zero     0x2000818c      0x4  tasks.o [7]
  .bss                zero     0x20008190      0x4  tasks.o [7]
  .bss                zero     0x20008194      0x4  tasks.o [7]
  .bss                zero     0x20008198      0x4  tasks.o [7]
  .bss                zero     0x2000819c      0x4  tasks.o [7]
  .bss                zero     0x200081a0      0x4  tasks.o [7]
  .bss                zero     0x200081a4      0x4  tasks.o [7]
  .bss                zero     0x200081a8      0x4  tasks.o [7]
  .bss                zero     0x200081ac      0x4  tasks.o [7]
  .bss                zero     0x200081b0      0x4  tasks.o [7]
  .bss                zero     0x200081b4      0x4  tasks.o [7]
  .bss                zero     0x200081b8      0x4  tasks.o [7]
  .bss                zero     0x200081bc      0x4  tasks.o [7]
  .bss                zero     0x200081c0      0x4  tasks.o [7]
  .bss                zero     0x200081c4      0x4  smart_config.o [7]
  .bss                zero     0x200081c8      0x4  smart_config.o [7]
  .bss                zero     0x200081cc      0x4  smart_config.o [7]
  .bss                zero     0x200081d0      0x4  smart_config.o [7]
  .bss                zero     0x200081d4      0x4  smart_config.o [7]
  .bss                zero     0x200081d8      0x4  smart_config.o [7]
  .bss                zero     0x200081dc      0x4  smart_config.o [7]
  .bss                zero     0x200081e0      0x4  smart_config.o [7]
  .bss                zero     0x200081e4      0x4  smart_config.o [7]
  .bss                zero     0x200081e8      0x4  smart_config.o [7]
  .bss                zero     0x200081ec      0x4  smart_config.o [7]
  .bss                zero     0x200081f0      0x4  smart_config.o [7]
  .bss                zero     0x200081f4      0x4  smart_config.o [7]
  .bss                zero     0x200081f8      0x4  smart_config.o [7]
  .bss                zero     0x200081fc      0x4  smart_config.o [7]
  .bss                zero     0x20008200      0x4  smart_config.o [7]
  .bss                zero     0x20008204      0x4  smart_config.o [7]
  .bss                zero     0x20008208      0x4  smart_config.o [7]
  .bss                zero     0x2000820c      0x4  smart_config.o [7]
  .bss                zero     0x20008210      0x4  smart_config.o [7]
  .bss                zero     0x20008214      0x4  smart_config.o [7]
  .bss                zero     0x20008218      0x4  wps_host.o [7]
  .bss                zero     0x2000821c      0x4  wps_host.o [7]
  .bss                zero     0x20008220      0x4  dns.o [7]
  .bss                zero     0x20008224      0x4  dns.o [7]
  .bss                zero     0x20008228      0x4  tcp.o [7]
  .bss                zero     0x2000822c      0x4  tcp.o [7]
  .bss                zero     0x20008230      0x4  tcp.o [7]
  .bss                zero     0x20008234      0x4  tcp.o [7]
  .bss                zero     0x20008238      0x4  tcp.o [7]
  .bss                zero     0x2000823c      0x4  tcp.o [7]
  .bss                zero     0x20008240      0x4  tcp.o [7]
  .bss                zero     0x20008244      0x4  tcp.o [7]
  .bss                zero     0x20008248      0x4  wwd_wifi.o [7]
  .bss                zero     0x2000824c      0x4  wwd_wifi.o [7]
  .bss                zero     0x20008250      0x4  wwd_wifi.o [7]
  .bss                zero     0x20008254      0x4  wwd_wifi.o [7]
  .bss                zero     0x20008258      0x4  wwd_wifi.o [7]
  .bss                zero     0x2000825c      0x4  wifi.o [7]
  .bss                zero     0x20008260      0x4  wifi.o [7]
  .bss                zero     0x20008264      0x4  wifi.o [7]
  .bss                zero     0x20008268      0x4  wifi.o [7]
  .bss                zero     0x2000826c      0x4  wifi.o [7]
  .bss                zero     0x20008270      0x4  tcp_in.o [7]
  .bss                zero     0x20008274      0x4  tcp_in.o [7]
  .bss                zero     0x20008278      0x4  tcp_in.o [7]
  .bss                zero     0x2000827c      0x4  tcp_in.o [7]
  .bss                zero     0x20008280      0x4  tcp_in.o [7]
  .bss                zero     0x20008284      0x4  tcp_in.o [7]
  .bss                zero     0x20008288      0x4  igmp.o [7]
  .bss                zero     0x2000828c      0x4  igmp.o [7]
  .bss                zero     0x20008290      0x4  igmp.o [7]
  .bss                zero     0x20008294      0x4  igmp.o [7]
  .bss                zero     0x20008298      0x4  lwiptcpip.o [7]
  .bss                zero     0x2000829c      0x4  lwiptcpip.o [7]
  .bss                zero     0x200082a0      0x4  lwiptcpip.o [7]
  .bss                zero     0x200082a4      0x4  mxchip_debug.o [7]
  .bss                zero     0x200082a8      0x4  mxchip_debug.o [7]
  .bss                zero     0x200082ac      0x4  dnsclient.o [7]
  .bss                zero     0x200082b0      0x4  ip.o [7]
  .bss                zero     0x200082b4      0x4  ip.o [7]
  .bss                zero     0x200082b8      0x4  ip.o [7]
  .bss                zero     0x200082bc      0x4  ip.o [7]
  .bss                zero     0x200082c0      0x4  ip.o [7]
  .bss                zero     0x200082c4      0x4  udp.o [7]
  .bss                zero     0x200082c8      0x4  wiced_network.o [7]
  .bss                zero     0x200082cc      0x4  wiced_network.o [7]
  .bss                zero     0x200082d0      0x4  wwd_ap.o [7]
  .bss                zero     0x200082d4      0x4  wwd_internal.o [7]
  .bss                zero     0x200082d8      0x4  lwiptimers.o [7]
  .bss                zero     0x200082dc      0x4  lwiptimers.o [7]
  .bss                zero     0x200082e0      0x4  wiced_ping.o [7]
  .bss                zero     0x200082e4      0x4  netif.o [7]
  .bss                zero     0x200082e8      0x4  netif.o [7]
  .bss                zero     0x200082ec      0x4  raw.o [7]
  .bss                zero     0x200082f0      0x4  logging.o [7]
  .bss                zero     0x200082f4      0x4  logging.o [7]
  .bss                zero     0x200082f8      0x4  MQTTPacket.o [4]
  .bss                zero     0x200082fc      0x4  xgetmemchunk.o [5]
  .bss                zero     0x20008300      0x2  fogCloud.o [1]
  .bss                zero     0x20008302      0x2  SDPCM.o [7]
  .bss                zero     0x20008304      0x2  tcp.o [7]
  .bss                zero     0x20008306      0x2  tcp_in.o [7]
  .bss                zero     0x20008308      0x2  ip.o [7]
  .bss                zero     0x2000830a      0x2  wiced_network.o [7]
  .bss                zero     0x2000830c      0x2  wiced_ping.o [7]
  .bss                zero     0x2000830e      0x1  mico_system_power_daemon.o [1]
  .bss                zero     0x2000830f      0x1  printbuf.o [1]
  .bss                zero     0x20008310      0x1  temp_hum_sensor.o [1]
  .bss                zero     0x20008311      0x1  wifimgr.o [7]
  .bss                zero     0x20008312      0x1  wifimgr.o [7]
  .bss                zero     0x20008313      0x1  wifimgr.o [7]
  .bss                zero     0x20008314      0x1  SDPCM.o [7]
  .bss                zero     0x20008315      0x1  SDPCM.o [7]
  .bss                zero     0x20008316      0x1  SDPCM.o [7]
  .bss                zero     0x20008317      0x1  SDPCM.o [7]
  .bss                zero     0x20008318      0x1  SDPCM.o [7]
  .bss                zero     0x20008319      0x1  SDPCM.o [7]
  .bss                zero     0x2000831a      0x1  SDPCM.o [7]
  .bss                zero     0x2000831b      0x1  wwd_thread.o [7]
  .bss                zero     0x2000831c      0x1  wwd_thread.o [7]
  .bss                zero     0x2000831d      0x1  wwd_thread.o [7]
  .bss                zero     0x2000831e      0x1  smart_config.o [7]
  .bss                zero     0x2000831f      0x1  smart_config.o [7]
  .bss                zero     0x20008320      0x1  smart_config.o [7]
  .bss                zero     0x20008321      0x1  smart_config.o [7]
  .bss                zero     0x20008322      0x1  wps_host.o [7]
  .bss                zero     0x20008323      0x1  wps_host.o [7]
  .bss                zero     0x20008324      0x1  dns.o [7]
  .bss                zero     0x20008325      0x1  dns.o [7]
  .bss                zero     0x20008326      0x1  tcp.o [7]
  .bss                zero     0x20008327      0x1  wwd_wifi.o [7]
  .bss                zero     0x20008328      0x1  wwd_wifi.o [7]
  .bss                zero     0x20008329      0x1  wifi.o [7]
  .bss                zero     0x2000832a      0x1  tcp_in.o [7]
  .bss                zero     0x2000832b      0x1  tcp_in.o [7]
  .bss                zero     0x2000832c      0x1  etharp.o [7]
  .bss                zero     0x2000832d      0x1  wiced_network.o [7]
  .bss                zero     0x2000832e      0x1  wiced_network.o [7]
  .bss                zero     0x2000832f      0x1  wwd_ap.o [7]
  .bss                zero     0x20008330      0x1  wwd_bus_protocol.o [7]
  .bss                zero     0x20008331      0x1  wwd_bus_protocol.o [7]
  .bss                zero     0x20008332      0x1  netif.o [7]
  CSTACK                       0x20008338    0x200  <Block>
    CSTACK            uninit   0x20008338    0x200  <Block tail>
  HEAP                         0x20008538  0x11000  <Block>
    HEAP              uninit   0x20008538  0x11000  <Block tail>
                             - 0x20019538  0x19538


*******************************************************************************
*** INIT TABLE
***

[...]
wiced_abort_read        0x08027827    0x4e  Code  Gb  wwd_bus_protocol.o [7]
wiced_bus_allow_wlan_bus_to_sleep
                        0x08027945    0x22  Code  Gb  wwd_bus_protocol.o [7]
wiced_bus_deinit        0x08027361    0x14  Code  Gb  wwd_bus_protocol.o [7]
wiced_bus_ensure_wlan_bus_is_up
                        0x080278a7    0x72  Code  Gb  wwd_bus_protocol.o [7]
wiced_bus_flow_controlled
                        0x20008331     0x1  Data  Lc  wwd_bus_protocol.o [7]
wiced_bus_init          0x0802705d   0x304  Code  Gb  wwd_bus_protocol.o [7]
wiced_bus_interrupt     0x2000831d     0x1  Data  Lc  wwd_thread.o [7]
wiced_bus_is_flow_controlled
                        0x0802793f     0x6  Code  Gb  wwd_bus_protocol.o [7]
wiced_bus_poke_wlan     0x08027919     0xe  Code  Gb  wwd_bus_protocol.o [7]
wiced_bus_process_interrupt
                        0x08027375    0x22  Code  Gb  wwd_bus_protocol.o [7]
wiced_bus_set_flow_control
                        0x08027927    0x18  Code  Gb  wwd_bus_protocol.o [7]
wiced_bus_transfer_buffer
                        0x08027025    0x38  Code  Gb  wwd_bus_protocol.o [7]
wiced_bus_transfer_bytes
                        0x0802757d    0x16  Code  Gb  wwd_bus_protocol.o [7]
wiced_device_core_is_up
                        0x0803483d    0x5c  Code  Gb  wwd_internal.o [7]
wiced_dhcp_handle       0x20007ba0    0x3c  Data  Gb  wiced_network.o [7]
wiced_disable_device_core
                        0x08034899    0x9e  Code  Gb  wwd_internal.o [7]
wiced_dns_redirector_start
                        0x0801eb2d    0x42  Code  Gb  dns_redirect.o [7]
wiced_dns_redirector_stop
                        0x0801eb6f    0x30  Code  Gb  dns_redirect.o [7]
wiced_download_firmware
                        0x0802772d    0xfa  Code  Lc  wwd_bus_protocol.o [7]
wiced_get_available_bus_credits
                        0x0801cdd5     0xe  Code  Gb  SDPCM.o [7]
wiced_get_core_address  0x08034831     0xc  Code  Lc  wwd_internal.o [7]
wiced_get_ioctl_buffer  0x0801cc71    0x26  Code  Gb  SDPCM.o [7]
wiced_get_iovar_buffer  0x0801cc09    0x68  Code  Gb  SDPCM.o [7]
wiced_get_mac_addr      0x0801ae91    0x10  Code  Gb  wwd_management.o [7]
wiced_get_next_buffer_in_queue
                        0x0801ce73     0xa  Code  Lc  SDPCM.o [7]
wiced_get_packet_to_send
                        0x0801cc97   0x13a  Code  Gb  SDPCM.o [7]
wiced_gpio_input_get    0x080239c7    0x14  Code  Gb  mico_platform_common.o [1]
wiced_handle_apsta_event
                        0x0801ecf5    0x2e  Code  Lc  wwd_ap.o [7]
wiced_init              0x080146b9    0x84  Code  Gb  wifi.o [7]
wiced_init_sdpcm        0x0801c04d    0xe4  Code  Gb  SDPCM.o [7]
wiced_inited            0x2000831c     0x1  Data  Lc  wwd_thread.o [7]
wiced_initialised       0x20008329     0x1  Data  Lc  wifi.o [7]
wiced_ioctl_response    0x2000813c     0x4  Data  Lc  SDPCM.o [7]
wiced_ioctl_sleep       0x20008140     0x4  Data  Lc  SDPCM.o [7]
wiced_ip_broadcast      0x08051fec    0x14  Data  Gb  wiced_network.o [7]
wiced_ip_down           0x0801ea29    0x7e  Code  Gb  wiced_network.o [7]
wiced_ip_get_gateway_address
                        0x08017259    0x24  Code  Gb  tcpip.o [7]
wiced_ip_get_ipaddr     0x080172a1    0x56  Code  Gb  tcpip.o [7]
wiced_ip_get_ipv4_address
                        0x0801761b    0x24  Code  Gb  tcpip.o [7]
wiced_ip_get_netmask    0x0801727d    0x24  Code  Gb  tcpip.o [7]
wiced_ip_handle         0x200073f4    0x88  Data  Gb  wiced_network.o [7]
wiced_ip_up             0x0801e7b9   0x270  Code  Gb  wiced_network.o [7]
wiced_join_events_handler
                        0x080102bd   0x12a  Code  Lc  wwd_wifi.o [7]
wiced_join_status       0x20008254     0x4  Data  Gb  wwd_wifi.o [7]
wiced_mac_addr          0x200080b0     0x8  Data  Lc  wwd_management.o [7]
wiced_management_init   0x0801ac7d    0x1e  Code  Gb  wwd_management.o [7]
wiced_management_set_event_handler
                        0x0801ca55     0xa  Code  Gb  SDPCM.o [7]
wiced_management_wifi_off
                        0x0801ae41    0x50  Code  Gb  wwd_management.o [7]
wiced_management_wifi_on
                        0x0801ac9b   0x1a6  Code  Gb  wwd_management.o [7]
wiced_network_init      0x0801e705    0xa2  Code  Gb  wiced_network.o [7]
wiced_network_link_renew_handler
                        0x0801eaa7    0x18  Code  Gb  wiced_network.o [7]
wiced_network_send_ethernet_data
                        0x0801c1af    0x8a  Code  Gb  SDPCM.o [7]
wiced_networking_worker_thread
                        0x20008068     0x8  Data  Gb  wiced_rtos.o [7]
wiced_packet_create_tcp
                        0x080174eb    0x6c  Code  Gb  tcpip.o [7]
wiced_packet_create_udp
                        0x08017557    0x12  Code  Gb  tcpip.o [7]
wiced_packet_delete     0x08017569     0xa  Code  Gb  tcpip.o [7]
wiced_packet_get_data   0x080175a5    0x76  Code  Gb  tcpip.o [7]
wiced_packet_set_data_end
                        0x08017573    0x16  Code  Gb  tcpip.o [7]
wiced_ping              0x08017231    0x28  Code  Gb  tcpip.o [7]
wiced_ping_send         0x08024289    0x8c  Code  Gb  wiced_ping.o [7]
wiced_platform_notify_irq
                        0x08027acb    0x22  Code  Gb  wwd_thread.o [7]
wiced_process_bus_credit_update
                        0x0801c239    0x72  Code  Gb  SDPCM.o [7]
wiced_process_sdpcm     0x0801c2ab   0x492  Code  Gb  SDPCM.o [7]
wiced_quit_sdpcm        0x0801c131    0x4e  Code  Gb  SDPCM.o [7]
wiced_read_backplane_value
                        0x08027529    0x36  Code  Gb  wwd_bus_protocol.o [7]
wiced_read_frame        0x08027397   0x160  Code  Gb  wwd_bus_protocol.o [7]
wiced_read_register_value
                        0x08027875    0x32  Code  Lc  wwd_bus_protocol.o [7]
wiced_receive_one_packet
                        0x08027a6b    0x38  Code  Gb  wwd_thread.o [7]
wiced_reset_device_core
                        0x08034937    0x9e  Code  Gb  wwd_internal.o [7]
wiced_rtos_create_thread
                        0x080133e9    0x4e  Code  Gb  wiced_rtos.o [7]
wiced_rtos_create_worker_thread
                        0x08013683    0x5a  Code  Gb  wiced_rtos.o [7]
wiced_rtos_deinit_queue
                        0x080135c3     0xc  Code  Gb  wiced_rtos.o [7]
wiced_rtos_deinit_semaphore
                        0x0801354b    0x16  Code  Gb  wiced_rtos.o [7]
wiced_rtos_deinit_timer
                        0x08013645    0x22  Code  Gb  wiced_rtos.o [7]
wiced_rtos_delay_milliseconds
                        0x08013499     0xa  Code  Gb  wiced_rtos.o [7]
wiced_rtos_delete_thread
                        0x08013437    0x24  Code  Gb  wiced_rtos.o [7]
wiced_rtos_deregister_timed_event
                        0x08013725    0x24  Code  Gb  wiced_rtos.o [7]
wiced_rtos_get_semaphore
                        0x080134e3    0x22  Code  Gb  wiced_rtos.o [7]
wiced_rtos_init         0x080133c7    0x22  Code  Gb  wiced_rtos.o [7]
wiced_rtos_init_queue   0x08013561    0x1e  Code  Gb  wiced_rtos.o [7]
wiced_rtos_init_semaphore
                        0x080134c1    0x22  Code  Gb  wiced_rtos.o [7]
wiced_rtos_init_timer   0x080135e5    0x36  Code  Gb  wiced_rtos.o [7]
wiced_rtos_is_current_thread
                        0x08013475    0x18  Code  Gb  wiced_rtos.o [7]
wiced_rtos_pop_from_queue
                        0x080135a1    0x22  Code  Gb  wiced_rtos.o [7]
wiced_rtos_push_to_queue
                        0x0801357f    0x22  Code  Gb  wiced_rtos.o [7]
wiced_rtos_register_timed_event
                        0x080136dd    0x48  Code  Gb  wiced_rtos.o [7]
wiced_rtos_send_asynchronous_event
                        0x08013749    0x14  Code  Gb  wiced_rtos.o [7]
wiced_rtos_set_semaphore
                        0x08013505    0x46  Code  Gb  wiced_rtos.o [7]
wiced_rtos_start_timer  0x0801361b    0x2a  Code  Gb  wiced_rtos.o [7]
wiced_rtos_thread_force_awake
                        0x0801348d     0xc  Code  Gb  wiced_rtos.o [7]
wiced_rtos_thread_join  0x0801345b    0x1a  Code  Gb  wiced_rtos.o [7]
wiced_sdio_redirect_oob_interrupt
                        0x08027967    0x36  Code  Lc  wwd_bus_protocol.o [7]
wiced_sdio_transfer     0x08027593    0x92  Code  Lc  wwd_bus_protocol.o [7]
wiced_sdpcm_ioctl_mutex
                        0x20008138     0x4  Data  Lc  SDPCM.o [7]
wiced_sdpcm_send_queue_head
                        0x2000814c     0x4  Data  Lc  SDPCM.o [7]
wiced_sdpcm_send_queue_mutex
                        0x20008148     0x4  Data  Lc  SDPCM.o [7]
wiced_sdpcm_send_queue_tail
                        0x20008150     0x4  Data  Lc  SDPCM.o [7]
wiced_send_ioctl        0x0801c741   0x314  Code  Gb  SDPCM.o [7]
wiced_send_iovar        0x0801c17f    0x30  Code  Gb  SDPCM.o [7]
wiced_send_one_packet   0x08027a2f    0x3c  Code  Gb  wwd_thread.o [7]
wiced_send_sdpcm_common
                        0x0801cde3    0x90  Code  Lc  SDPCM.o [7]
wiced_set_backplane_window
                        0x08034789    0xa8  Code  Gb  wwd_internal.o [7]
wiced_set_next_buffer_in_queue
                        0x0801ce7d     0xe  Code  Lc  SDPCM.o [7]
wiced_start_dhcp_server
                        0x0802bf75    0x58  Code  Gb  dhcp_server.o [7]
wiced_stop_dhcp         0x0801eabf     0x8  Code  Gb  wiced_network.o [7]
wiced_stop_dhcp_server  0x0802bfcd    0x2a  Code  Gb  dhcp_server.o [7]
wiced_tcp_bind          0x080173ff    0x4a  Code  Gb  tcpip.o [7]
wiced_tcp_connect       0x08017355    0xaa  Code  Gb  tcpip.o [7]
wiced_tcp_create_socket
                        0x080172f7    0x5e  Code  Gb  tcpip.o [7]
wiced_tcp_send_packet   0x08017449    0x20  Code  Gb  tcpip.o [7]
wiced_tcp_start_tls     0x080249ff     0x6  Code  Gb  mxchipbesl.o [7]
wiced_thread            0x20008174     0x4  Data  Lc  wwd_thread.o [7]
wiced_thread_func       0x08027b01   0x108  Code  Lc  wwd_thread.o [7]
wiced_thread_init       0x080279e1    0x4e  Code  Gb  wwd_thread.o [7]
wiced_thread_notify     0x08027aed    0x14  Code  Gb  wwd_thread.o [7]
wiced_thread_quit       0x08027aa3    0x28  Code  Gb  wwd_thread.o [7]
wiced_thread_quit_flag  0x2000831b     0x1  Data  Lc  wwd_thread.o [7]
wiced_time_get_time     0x080134a3    0x1e  Code  Gb  wiced_rtos.o [7]
wiced_time_offset       0x200080dc     0x4  Data  Lc  wiced_rtos.o [7]
wiced_tls_encrypt_packet
                        0x080249f9     0x6  Code  Gb  mxchipbesl.o [7]
wiced_transceive_semaphore
                        0x20008178     0x4  Data  Lc  wwd_thread.o [7]
wiced_udp_create_socket
                        0x0801763f    0x7c  Code  Gb  tcpip.o [7]
wiced_udp_delete_socket
                        0x08017775    0x1e  Code  Gb  tcpip.o [7]
wiced_udp_packet_get_info
                        0x08017589    0x1c  Code  Gb  tcpip.o [7]
wiced_udp_receive       0x08017737    0x3e  Code  Gb  tcpip.o [7]
wiced_udp_send          0x080176bb    0x7c  Code  Gb  tcpip.o [7]
wiced_using_dhcp        0x2000832d     0x1  Data  Lc  wiced_network.o [7]
wiced_wifi_add_packet_filter
                        0x080109dd    0x86  Code  Gb  wwd_wifi.o [7]
wiced_wifi_ap_is_up     0x2000832f     0x1  Data  Gb  wwd_ap.o [7]
wiced_wifi_disable_monitor_mode
                        0x08010895    0x5c  Code  Gb  wwd_wifi.o [7]
wiced_wifi_enable_monitor_mode
                        0x08010839    0x5c  Code  Gb  wwd_wifi.o [7]
wiced_wifi_enable_packet_filter
                        0x08010a9b     0xc  Code  Gb  wwd_wifi.o [7]
wiced_wifi_enable_powersave_with_throughput
                        0x080104e5    0x8a  Code  Gb  wwd_wifi.o [7]
wiced_wifi_get_ap_name  0x08010ae9    0x68  Code  Gb  wwd_wifi.o [7]
wiced_wifi_get_channel  0x08010921     0xc  Code  Gb  wwd_wifi.o [7]
wiced_wifi_get_mac_address
                        0x080103e7    0x4e  Code  Gb  wwd_wifi.o [7]
wiced_wifi_get_pmk      0x08010581    0x86  Code  Gb  wwd_wifi.o [7]
wiced_wifi_get_rssi     0x080107ed    0x4c  Code  Gb  wwd_wifi.o [7]
wiced_wifi_get_wifi_version
                        0x08010bad    0x52  Code  Gb  wwd_wifi.o [7]
wiced_wifi_is_packet_from_ap
                        0x0801f179     0xe  Code  Gb  wwd_ap.o [7]
wiced_wifi_is_ready_to_transceive
                        0x08010471    0x70  Code  Gb  wwd_wifi.o [7]
wiced_wifi_join         0x0800fc23   0x108  Code  Gb  wwd_wifi.o [7]
wiced_wifi_join_specific
                        0x0800fd2b   0x194  Code  Gb  wwd_wifi.o [7]
wiced_wifi_leave        0x08010255    0x66  Code  Gb  wwd_wifi.o [7]
wiced_wifi_prepare_join
                        0x0800febf   0x396  Code  Lc  wwd_wifi.o [7]
wiced_wifi_register_multicast_address
                        0x08010607    0xd0  Code  Gb  wwd_wifi.o [7]
wiced_wifi_remove_packet_filter
                        0x08010a6d    0x2e  Code  Gb  wwd_wifi.o [7]
wiced_wifi_scan         0x0800f78d   0x12c  Code  Gb  wwd_wifi.o [7]
wiced_wifi_scan_networks
                        0x0801473d   0x11c  Code  Gb  wifi.o [7]
wiced_wifi_set_channel  0x0801096b     0xc  Code  Gb  wwd_wifi.o [7]
wiced_wifi_set_down     0x080108f9    0x20  Code  Gb  wwd_wifi.o [7]
wiced_wifi_set_maxassoc
                        0x08010bff    0x2c  Code  Gb  wwd_wifi.o [7]
wiced_wifi_set_nmode    0x0801043d    0x2e  Code  Gb  wwd_wifi.o [7]
wiced_wifi_sleep_flag   0x200082d0     0x4  Data  Lc  wwd_ap.o [7]
wiced_wifi_start_ap     0x0801ed23   0x332  Code  Gb  wwd_ap.o [7]
wiced_wifi_stop_ap      0x0801f059    0xea  Code  Gb  wwd_ap.o [7]
wiced_wifi_stop_scan    0x0800f8b9    0x58  Code  Gb  wwd_wifi.o [7]
wiced_wifi_toggle_packet_filter
                        0x08010aa7    0x32  Code  Gb  wwd_wifi.o [7]
wiced_wifi_unregister_multicast_address
                        0x080106d7    0xf0  Code  Gb  wwd_wifi.o [7]
wiced_wlan_status       0x20000364     0xc  Data  Gb  wwd_internal.o [7]
wiced_write_backplane_value
                        0x080274f7    0x32  Code  Gb  wwd_bus_protocol.o [7]
wiced_write_register_value
                        0x0802755f    0x1e  Code  Gb  wwd_bus_protocol.o [7]
wiced_write_wifi_firmware_image
                        0x080349e9    0xbe  Code  Gb  wwd_firmware.o [7]
wiced_write_wifi_nvram_image
                        0x08034aa7   0x160  Code  Gb  wwd_firmware.o [7]
wifi_control_pins       0x0804ff68    0x10  Data  Gb  platform.o [1]
wifi_join_aping         0x20008328     0x1  Data  Lc  wwd_wifi.o [7]
wifi_mgmt_parse         0x0800e3cd   0x10c  Code  Lc  smart_config.o [7]
wifi_nvram_image        0x0804ffb0   0x30c  Data  Lc  wwd_firmware.o [7]
wifi_power_down         0x0800f193    0x26  Code  Gb  mxchipWNET.o [7]
wifi_power_is_down      0x200080e8     0x4  Data  Lc  mxchipWNET.o [7]
wifi_reboot_event       0x0800f3f9    0x16  Code  Gb  mico_system_notification.o [1]
wifi_reboot_only        0x080120a9    0x34  Code  Gb  wifimgr.o [7]
wifi_sdio_pins          0x0804ff78    0x38  Data  Gb  platform.o [1]
wifi_status_callback    0x0800ec2f    0x74  Code  Gb  mxchipWNET.o [7]
wifi_up                 0x200080d0     0x4  Data  Lc  tftp_ota.o [1]
wifidebug_Command       0x080127d9    0x70  Code  Gb  wifimgr.o [7]
wifimgr_debug_enable    0x08010c4d    0x1c  Code  Gb  wifimgr.o [7]
wifimgr_sem             0x20008118     0x4  Data  Lc  wifimgr.o [7]
wifimgr_thread          0x08012211   0x148  Code  Lc  wifimgr.o [7]
wifiscan_Command        0x08012891   0x268  Code  Gb  wifimgr.o [7]
wifistate_Command       0x080125f5   0x1dc  Code  Gb  wifimgr.o [7]
wlan_disconnect         0x080115d1    0x48  Code  Gb  wifimgr.o [7]
wlan_driver_version     0x0800f243     0xa  Code  Gb  mxchipWNET.o [7]
wlan_get_mac_address    0x08011f6b     0x8  Code  Gb  wifimgr.o [7]
wlan_init               0x0801207d    0x28  Code  Gb  wifimgr.o [7]
wlu_is_ali_ie           0x0800d7f3    0x36  Code  Lc  smart_config.o [7]
wlu_is_wpa_ie           0x08010b77    0x36  Code  Lc  wwd_wifi.o [7]
wlu_parse_tlvs          0x0800d7cd    0x26  Code  Lc  smart_config.o [7]
wlu_parse_tlvs          0x08010b51    0x26  Code  Lc  wwd_wifi.o [7]
work_mode               0x20008214     0x4  Data  Lc  smart_config.o [7]
worker_thread_main      0x08013667    0x1c  Code  Lc  wiced_rtos.o [7]
wps_running             0x20008323     0x1  Data  Lc  wps_host.o [7]
write                   0x0800f06d     0xa  Code  Gb  mxchipWNET.o [7]
writeCString            0x0804c667    0x38  Code  Gb  MQTTPacket.o [4]
writeChar               0x0804c647     0x4  Code  Gb  MQTTPacket.o [4]
writeInt                0x0804c64b    0x12  Code  Gb  MQTTPacket.o [4]
writeMQTTString         0x0804c69f    0x58  Code  Gb  MQTTPacket.o [4]
wwd_management_set_event_handler
                        0x0801ca5f   0x17e  Code  Gb  SDPCM.o [7]
wwd_thread_line         0x2000816c     0x4  Data  Gb  wwd_thread.o [7]
wwd_wifi_get_channel    0x0801092d    0x3e  Code  Gb  wwd_wifi.o [7]
wwd_wifi_set_channel    0x08010977    0x62  Code  Gb  wwd_wifi.o [7]
xActiveTimerList1       0x20007eb8    0x14  Data  Lc  ostimers.o [7]
xActiveTimerList2       0x20007ecc    0x14  Data  Lc  ostimers.o [7]
xDelayedTaskList1       0x20007ee0    0x14  Data  Lc  tasks.o [7]
xDelayedTaskList2       0x20007ef4    0x14  Data  Lc  tasks.o [7]
xMissedYield            0x200081b8     0x4  Data  Lc  tasks.o [7]
xNextTaskUnblockTime    0x200003bc     0x4  Data  Lc  tasks.o [7]
xNumOfOverflows         0x200081bc     0x4  Data  Lc  tasks.o [7]
xPendingReadyList       0x20007f08    0x14  Data  Lc  tasks.o [7]
xPortPendSVHandler      0x08023387          Code  Gb  portasm.o [7]
xPortStartScheduler     0x08022eab    0x3c  Code  Gb  port.o [7]
xPortSysTickHandler     0x08022f1d    0x1a  Code  Gb  port.o [7]
xQueueCreateCountingSemaphore
                        0x0802294f    0x14  Code  Gb  queue.o [7]
xQueueCreateMutex       0x080228f3    0x5c  Code  Gb  queue.o [7]
xQueueGenericCreate     0x08022875    0x7e  Code  Gb  queue.o [7]
xQueueGenericReceive    0x08022a8d   0x156  Code  Gb  queue.o [7]
xQueueGenericSend       0x08022963    0xd4  Code  Gb  queue.o [7]
xQueueGenericSendFromISR
                        0x08022a37    0x56  Code  Gb  queue.o [7]
xQueueIsQueueEmptyFromISR
                        0x08022d21     0xe  Code  Gb  queue.o [7]
xQueueIsQueueFullFromISR
                        0x08022d4d    0x10  Code  Gb  queue.o [7]
xSchedulerRunning       0x200081ac     0x4  Data  Lc  tasks.o [7]
xSuspendedTaskList      0x20007f30    0x14  Data  Lc  tasks.o [7]
xTaskCheckForTimeOut    0x0801423b    0x60  Code  Gb  tasks.o [7]
xTaskForceAwakeClearPending
                        0x08013db9     0xc  Code  Gb  tasks.o [7]
xTaskForceAwakePending  0x08013daf     0xa  Code  Gb  tasks.o [7]
xTaskGenericCreate      0x08013b11   0x130  Code  Gb  tasks.o [7]
xTaskGetCurrentTaskHandle
                        0x0801459b     0x6  Code  Gb  tasks.o [7]
xTaskGetCurrentThread   0x08013d5b     0x8  Code  Gb  tasks.o [7]
xTaskGetSchedulerState  0x080145a1    0x1c  Code  Gb  tasks.o [7]
xTaskGetTickCount       0x08013ef3    0x14  Code  Gb  tasks.o [7]
xTaskGetTickCountFromISR
                        0x08013f07    0x16  Code  Gb  tasks.o [7]
xTaskIsTaskFinished     0x08013ceb    0x70  Code  Gb  tasks.o [7]
xTaskRemoveFromEventList
                        0x080141c9    0x62  Code  Gb  tasks.o [7]
xTaskResumeAll          0x08013e21    0xd2  Code  Gb  tasks.o [7]
xTasksWaitingTermination
                        0x20007f1c    0x14  Data  Lc  tasks.o [7]
xTickCount              0x200081a0     0x4  Data  Lc  tasks.o [7]
xTimerCreate            0x08022faf    0x4c  Code  Gb  ostimers.o [7]
xTimerCreateTimerTask   0x08022f75    0x3a  Code  Gb  ostimers.o [7]
xTimerGenericCommand    0x08022ffb    0x52  Code  Gb  ostimers.o [7]
xTimerQueue             0x20008184     0x4  Data  Lc  ostimers.o [7]
xorbuf                  0x0802a50f    0x32  Code  Lc  aes.o [7]


[1] = F:\SDK_MiCOKit_v2.3.0.2\Build\Cloud_RGB_LED\MiCOKit-3165\obj_EWARM
[2] = F:\SDK_MiCOKit_v2.3.0.2\MICO\system\tftp_ota
[3] = command line
[4] = FogCloud_cm4_release.a
[5] = dl7M_tlf.a
[6] = m7M_tls.a
[7] = mxchipWNet_cm4f_sdio.a
[8] = rt7M_tl.a
[9] = shb_l.a

  268 476 bytes of readonly  code memory
   20 821 bytes of readonly  data memory
  103 731 bytes of readwrite data memory

Errors: none
Warnings: none
